Archive member included to satisfy reference by file (symbol)

d:/utils/mounriver/mounriver_studio2/resources/app/resources/win32/components/wch/toolchain/risc-v embedded gcc/bin/../lib/gcc/riscv-none-embed/8.2.0/rv32imacxw/ilp32\libgcc.a(_divdi3.o)
                              ./Peripheral/src/ch32v20x_usart.o (__divdi3)
d:/utils/mounriver/mounriver_studio2/resources/app/resources/win32/components/wch/toolchain/risc-v embedded gcc/bin/../lib/gcc/riscv-none-embed/8.2.0/rv32imacxw/ilp32\libgcc.a(_udivdi3.o)
                              ./Peripheral/src/ch32v20x_usart.o (__udivdi3)
d:/utils/mounriver/mounriver_studio2/resources/app/resources/win32/components/wch/toolchain/risc-v embedded gcc/bin/../lib/gcc/riscv-none-embed/8.2.0/rv32imacxw/ilp32\libgcc.a(save-restore.o)
                              ./FreeRTOS/timers.o (__riscv_save_10)
d:/utils/mounriver/mounriver_studio2/resources/app/resources/win32/components/wch/toolchain/risc-v embedded gcc/bin/../lib/gcc/riscv-none-embed/8.2.0/rv32imacxw/ilp32\libgcc.a(_clz.o)
                              d:/utils/mounriver/mounriver_studio2/resources/app/resources/win32/components/wch/toolchain/risc-v embedded gcc/bin/../lib/gcc/riscv-none-embed/8.2.0/rv32imacxw/ilp32\libgcc.a(_divdi3.o) (__clz_tab)
d:/utils/mounriver/mounriver_studio2/resources/app/resources/win32/components/wch/toolchain/risc-v embedded gcc/bin/../lib/gcc/riscv-none-embed/8.2.0/../../../../riscv-none-embed/lib/rv32imacxw/ilp32\libg_nano.a(lib_a-memcpy.o)
                              ./User/Io/GpioManager.o (memcpy)
d:/utils/mounriver/mounriver_studio2/resources/app/resources/win32/components/wch/toolchain/risc-v embedded gcc/bin/../lib/gcc/riscv-none-embed/8.2.0/../../../../riscv-none-embed/lib/rv32imacxw/ilp32\libg_nano.a(lib_a-memset.o)
                              ./User/Io/GpioManager.o (memset)
d:/utils/mounriver/mounriver_studio2/resources/app/resources/win32/components/wch/toolchain/risc-v embedded gcc/bin/../lib/gcc/riscv-none-embed/8.2.0/../../../../riscv-none-embed/lib/rv32imacxw/ilp32\libg_nano.a(lib_a-printf.o)
                              ./User/Io/GpioManager.o (printf)
d:/utils/mounriver/mounriver_studio2/resources/app/resources/win32/components/wch/toolchain/risc-v embedded gcc/bin/../lib/gcc/riscv-none-embed/8.2.0/../../../../riscv-none-embed/lib/rv32imacxw/ilp32\libg_nano.a(lib_a-puts.o)
                              ./main.o (puts)
d:/utils/mounriver/mounriver_studio2/resources/app/resources/win32/components/wch/toolchain/risc-v embedded gcc/bin/../lib/gcc/riscv-none-embed/8.2.0/../../../../riscv-none-embed/lib/rv32imacxw/ilp32\libg_nano.a(lib_a-strlen.o)
                              ./FreeRTOS/tasks.o (strlen)
d:/utils/mounriver/mounriver_studio2/resources/app/resources/win32/components/wch/toolchain/risc-v embedded gcc/bin/../lib/gcc/riscv-none-embed/8.2.0/../../../../riscv-none-embed/lib/rv32imacxw/ilp32\libg_nano.a(lib_a-wbuf.o)
                              d:/utils/mounriver/mounriver_studio2/resources/app/resources/win32/components/wch/toolchain/risc-v embedded gcc/bin/../lib/gcc/riscv-none-embed/8.2.0/../../../../riscv-none-embed/lib/rv32imacxw/ilp32\libg_nano.a(lib_a-puts.o) (__swbuf_r)
d:/utils/mounriver/mounriver_studio2/resources/app/resources/win32/components/wch/toolchain/risc-v embedded gcc/bin/../lib/gcc/riscv-none-embed/8.2.0/../../../../riscv-none-embed/lib/rv32imacxw/ilp32\libg_nano.a(lib_a-wsetup.o)
                              d:/utils/mounriver/mounriver_studio2/resources/app/resources/win32/components/wch/toolchain/risc-v embedded gcc/bin/../lib/gcc/riscv-none-embed/8.2.0/../../../../riscv-none-embed/lib/rv32imacxw/ilp32\libg_nano.a(lib_a-puts.o) (__swsetup_r)
d:/utils/mounriver/mounriver_studio2/resources/app/resources/win32/components/wch/toolchain/risc-v embedded gcc/bin/../lib/gcc/riscv-none-embed/8.2.0/../../../../riscv-none-embed/lib/rv32imacxw/ilp32\libg_nano.a(lib_a-fflush.o)
                              d:/utils/mounriver/mounriver_studio2/resources/app/resources/win32/components/wch/toolchain/risc-v embedded gcc/bin/../lib/gcc/riscv-none-embed/8.2.0/../../../../riscv-none-embed/lib/rv32imacxw/ilp32\libg_nano.a(lib_a-wbuf.o) (_fflush_r)
d:/utils/mounriver/mounriver_studio2/resources/app/resources/win32/components/wch/toolchain/risc-v embedded gcc/bin/../lib/gcc/riscv-none-embed/8.2.0/../../../../riscv-none-embed/lib/rv32imacxw/ilp32\libg_nano.a(lib_a-findfp.o)
                              d:/utils/mounriver/mounriver_studio2/resources/app/resources/win32/components/wch/toolchain/risc-v embedded gcc/bin/../lib/gcc/riscv-none-embed/8.2.0/../../../../riscv-none-embed/lib/rv32imacxw/ilp32\libg_nano.a(lib_a-printf.o) (__sinit)
d:/utils/mounriver/mounriver_studio2/resources/app/resources/win32/components/wch/toolchain/risc-v embedded gcc/bin/../lib/gcc/riscv-none-embed/8.2.0/../../../../riscv-none-embed/lib/rv32imacxw/ilp32\libg_nano.a(lib_a-fwalk.o)
[...]
Memory Configuration

Name             Origin             Length             Attributes
FLASH            0x0000000000000000 0x0000000000010000 xr
RAM              0x0000000020000000 0x0000000000005000 xrw
*default*        0x0000000000000000 0xffffffffffffffff

Linker script and memory map

LOAD ./User/Utils/TimerUtil.o
LOAD ./User/Io/GpioManager.o
LOAD ./User/ch32v20x_it.o
LOAD ./User/system_ch32v20x.o
LOAD ./Startup/startup_ch32v20x_D6.o
LOAD ./Peripheral/src/ch32v20x_adc.o
LOAD ./Peripheral/src/ch32v20x_bkp.o
LOAD ./Peripheral/src/ch32v20x_can.o
LOAD ./Peripheral/src/ch32v20x_crc.o
LOAD ./Peripheral/src/ch32v20x_dbgmcu.o
LOAD ./Peripheral/src/ch32v20x_dma.o
LOAD ./Peripheral/src/ch32v20x_exti.o
LOAD ./Peripheral/src/ch32v20x_flash.o
LOAD ./Peripheral/src/ch32v20x_gpio.o
LOAD ./Peripheral/src/ch32v20x_i2c.o
LOAD ./Peripheral/src/ch32v20x_iwdg.o
LOAD ./Peripheral/src/ch32v20x_misc.o
LOAD ./Peripheral/src/ch32v20x_opa.o
LOAD ./Peripheral/src/ch32v20x_pwr.o
LOAD ./Peripheral/src/ch32v20x_rcc.o
LOAD ./Peripheral/src/ch32v20x_rtc.o
LOAD ./Peripheral/src/ch32v20x_spi.o
LOAD ./Peripheral/src/ch32v20x_tim.o
LOAD ./Peripheral/src/ch32v20x_usart.o
LOAD ./Peripheral/src/ch32v20x_wwdg.o
LOAD ./FreeRTOS/portable/MemMang/heap_4.o
LOAD ./FreeRTOS/portable/GCC/RISC-V/port.o
LOAD ./FreeRTOS/portable/GCC/RISC-V/portASM.o
LOAD ./FreeRTOS/croutine.o
LOAD ./FreeRTOS/event_groups.o
LOAD ./FreeRTOS/list.o
LOAD ./FreeRTOS/queue.o
LOAD ./FreeRTOS/stream_buffer.o
LOAD ./FreeRTOS/tasks.o
LOAD ./FreeRTOS/timers.o
LOAD ./Debug/debug.o
LOAD ./Core/core_riscv.o
LOAD ./main.o
LOAD d:/utils/mounriver/mounriver_studio2/resources/app/resources/win32/components/wch/toolchain/risc-v embedded gcc/bin/../lib/gcc/riscv-none-embed/8.2.0/../../../../riscv-none-embed/lib/rv32imacxw/ilp32\libstdc++_nano.a
LOAD d:/utils/mounriver/mounriver_studio2/resources/app/resources/win32/components/wch/toolchain/risc-v embedded gcc/bin/../lib/gcc/riscv-none-embed/8.2.0/../../../../riscv-none-embed/lib/rv32imacxw/ilp32\libm.a
LOAD d:/utils/mounriver/mounriver_studio2/resources/app/resources/win32/components/wch/toolchain/risc-v embedded gcc/bin/../lib/gcc/riscv-none-embed/8.2.0/rv32imacxw/ilp32\libgcc.a
LOAD d:/utils/mounriver/mounriver_studio2/resources/app/resources/win32/components/wch/toolchain/risc-v embedded gcc/bin/../lib/gcc/riscv-none-embed/8.2.0/../../../../riscv-none-embed/lib/rv32imacxw/ilp32\libg_nano.a
LOAD d:/utils/mounriver/mounriver_studio2/resources/app/resources/win32/components/wch/toolchain/risc-v embedded gcc/bin/../lib/gcc/riscv-none-embed/8.2.0/../../../../riscv-none-embed/lib/rv32imacxw/ilp32\libc_nano.a
LOAD d:/utils/mounriver/mounriver_studio2/resources/app/resources/win32/components/wch/toolchain/risc-v embedded gcc/bin/../lib/gcc/riscv-none-embed/8.2.0/rv32imacxw/ilp32\libgcc.a
START GROUP
LOAD d:/utils/mounriver/mounriver_studio2/resources/app/resources/win32/components/wch/toolchain/risc-v embedded gcc/bin/../lib/gcc/riscv-none-embed/8.2.0/rv32imacxw/ilp32\libgcc.a
LOAD d:/utils/mounriver/mounriver_studio2/resources/app/resources/win32/components/wch/toolchain/risc-v embedded gcc/bin/../lib/gcc/riscv-none-embed/8.2.0/../../../../riscv-none-embed/lib/rv32imacxw/ilp32\libc_nano.a
LOAD d:/utils/mounriver/mounriver_studio2/resources/app/resources/win32/components/wch/toolchain/risc-v embedded gcc/bin/../lib/gcc/riscv-none-embed/8.2.0/../../../../riscv-none-embed/lib/rv32imacxw/ilp32\libnosys.a
END GROUP
START GROUP
LOAD d:/utils/mounriver/mounriver_studio2/resources/app/resources/win32/components/wch/toolchain/risc-v embedded gcc/bin/../lib/gcc/riscv-none-embed/8.2.0/rv32imacxw/ilp32\libgcc.a
LOAD d:/utils/mounriver/mounriver_studio2/resources/app/resources/win32/components/wch/toolchain/risc-v embedded gcc/bin/../lib/gcc/riscv-none-embed/8.2.0/../../../../riscv-none-embed/lib/rv32imacxw/ilp32\libc_nano.a
LOAD d:/utils/mounriver/mounriver_studio2/resources/app/resources/win32/components/wch/toolchain/risc-v embedded gcc/bin/../lib/gcc/riscv-none-embed/8.2.0/../../../../riscv-none-embed/lib/rv32imacxw/ilp32\libnosys.a
END GROUP
                0x0000000000000800                __stack_size = 0x800
                [!provide]                        PROVIDE (_stack_size = __stack_size)

.init           0x0000000000000000        0x4
                0x0000000000000000                _sinit = .
                0x0000000000000000                . = ALIGN (0x4)
 *(SORT_NONE(.init))
 .init          0x0000000000000000        0x4 ./Startup/startup_ch32v20x_D6.o
                0x0000000000000000                _start
                0x0000000000000004                . = ALIGN (0x4)
                0x0000000000000004                _einit = .

.vector         0x0000000000000004       0xfc
 *(.vector)
 .vector        0x0000000000000004       0xfc ./Startup/startup_ch32v20x_D6.o
                0x0000000000000100                . = ALIGN (0x40)

.text           0x0000000000000100     0x4934
                0x0000000000000100                . = ALIGN (0x4)
 *(.text)
 .text          0x0000000000000100      0x2ee ./FreeRTOS/portable/GCC/RISC-V/portASM.o
                0x0000000000000100                SW_Handler
                0x0000000000000200                xPortStartFirstTask
                0x0000000000000300                pxPortInitialiseStack
 .text          0x00000000000003ee       0x60 d:/utils/mounriver/mounriver_studio2/resources/app/resources/win32/components/wch/toolchain/risc-v embedded gcc/bin/../lib/gcc/riscv-none-embed/8.2.0/rv32imacxw/ilp32\libgcc.a(save-restore.o)
                0x00000000000003ee                __riscv_save_12
                0x00000000000003f6                __riscv_save_9
                0x00000000000003f6                __riscv_save_11
                0x00000000000003f6                __riscv_save_10
                0x00000000000003f6                __riscv_save_8
                0x0000000000000404                __riscv_save_4
                0x0000000000000404                __riscv_save_6
                0x0000000000000404                __riscv_save_5
                0x0000000000000404                __riscv_save_7
                0x000000000000041e                __riscv_save_3
                0x000000000000041e                __riscv_save_2
                0x000000000000041e                __riscv_save_1
                0x000000000000041e                __riscv_save_0
                0x000000000000042a                __riscv_restore_12
                0x000000000000042e                __riscv_restore_11
                0x000000000000042e                __riscv_restore_9
                0x000000000000042e                __riscv_restore_10
                0x000000000000042e                __riscv_restore_8
                0x0000000000000438                __riscv_restore_5
                0x0000000000000438                __riscv_restore_7
                0x0000000000000438                __riscv_restore_6
                0x0000000000000438                __riscv_restore_4
                0x0000000000000442                __riscv_restore_3
                0x0000000000000442                __riscv_restore_0
                0x0000000000000442                __riscv_restore_2
                0x0000000000000442                __riscv_restore_1
 .text          0x000000000000044e       0xa8 d:/utils/mounriver/mounriver_studio2/resources/app/resources/win32/components/wch/toolchain/risc-v embedded gcc/bin/../lib/gcc/riscv-none-embed/8.2.0/../../../../riscv-none-embed/lib/rv32imacxw/ilp32\libg_nano.a(lib_a-memset.o)
                0x000000000000044e                memset
 *(.text.*)
 .text._ZN4Wwdg4TaskEPS_
                0x00000000000004f6       0x3a ./User/Io/GpioManager.o
                0x00000000000004f6                Wwdg::Task(Wwdg*)
 .text._ZN4Wwdg6oninitEPS_
                0x0000000000000530       0x54 ./User/Io/GpioManager.o
                0x0000000000000530                Wwdg::oninit(Wwdg*)
 .text._ZN6ST77896SelectEv.isra.4
                0x0000000000000584       0x14 ./User/Io/GpioManager.o
 .text._ZN6ST77898DeselectEv.isra.5
                0x0000000000000598       0x14 ./User/Io/GpioManager.o
 .text._ZN6ST77898DataModeEv.isra.7
                0x00000000000005ac       0x14 ./User/Io/GpioManager.o
 .text._ZN6ST77896Write8Eh.isra.8
                0x00000000000005c0       0x32 ./User/Io/GpioManager.o
 .text._ZN6ST77897Write16Et.isra.9
                0x00000000000005f2       0x12 ./User/Io/GpioManager.o
 .text._ZN6ST778912WriteCommandEh.isra.10
                0x0000000000000604       0x1e ./User/Io/GpioManager.o
 .text._ZN6ST778913WriteRegisterEhh.isra.12
                0x0000000000000622       0x1a ./User/Io/GpioManager.o
 .text._ZN6ST778915WriteDataBufferEPKht.isra.13.part.14
                0x000000000000063c       0x26 ./User/Io/GpioManager.o
 .text.WWDG_IRQHandler
                0x0000000000000662       0x18 ./User/Io/GpioManager.o
                0x0000000000000662                WWDG_IRQHandler
 .text._ZN7Display9RectEmptyERKNS_4RectE
                0x000000000000067a       0x10 ./User/Io/GpioManager.o
                0x000000000000067a                Display::RectEmpty(Display::Rect const&)
 .text._ZN7Display11RectTouchesERKNS_4RectES2_
                0x000000000000068a       0x4e ./User/Io/GpioManager.o
                0x000000000000068a                Display::RectTouches(Display::Rect const&, Display::Rect const&)
 .text._ZN7Display9RectUnionERKNS_4RectES2_
                0x00000000000006d8       0x82 ./User/Io/GpioManager.o
                0x00000000000006d8                Display::RectUnion(Display::Rect const&, Display::Rect const&)
 .text._ZN6ST77899InitPanelEv
                0x000000000000075a       0xb2 ./User/Io/GpioManager.o
                0x000000000000075a                ST7789::InitPanel()
 .text._ZN6ST77897InitBusEv
                0x000000000000080c       0xa0 ./User/Io/GpioManager.o
                0x000000000000080c                ST7789::InitBus()
 .text._ZN6ST77896oninitEPS_
                0x00000000000008ac        0x8 ./User/Io/GpioManager.o
                0x00000000000008ac                ST7789::oninit(ST7789*)
 .text._ZN11GpioManager7IoClockEP12GPIO_TypeDefb
                0x00000000000008b4       0x4a ./User/Io/GpioManager.o
                0x00000000000008b4                GpioManager::IoClock(GPIO_TypeDef*, bool)
 .text._ZN11GpioManager7AddGpioEP4Gpio
                0x00000000000008fe       0x4e ./User/Io/GpioManager.o
                0x00000000000008fe                GpioManager::AddGpio(Gpio*)
 .text._ZN11GpioManager4InitEv
                0x000000000000094c      0x1b0 ./User/Io/GpioManager.o
                0x000000000000094c                GpioManager::Init()
 .text._ZNK7Display7SurfaceI6ST7789E17ClipRectToSurfaceERKNS_4RectE
                0x0000000000000afc       0xae ./User/Io/GpioManager.o
                0x0000000000000afc                Display::Surface<ST7789>::ClipRectToSurface(Display::Rect const&) const
 .text._ZN6ST778912FillRectFastEssttt
                0x0000000000000baa       0xc6 ./User/Io/GpioManager.o
                0x0000000000000baa                ST7789::FillRectFast(short, short, unsigned short, unsigned short, unsigned short)
 .text._ZN7Display7SurfaceI6ST7789E9DrawHLineEssst
                0x0000000000000c70       0x56 ./User/Io/GpioManager.o
                0x0000000000000c70                Display::Surface<ST7789>::DrawHLine(short, short, short, unsigned short)
 .text._ZN7Display7SurfaceI6ST7789E9DrawVLineEssst
                0x0000000000000cc6       0x54 ./User/Io/GpioManager.o
                0x0000000000000cc6                Display::Surface<ST7789>::DrawVLine(short, short, short, unsigned short)
 .text._ZZN6ST77894TaskEPS_ENKUlRS_RKN7Display4RectEE_clES1_S5_
                0x0000000000000d1a       0xfa ./User/Io/GpioManager.o
                0x0000000000000d1a                ST7789::Task(ST7789*)::{lambda(ST7789&, Display::Rect const&)#1}::operator()(ST7789&, Display::Rect const&) const
 .text._ZZN6ST77894TaskEPS_ENUlRS_RKN7Display4RectEE_4_FUNES1_S5_
                0x0000000000000e14       0x10 ./User/Io/GpioManager.o
                0x0000000000000e14                ST7789::Task(ST7789*)::{lambda(ST7789&, Display::Rect const&)#1}::_FUN(ST7789&, Display::Rect const&)
 .text._ZN7Display10DirtyRectsILj8EE8RemoveAtEj
                0x0000000000000e24       0x2a ./User/Io/GpioManager.o
                0x0000000000000e24                Display::DirtyRects<8u>::RemoveAt(unsigned int)
 .text._ZN7Display10DirtyRectsILj8EE3AddENS_4RectE
                0x0000000000000e4e      0x10e ./User/Io/GpioManager.o
                0x0000000000000e4e                Display::DirtyRects<8u>::Add(Display::Rect)
 .text._ZN7Display12DirtySurfaceI6ST7789Lj8EE14InvalidateRectERKNS_4RectE
                0x0000000000000f5c       0x24 ./User/Io/GpioManager.o
                0x0000000000000f5c                Display::DirtySurface<ST7789, 8u>::InvalidateRect(Display::Rect const&)
 .text._ZN6ST77894TaskEPS_
                0x0000000000000f80       0xcc ./User/Io/GpioManager.o
                0x0000000000000f80                ST7789::Task(ST7789*)
 .text.NMI_Handler
                0x000000000000104c        0x2 ./User/ch32v20x_it.o
                0x000000000000104c                NMI_Handler
 .text.HardFault_Handler
                0x000000000000104e       0x16 ./User/ch32v20x_it.o
                0x000000000000104e                HardFault_Handler
 .text.SystemInit
                0x0000000000001064       0xea ./User/system_ch32v20x.o
                0x0000000000001064                SystemInit
 .text.SystemCoreClockUpdate
                0x000000000000114e       0x8e ./User/system_ch32v20x.o
                0x000000000000114e                SystemCoreClockUpdate
 .text.vector_handler
                0x00000000000011dc        0x2 ./Startup/startup_ch32v20x_D6.o
                0x00000000000011dc                EXTI2_IRQHandler
                0x00000000000011dc                TIM1_CC_IRQHandler
                0x00000000000011dc                PVD_IRQHandler
                0x00000000000011dc                EXTI3_IRQHandler
                0x00000000000011dc                USBFS_IRQHandler
                0x00000000000011dc                EXTI0_IRQHandler
                0x00000000000011dc                I2C2_EV_IRQHandler
                0x00000000000011dc                ADC1_2_IRQHandler
                0x00000000000011dc                Break_Point_Handler
                0x00000000000011dc                SPI1_IRQHandler
                0x00000000000011dc                TAMPER_IRQHandler
                0x00000000000011dc                Ecall_M_Mode_Handler
                0x00000000000011dc                DMA1_Channel4_IRQHandler
                0x00000000000011dc                USART3_IRQHandler
                0x00000000000011dc                RTC_IRQHandler
                0x00000000000011dc                DMA1_Channel7_IRQHandler
                0x00000000000011dc                CAN1_RX1_IRQHandler
                0x00000000000011dc                TIM4_IRQHandler
                0x00000000000011dc                I2C1_EV_IRQHandler
                0x00000000000011dc                DMA1_Channel6_IRQHandler
                0x00000000000011dc                UART4_IRQHandler
                0x00000000000011dc                TIM3_IRQHandler
                0x00000000000011dc                RCC_IRQHandler
                0x00000000000011dc                TIM1_TRG_COM_IRQHandler
                0x00000000000011dc                DMA1_Channel1_IRQHandler
                0x00000000000011dc                EXTI15_10_IRQHandler
                0x00000000000011dc                DMA1_Channel8_IRQHandler
                0x00000000000011dc                EXTI9_5_IRQHandler
                0x00000000000011dc                SPI2_IRQHandler
                0x00000000000011dc                DMA1_Channel5_IRQHandler
                0x00000000000011dc                EXTI4_IRQHandler
                0x00000000000011dc                USB_LP_CAN1_RX0_IRQHandler
                0x00000000000011dc                USB_HP_CAN1_TX_IRQHandler
                0x00000000000011dc                DMA1_Channel3_IRQHandler
                0x00000000000011dc                TIM1_UP_IRQHandler
                0x00000000000011dc                Ecall_U_Mode_Handler
                0x00000000000011dc                TIM2_IRQHandler
                0x00000000000011dc                TIM1_BRK_IRQHandler
                0x00000000000011dc                EXTI1_IRQHandler
                0x00000000000011dc                RTCAlarm_IRQHandler
                0x00000000000011dc                USART2_IRQHandler
                0x00000000000011dc                I2C2_ER_IRQHandler
                0x00000000000011dc                DMA1_Channel2_IRQHandler
                0x00000000000011dc                CAN1_SCE_IRQHandler
                0x00000000000011dc                FLASH_IRQHandler
                0x00000000000011dc                USBFSWakeUp_IRQHandler
                0x00000000000011dc                USART1_IRQHandler
                0x00000000000011dc                I2C1_ER_IRQHandler
                0x00000000000011dc                USBWakeUp_IRQHandler
 .text.handle_reset
                0x00000000000011de       0x92 ./Startup/startup_ch32v20x_D6.o
                0x00000000000011de                handle_reset
 .text.DBGMCU_GetCHIPID
                0x0000000000001270        0xa ./Peripheral/src/ch32v20x_dbgmcu.o
                0x0000000000001270                DBGMCU_GetCHIPID
 .text.GPIO_Init
                0x000000000000127a       0xfa ./Peripheral/src/ch32v20x_gpio.o
                0x000000000000127a                GPIO_Init
 .text.GPIO_SetBits
                0x0000000000001374       0x18 ./Peripheral/src/ch32v20x_gpio.o
                0x0000000000001374                GPIO_SetBits
 .text.GPIO_ResetBits
                0x000000000000138c       0x18 ./Peripheral/src/ch32v20x_gpio.o
                0x000000000000138c                GPIO_ResetBits
 .text.NVIC_PriorityGroupConfig
                0x00000000000013a4        0xa ./Peripheral/src/ch32v20x_misc.o
                0x00000000000013a4                NVIC_PriorityGroupConfig
 .text.NVIC_Init
                0x00000000000013ae       0x66 ./Peripheral/src/ch32v20x_misc.o
                0x00000000000013ae                NVIC_Init
 .text.RCC_GetClocksFreq
                0x0000000000001414       0xbe ./Peripheral/src/ch32v20x_rcc.o
                0x0000000000001414                RCC_GetClocksFreq
 .text.RCC_APB2PeriphClockCmd
                0x00000000000014d2       0x1e ./Peripheral/src/ch32v20x_rcc.o
                0x00000000000014d2                RCC_APB2PeriphClockCmd
 .text.RCC_APB1PeriphClockCmd
                0x00000000000014f0       0x1e ./Peripheral/src/ch32v20x_rcc.o
                0x00000000000014f0                RCC_APB1PeriphClockCmd
 .text.SPI_Init
                0x000000000000150e       0x3e ./Peripheral/src/ch32v20x_spi.o
                0x000000000000150e                SPI_Init
 .text.SPI_Cmd  0x000000000000154c       0x1a ./Peripheral/src/ch32v20x_spi.o
                0x000000000000154c                SPI_Cmd
 .text.SPI_I2S_SendData
                0x0000000000001566        0x4 ./Peripheral/src/ch32v20x_spi.o
                0x0000000000001566                SPI_I2S_SendData
 .text.SPI_I2S_ReceiveData
                0x000000000000156a        0x4 ./Peripheral/src/ch32v20x_spi.o
                0x000000000000156a                SPI_I2S_ReceiveData
 .text.SPI_I2S_GetFlagStatus
                0x000000000000156e        0xa ./Peripheral/src/ch32v20x_spi.o
                0x000000000000156e                SPI_I2S_GetFlagStatus
 .text.USART_Init
                0x0000000000001578       0xa6 ./Peripheral/src/ch32v20x_usart.o
                0x0000000000001578                USART_Init
 .text.USART_Cmd
                0x000000000000161e       0x16 ./Peripheral/src/ch32v20x_usart.o
                0x000000000000161e                USART_Cmd
 .text.USART_SendData
                0x0000000000001634        0x8 ./Peripheral/src/ch32v20x_usart.o
                0x0000000000001634                USART_SendData
 .text.USART_GetFlagStatus
                0x000000000000163c        0xa ./Peripheral/src/ch32v20x_usart.o
                0x000000000000163c                USART_GetFlagStatus
 .text.WWDG_SetPrescaler
                0x0000000000001646       0x14 ./Peripheral/src/ch32v20x_wwdg.o
                0x0000000000001646                WWDG_SetPrescaler
 .text.WWDG_SetWindowValue
                0x000000000000165a       0x26 ./Peripheral/src/ch32v20x_wwdg.o
                0x000000000000165a                WWDG_SetWindowValue
 .text.WWDG_EnableIT
                0x0000000000001680       0x12 ./Peripheral/src/ch32v20x_wwdg.o
                0x0000000000001680                WWDG_EnableIT
 .text.WWDG_SetCounter
                0x0000000000001692        0xe ./Peripheral/src/ch32v20x_wwdg.o
                0x0000000000001692                WWDG_SetCounter
 .text.WWDG_Enable
                0x00000000000016a0        0xe ./Peripheral/src/ch32v20x_wwdg.o
                0x00000000000016a0                WWDG_Enable
 .text.WWDG_GetFlagStatus
                0x00000000000016ae        0xa ./Peripheral/src/ch32v20x_wwdg.o
                0x00000000000016ae                WWDG_GetFlagStatus
 .text.WWDG_ClearFlag
                0x00000000000016b8        0xa ./Peripheral/src/ch32v20x_wwdg.o
                0x00000000000016b8                WWDG_ClearFlag
 .text.prvInsertBlockIntoFreeList
                0x00000000000016c2       0x4c ./FreeRTOS/portable/MemMang/heap_4.o
 .text.pvPortMalloc
                0x000000000000170e      0x194 ./FreeRTOS/portable/MemMang/heap_4.o
                0x000000000000170e                pvPortMalloc
 .text.vPortFree
                0x00000000000018a2       0xa6 ./FreeRTOS/portable/MemMang/heap_4.o
                0x00000000000018a2                vPortFree
 .text.vPortSetupTimerInterrupt
                0x0000000000001948       0x3e ./FreeRTOS/portable/GCC/RISC-V/port.o
                0x0000000000001948                vPortSetupTimerInterrupt
 .text.xPortStartScheduler
                0x0000000000001986       0x8e ./FreeRTOS/portable/GCC/RISC-V/port.o
                0x0000000000001986                xPortStartScheduler
 .text.SysTick_Handler
                0x0000000000001a14       0x7c ./FreeRTOS/portable/GCC/RISC-V/port.o
                0x0000000000001a14                SysTick_Handler
 .text.vPortEnterCritical
                0x0000000000001a90       0x16 ./FreeRTOS/portable/GCC/RISC-V/port.o
                0x0000000000001a90                vPortEnterCritical
 .text.vPortExitCritical
                0x0000000000001aa6       0x42 ./FreeRTOS/portable/GCC/RISC-V/port.o
                0x0000000000001aa6                vPortExitCritical
 .text.vListInitialise
                0x0000000000001ae8       0x14 ./FreeRTOS/list.o
                0x0000000000001ae8                vListInitialise
 .text.vListInitialiseItem
                0x0000000000001afc        0x6 ./FreeRTOS/list.o
                0x0000000000001afc                vListInitialiseItem
 .text.vListInsert
                0x0000000000001b02       0x2e ./FreeRTOS/list.o
                0x0000000000001b02                vListInsert
 .text.uxListRemove
                0x0000000000001b30       0x20 ./FreeRTOS/list.o
                0x0000000000001b30                uxListRemove
 .text.prvIsQueueEmpty
                0x0000000000001b50       0x1a ./FreeRTOS/queue.o
 .text.prvCopyDataFromQueue
                0x0000000000001b6a       0x28 ./FreeRTOS/queue.o
 .text.prvUnlockQueue
                0x0000000000001b92       0x6e ./FreeRTOS/queue.o
 .text.xQueueGenericReset
                0x0000000000001c00       0xbc ./FreeRTOS/queue.o
                0x0000000000001c00                xQueueGenericReset
 .text.xQueueGenericCreate
                0x0000000000001cbc       0x6c ./FreeRTOS/queue.o
                0x0000000000001cbc                xQueueGenericCreate
 .text.xQueueReceive
                0x0000000000001d28      0x14c ./FreeRTOS/queue.o
                0x0000000000001d28                xQueueReceive
 .text.vQueueAddToRegistry
                0x0000000000001e74       0x6c ./FreeRTOS/queue.o
                0x0000000000001e74                vQueueAddToRegistry
 .text.vQueueWaitForMessageRestricted
                0x0000000000001ee0       0x5c ./FreeRTOS/queue.o
                0x0000000000001ee0                vQueueWaitForMessageRestricted
 .text.prvResetNextTaskUnblockTime
                0x0000000000001f3c       0x24 ./FreeRTOS/tasks.o
 .text.prvAddCurrentTaskToDelayedList
                0x0000000000001f60       0xac ./FreeRTOS/tasks.o
 .text.prvIdleTask
                0x000000000000200c       0x6e ./FreeRTOS/tasks.o
 .text.xTaskCreate
                0x000000000000207a      0x214 ./FreeRTOS/tasks.o
                0x000000000000207a                xTaskCreate
 .text.vTaskStartScheduler
                0x000000000000228e       0x90 ./FreeRTOS/tasks.o
                0x000000000000228e                vTaskStartScheduler
 .text.vTaskSuspendAll
                0x000000000000231e       0x10 ./FreeRTOS/tasks.o
                0x000000000000231e                vTaskSuspendAll
 .text.xTaskGetTickCount
                0x000000000000232e        0xa ./FreeRTOS/tasks.o
                0x000000000000232e                xTaskGetTickCount
 .text.xTaskIncrementTick
                0x0000000000002338      0x1ac ./FreeRTOS/tasks.o
                0x0000000000002338                xTaskIncrementTick
 .text.xTaskResumeAll
                0x00000000000024e4      0x168 ./FreeRTOS/tasks.o
                0x00000000000024e4                xTaskResumeAll
 .text.xTaskDelayUntil
                0x000000000000264c       0xd2 ./FreeRTOS/tasks.o
                0x000000000000264c                xTaskDelayUntil
 .text.vTaskDelay
                0x000000000000271e       0x66 ./FreeRTOS/tasks.o
                0x000000000000271e                vTaskDelay
 .text.vTaskSwitchContext
                0x0000000000002784       0xd2 ./FreeRTOS/tasks.o
                0x0000000000002784                vTaskSwitchContext
 .text.vTaskPlaceOnEventList
                0x0000000000002856       0x48 ./FreeRTOS/tasks.o
                0x0000000000002856                vTaskPlaceOnEventList
 .text.vTaskPlaceOnEventListRestricted
                0x000000000000289e       0x76 ./FreeRTOS/tasks.o
                0x000000000000289e                vTaskPlaceOnEventListRestricted
 .text.xTaskRemoveFromEventList
                0x0000000000002914       0xec ./FreeRTOS/tasks.o
                0x0000000000002914                xTaskRemoveFromEventList
 .text.vTaskInternalSetTimeOutState
                0x0000000000002a00       0x16 ./FreeRTOS/tasks.o
                0x0000000000002a00                vTaskInternalSetTimeOutState
 .text.xTaskCheckForTimeOut
                0x0000000000002a16       0xb0 ./FreeRTOS/tasks.o
                0x0000000000002a16                xTaskCheckForTimeOut
 .text.vTaskMissedYield
                0x0000000000002ac6        0xc ./FreeRTOS/tasks.o
                0x0000000000002ac6                vTaskMissedYield
 .text.xTaskGetSchedulerState
                0x0000000000002ad2       0x1c ./FreeRTOS/tasks.o
                0x0000000000002ad2                xTaskGetSchedulerState
 .text.prvCheckForValidListAndQueue
                0x0000000000002aee       0x66 ./FreeRTOS/timers.o
 .text.prvInsertTimerInActiveList
                0x0000000000002b54       0x46 ./FreeRTOS/timers.o
 .text.prvReloadTimer
                0x0000000000002b9a       0x28 ./FreeRTOS/timers.o
 .text.prvProcessExpiredTimer
                0x0000000000002bc2       0x44 ./FreeRTOS/timers.o
 .text.prvSwitchTimerLists
                0x0000000000002c06       0x2e ./FreeRTOS/timers.o
 .text.prvTimerTask
                0x0000000000002c34      0x180 ./FreeRTOS/timers.o
 .text.xTimerCreateTimerTask
                0x0000000000002db4       0x5e ./FreeRTOS/timers.o
                0x0000000000002db4                xTimerCreateTimerTask
 .text.Delay_Init
                0x0000000000002e12       0x32 ./Debug/debug.o
                0x0000000000002e12                Delay_Init
 .text.USART_Printf_Init
                0x0000000000002e44       0x5a ./Debug/debug.o
                0x0000000000002e44                USART_Printf_Init
 .text._write   0x0000000000002e9e       0x3e ./Debug/debug.o
                0x0000000000002e9e                _write
 .text._sbrk    0x0000000000002edc       0x2a ./Debug/debug.o
                0x0000000000002edc                _sbrk
 .text.startup.main
                0x0000000000002f06       0x64 ./main.o
                0x0000000000002f06                main
 .text.vApplicationStackOverflowHook
                0x0000000000002f6a       0x1c ./main.o
                0x0000000000002f6a                vApplicationStackOverflowHook
 .text.vApplicationMallocFailedHook
                0x0000000000002f86       0x1c ./main.o
                0x0000000000002f86                vApplicationMallocFailedHook
 .text.__udivdi3
                0x0000000000002fa2      0x392 d:/utils/mounriver/mounriver_studio2/resources/app/resources/win32/components/wch/toolchain/risc-v embedded gcc/bin/../lib/gcc/riscv-none-embed/8.2.0/rv32imacxw/ilp32\libgcc.a(_udivdi3.o)
                0x0000000000002fa2                __udivdi3
 .text.memcpy   0x0000000000003334       0xb2 d:/utils/mounriver/mounriver_studio2/resources/app/resources/win32/components/wch/toolchain/risc-v embedded gcc/bin/../lib/gcc/riscv-none-embed/8.2.0/../../../../riscv-none-embed/lib/rv32imacxw/ilp32\libg_nano.a(lib_a-memcpy.o)
                0x0000000000003334                memcpy
 .text.printf   0x00000000000033e6       0x40 d:/utils/mounriver/mounriver_studio2/resources/app/resources/win32/components/wch/toolchain/risc-v embedded gcc/bin/../lib/gcc/riscv-none-embed/8.2.0/../../../../riscv-none-embed/lib/rv32imacxw/ilp32\libg_nano.a(lib_a-printf.o)
                0x00000000000033e6                iprintf
                0x00000000000033e6                printf
 .text._puts_r  0x0000000000003426       0xd4 d:/utils/mounriver/mounriver_studio2/resources/app/resources/win32/components/wch/toolchain/risc-v embedded gcc/bin/../lib/gcc/riscv-none-embed/8.2.0/../../../../riscv-none-embed/lib/rv32imacxw/ilp32\libg_nano.a(lib_a-puts.o)
                0x0000000000003426                _puts_r
 .text.puts     0x00000000000034fa        0xc d:/utils/mounriver/mounriver_studio2/resources/app/resources/win32/components/wch/toolchain/risc-v embedded gcc/bin/../lib/gcc/riscv-none-embed/8.2.0/../../../../riscv-none-embed/lib/rv32imacxw/ilp32\libg_nano.a(lib_a-puts.o)
                0x00000000000034fa                puts
 .text.__swbuf_r
                0x0000000000003506       0xbc d:/utils/mounriver/mounriver_studio2/resources/app/resources/win32/components/wch/toolchain/risc-v embedded gcc/bin/../lib/gcc/riscv-none-embed/8.2.0/../../../../riscv-none-embed/lib/rv32imacxw/ilp32\libg_nano.a(lib_a-wbuf.o)
                0x0000000000003506                __swbuf_r
 .text.__swsetup_r
                0x00000000000035c2       0xfc d:/utils/mounriver/mounriver_studio2/resources/app/resources/win32/components/wch/toolchain/risc-v embedded gcc/bin/../lib/gcc/riscv-none-embed/8.2.0/../../../../riscv-none-embed/lib/rv32imacxw/ilp32\libg_nano.a(lib_a-wsetup.o)
                0x00000000000035c2                __swsetup_r
 .text.__sflush_r
                0x00000000000036be      0x130 d:/utils/mounriver/mounriver_studio2/resources/app/resources/win32/components/wch/toolchain/risc-v embedded gcc/bin/../lib/gcc/riscv-none-embed/8.2.0/../../../../riscv-none-embed/lib/rv32imacxw/ilp32\libg_nano.a(lib_a-fflush.o)
                0x00000000000036be                __sflush_r
 .text._fflush_r
                0x00000000000037ee       0x66 d:/utils/mounriver/mounriver_studio2/resources/app/resources/win32/components/wch/toolchain/risc-v embedded gcc/bin/../lib/gcc/riscv-none-embed/8.2.0/../../../../riscv-none-embed/lib/rv32imacxw/ilp32\libg_nano.a(lib_a-fflush.o)
                0x00000000000037ee                _fflush_r
 .text.std      0x0000000000003854       0x66 d:/utils/mounriver/mounriver_studio2/resources/app/resources/win32/components/wch/toolchain/risc-v embedded gcc/bin/../lib/gcc/riscv-none-embed/8.2.0/../../../../riscv-none-embed/lib/rv32imacxw/ilp32\libg_nano.a(lib_a-findfp.o)
 .text._cleanup_r
                0x00000000000038ba        0xa d:/utils/mounriver/mounriver_studio2/resources/app/resources/win32/components/wch/toolchain/risc-v embedded gcc/bin/../lib/gcc/riscv-none-embed/8.2.0/../../../../riscv-none-embed/lib/rv32imacxw/ilp32\libg_nano.a(lib_a-findfp.o)
                0x00000000000038ba                _cleanup_r
 .text.__sfmoreglue
                0x00000000000038c4       0x46 d:/utils/mounriver/mounriver_studio2/resources/app/resources/win32/components/wch/toolchain/risc-v embedded gcc/bin/../lib/gcc/riscv-none-embed/8.2.0/../../../../riscv-none-embed/lib/rv32imacxw/ilp32\libg_nano.a(lib_a-findfp.o)
                0x00000000000038c4                __sfmoreglue
 .text.__sinit  0x000000000000390a       0x6c d:/utils/mounriver/mounriver_studio2/resources/app/resources/win32/components/wch/toolchain/risc-v embedded gcc/bin/../lib/gcc/riscv-none-embed/8.2.0/../../../../riscv-none-embed/lib/rv32imacxw/ilp32\libg_nano.a(lib_a-findfp.o)
                0x000000000000390a                __sinit
 .text.__sfp    0x0000000000003976       0xa0 d:/utils/mounriver/mounriver_studio2/resources/app/resources/win32/components/wch/toolchain/risc-v embedded gcc/bin/../lib/gcc/riscv-none-embed/8.2.0/../../../../riscv-none-embed/lib/rv32imacxw/ilp32\libg_nano.a(lib_a-findfp.o)
                0x0000000000003976                __sfp
 .text._fwalk_reent
                0x0000000000003a16       0x6a d:/utils/mounriver/mounriver_studio2/resources/app/resources/win32/components/wch/toolchain/risc-v embedded gcc/bin/../lib/gcc/riscv-none-embed/8.2.0/../../../../riscv-none-embed/lib/rv32imacxw/ilp32\libg_nano.a(lib_a-fwalk.o)
                0x0000000000003a16                _fwalk_reent
 .text.__swhatbuf_r
                0x0000000000003a80       0x58 d:/utils/mounriver/mounriver_studio2/resources/app/resources/win32/components/wch/toolchain/risc-v embedded gcc/bin/../lib/gcc/riscv-none-embed/8.2.0/../../../../riscv-none-embed/lib/rv32imacxw/ilp32\libg_nano.a(lib_a-makebuf.o)
                0x0000000000003a80                __swhatbuf_r
 .text.__smakebuf_r
                0x0000000000003ad8       0x92 d:/utils/mounriver/mounriver_studio2/resources/app/resources/win32/components/wch/toolchain/risc-v embedded gcc/bin/../lib/gcc/riscv-none-embed/8.2.0/../../../../riscv-none-embed/lib/rv32imacxw/ilp32\libg_nano.a(lib_a-makebuf.o)
                0x0000000000003ad8                __smakebuf_r
 .text._free_r  0x0000000000003b6a       0xb0 d:/utils/mounriver/mounriver_studio2/resources/app/resources/win32/components/wch/toolchain/risc-v embedded gcc/bin/../lib/gcc/riscv-none-embed/8.2.0/../../../../riscv-none-embed/lib/rv32imacxw/ilp32\libg_nano.a(lib_a-nano-freer.o)
                0x0000000000003b6a                _free_r
 .text._malloc_r
                0x0000000000003c1a       0xe4 d:/utils/mounriver/mounriver_studio2/resources/app/resources/win32/components/wch/toolchain/risc-v embedded gcc/bin/../lib/gcc/riscv-none-embed/8.2.0/../../../../riscv-none-embed/lib/rv32imacxw/ilp32\libg_nano.a(lib_a-nano-mallocr.o)
                0x0000000000003c1a                _malloc_r
 .text.__sfputc_r
                0x0000000000003cfe       0x28 d:/utils/mounriver/mounriver_studio2/resources/app/resources/win32/components/wch/toolchain/risc-v embedded gcc/bin/../lib/gcc/riscv-none-embed/8.2.0/../../../../riscv-none-embed/lib/rv32imacxw/ilp32\libg_nano.a(lib_a-nano-vfprintf.o)
 .text.__sfputs_r
                0x0000000000003d26       0x42 d:/utils/mounriver/mounriver_studio2/resources/app/resources/win32/components/wch/toolchain/risc-v embedded gcc/bin/../lib/gcc/riscv-none-embed/8.2.0/../../../../riscv-none-embed/lib/rv32imacxw/ilp32\libg_nano.a(lib_a-nano-vfprintf.o)
                0x0000000000003d26                __sfputs_r
 .text._vfprintf_r
                0x0000000000003d68      0x288 d:/utils/mounriver/mounriver_studio2/resources/app/resources/win32/components/wch/toolchain/risc-v embedded gcc/bin/../lib/gcc/riscv-none-embed/8.2.0/../../../../riscv-none-embed/lib/rv32imacxw/ilp32\libg_nano.a(lib_a-nano-vfprintf.o)
                0x0000000000003d68                _vfprintf_r
                0x0000000000003d68                _vfiprintf_r
 .text._printf_common
                0x0000000000003ff0      0x10c d:/utils/mounriver/mounriver_studio2/resources/app/resources/win32/components/wch/toolchain/risc-v embedded gcc/bin/../lib/gcc/riscv-none-embed/8.2.0/../../../../riscv-none-embed/lib/rv32imacxw/ilp32\libg_nano.a(lib_a-nano-vfprintf_i.o)
                0x0000000000003ff0                _printf_common
 .text._printf_i
                0x00000000000040fc      0x2a2 d:/utils/mounriver/mounriver_studio2/resources/app/resources/win32/components/wch/toolchain/risc-v embedded gcc/bin/../lib/gcc/riscv-none-embed/8.2.0/../../../../riscv-none-embed/lib/rv32imacxw/ilp32\libg_nano.a(lib_a-nano-vfprintf_i.o)
                0x00000000000040fc                _printf_i
 .text._sbrk_r  0x000000000000439e       0x32 d:/utils/mounriver/mounriver_studio2/resources/app/resources/win32/components/wch/toolchain/risc-v embedded gcc/bin/../lib/gcc/riscv-none-embed/8.2.0/../../../../riscv-none-embed/lib/rv32imacxw/ilp32\libg_nano.a(lib_a-sbrkr.o)
                0x000000000000439e                _sbrk_r
 .text.__sread  0x00000000000043d0       0x2c d:/utils/mounriver/mounriver_studio2/resources/app/resources/win32/components/wch/toolchain/risc-v embedded gcc/bin/../lib/gcc/riscv-none-embed/8.2.0/../../../../riscv-none-embed/lib/rv32imacxw/ilp32\libg_nano.a(lib_a-stdio.o)
                0x00000000000043d0                __sread
 .text.__swrite
                0x00000000000043fc       0x48 d:/utils/mounriver/mounriver_studio2/resources/app/resources/win32/components/wch/toolchain/risc-v embedded gcc/bin/../lib/gcc/riscv-none-embed/8.2.0/../../../../riscv-none-embed/lib/rv32imacxw/ilp32\libg_nano.a(lib_a-stdio.o)
                0x00000000000043fc                __swrite
 .text.__sseek  0x0000000000004444       0x30 d:/utils/mounriver/mounriver_studio2/resources/app/resources/win32/components/wch/toolchain/risc-v embedded gcc/bin/../lib/gcc/riscv-none-embed/8.2.0/../../../../riscv-none-embed/lib/rv32imacxw/ilp32\libg_nano.a(lib_a-stdio.o)
                0x0000000000004444                __sseek
 .text.__sclose
                0x0000000000004474        0x6 d:/utils/mounriver/mounriver_studio2/resources/app/resources/win32/components/wch/toolchain/risc-v embedded gcc/bin/../lib/gcc/riscv-none-embed/8.2.0/../../../../riscv-none-embed/lib/rv32imacxw/ilp32\libg_nano.a(lib_a-stdio.o)
                0x0000000000004474                __sclose
 .text._write_r
                0x000000000000447a       0x36 d:/utils/mounriver/mounriver_studio2/resources/app/resources/win32/components/wch/toolchain/risc-v embedded gcc/bin/../lib/gcc/riscv-none-embed/8.2.0/../../../../riscv-none-embed/lib/rv32imacxw/ilp32\libg_nano.a(lib_a-writer.o)
                0x000000000000447a                _write_r
 .text._close_r
                0x00000000000044b0       0x30 d:/utils/mounriver/mounriver_studio2/resources/app/resources/win32/components/wch/toolchain/risc-v embedded gcc/bin/../lib/gcc/riscv-none-embed/8.2.0/../../../../riscv-none-embed/lib/rv32imacxw/ilp32\libg_nano.a(lib_a-closer.o)
                0x00000000000044b0                _close_r
 .text._fstat_r
                0x00000000000044e0       0x32 d:/utils/mounriver/mounriver_studio2/resources/app/resources/win32/components/wch/toolchain/risc-v embedded gcc/bin/../lib/gcc/riscv-none-embed/8.2.0/../../../../riscv-none-embed/lib/rv32imacxw/ilp32\libg_nano.a(lib_a-fstatr.o)
                0x00000000000044e0                _fstat_r
 .text._isatty_r
                0x0000000000004512       0x30 d:/utils/mounriver/mounriver_studio2/resources/app/resources/win32/components/wch/toolchain/risc-v embedded gcc/bin/../lib/gcc/riscv-none-embed/8.2.0/../../../../riscv-none-embed/lib/rv32imacxw/ilp32\libg_nano.a(lib_a-isattyr.o)
                0x0000000000004512                _isatty_r
 .text._lseek_r
                0x0000000000004542       0x34 d:/utils/mounriver/mounriver_studio2/resources/app/resources/win32/components/wch/toolchain/risc-v embedded gcc/bin/../lib/gcc/riscv-none-embed/8.2.0/../../../../riscv-none-embed/lib/rv32imacxw/ilp32\libg_nano.a(lib_a-lseekr.o)
                0x0000000000004542                _lseek_r
 .text.memchr   0x0000000000004576       0x18 d:/utils/mounriver/mounriver_studio2/resources/app/resources/win32/components/wch/toolchain/risc-v embedded gcc/bin/../lib/gcc/riscv-none-embed/8.2.0/../../../../riscv-none-embed/lib/rv32imacxw/ilp32\libg_nano.a(lib_a-memchr.o)
                0x0000000000004576                memchr
 .text.__malloc_lock
                0x000000000000458e        0x2 d:/utils/mounriver/mounriver_studio2/resources/app/resources/win32/components/wch/toolchain/risc-v embedded gcc/bin/../lib/gcc/riscv-none-embed/8.2.0/../../../../riscv-none-embed/lib/rv32imacxw/ilp32\libg_nano.a(lib_a-mlock.o)
                0x000000000000458e                __malloc_lock
 .text.__malloc_unlock
                0x0000000000004590        0x2 d:/utils/mounriver/mounriver_studio2/resources/app/resources/win32/components/wch/toolchain/risc-v embedded gcc/bin/../lib/gcc/riscv-none-embed/8.2.0/../../../../riscv-none-embed/lib/rv32imacxw/ilp32\libg_nano.a(lib_a-mlock.o)
                0x0000000000004590                __malloc_unlock
 .text._read_r  0x0000000000004592       0x34 d:/utils/mounriver/mounriver_studio2/resources/app/resources/win32/components/wch/toolchain/risc-v embedded gcc/bin/../lib/gcc/riscv-none-embed/8.2.0/../../../../riscv-none-embed/lib/rv32imacxw/ilp32\libg_nano.a(lib_a-readr.o)
                0x0000000000004592                _read_r
 .text._close   0x00000000000045c6       0x10 d:/utils/mounriver/mounriver_studio2/resources/app/resources/win32/components/wch/toolchain/risc-v embedded gcc/bin/../lib/gcc/riscv-none-embed/8.2.0/../../../../riscv-none-embed/lib/rv32imacxw/ilp32\libnosys.a(close.o)
                0x00000000000045c6                _close
 .text._fstat   0x00000000000045d6       0x10 d:/utils/mounriver/mounriver_studio2/resources/app/resources/win32/components/wch/toolchain/risc-v embedded gcc/bin/../lib/gcc/riscv-none-embed/8.2.0/../../../../riscv-none-embed/lib/rv32imacxw/ilp32\libnosys.a(fstat.o)
                0x00000000000045d6                _fstat
 .text._isatty  0x00000000000045e6       0x10 d:/utils/mounriver/mounriver_studio2/resources/app/resources/win32/components/wch/toolchain/risc-v embedded gcc/bin/../lib/gcc/riscv-none-embed/8.2.0/../../../../riscv-none-embed/lib/rv32imacxw/ilp32\libnosys.a(isatty.o)
                0x00000000000045e6                _isatty
 .text._lseek   0x00000000000045f6       0x10 d:/utils/mounriver/mounriver_studio2/resources/app/resources/win32/components/wch/toolchain/risc-v embedded gcc/bin/../lib/gcc/riscv-none-embed/8.2.0/../../../../riscv-none-embed/lib/rv32imacxw/ilp32\libnosys.a(lseek.o)
                0x00000000000045f6                _lseek
 .text._read    0x0000000000004606       0x10 d:/utils/mounriver/mounriver_studio2/resources/app/resources/win32/components/wch/toolchain/risc-v embedded gcc/bin/../lib/gcc/riscv-none-embed/8.2.0/../../../../riscv-none-embed/lib/rv32imacxw/ilp32\libnosys.a(read.o)
                0x0000000000004606                _read
 *(.rodata)
 *(.rodata*)
 *fill*         0x0000000000004616        0x2 
 .rodata._ZZN6ST77899InitPanelEvE7gamma_n
                0x0000000000004618        0xe ./User/Io/GpioManager.o
                0x0000000000004618                ST7789::InitPanel()::gamma_n
 *fill*         0x0000000000004626        0x2 
 .rodata._ZZN6ST77899InitPanelEvE7gamma_p
                0x0000000000004628        0xe ./User/Io/GpioManager.o
                0x0000000000004628                ST7789::InitPanel()::gamma_p
 *fill*         0x0000000000004636        0x2 
 .rodata._ZN11GpioManager4InitEv.str1.4
                0x0000000000004638       0x67 ./User/Io/GpioManager.o
 *fill*         0x000000000000469f        0x1 
 .rodata._ZN11GpioManager7AddGpioEP4Gpio.str1.4
                0x00000000000046a0       0x4c ./User/Io/GpioManager.o
 .rodata.pvPortMalloc.str1.4
                0x00000000000046ec       0x49 ./FreeRTOS/portable/MemMang/heap_4.o
 *fill*         0x0000000000004735        0x3 
 .rodata.xPortStartScheduler.str1.4
                0x0000000000004738       0x27 ./FreeRTOS/portable/GCC/RISC-V/port.o
                                         0x49 (size before relaxing)
 *fill*         0x000000000000475f        0x1 
 .rodata.xQueueGenericReset.str1.4
                0x0000000000004760       0x14 ./FreeRTOS/queue.o
                                         0x35 (size before relaxing)
 .rodata.prvTaskIsTaskSuspended.str1.4
                0x0000000000004774       0x14 ./FreeRTOS/tasks.o
                                         0x35 (size before relaxing)
 .rodata.vTaskStartScheduler.str1.4
                0x0000000000004788        0x5 ./FreeRTOS/tasks.o
 *fill*         0x000000000000478d        0x3 
 .rodata.prvTimerTask
                0x0000000000004790       0x24 ./FreeRTOS/timers.o
 .rodata.prvCheckForValidListAndQueue.str1.4
                0x00000000000047b4        0x5 ./FreeRTOS/timers.o
 *fill*         0x00000000000047b9        0x3 
 .rodata.prvTimerTask.str1.4
                0x00000000000047bc       0x15 ./FreeRTOS/timers.o
                                         0x39 (size before relaxing)
 *fill*         0x00000000000047d1        0x3 
 .rodata.xTimerCreateTimerTask.str1.4
                0x00000000000047d4        0x8 ./FreeRTOS/timers.o
 .rodata.main.str1.4
                0x00000000000047dc       0x68 ./main.o
 .rodata.vApplicationMallocFailedHook.str1.4
                0x0000000000004844       0x26 ./main.o
 *fill*         0x000000000000486a        0x2 
 .rodata.vApplicationStackOverflowHook.str1.4
                0x000000000000486c       0x2a ./main.o
 *fill*         0x0000000000004896        0x2 
 .rodata.__clz_tab
                0x0000000000004898      0x100 d:/utils/mounriver/mounriver_studio2/resources/app/resources/win32/components/wch/toolchain/risc-v embedded gcc/bin/../lib/gcc/riscv-none-embed/8.2.0/rv32imacxw/ilp32\libgcc.a(_clz.o)
                0x0000000000004898                __clz_tab
 .rodata.__sf_fake_stderr
                0x0000000000004998       0x20 d:/utils/mounriver/mounriver_studio2/resources/app/resources/win32/components/wch/toolchain/risc-v embedded gcc/bin/../lib/gcc/riscv-none-embed/8.2.0/../../../../riscv-none-embed/lib/rv32imacxw/ilp32\libg_nano.a(lib_a-findfp.o)
                0x0000000000004998                __sf_fake_stderr
 .rodata.__sf_fake_stdin
                0x00000000000049b8       0x20 d:/utils/mounriver/mounriver_studio2/resources/app/resources/win32/components/wch/toolchain/risc-v embedded gcc/bin/../lib/gcc/riscv-none-embed/8.2.0/../../../../riscv-none-embed/lib/rv32imacxw/ilp32\libg_nano.a(lib_a-findfp.o)
                0x00000000000049b8                __sf_fake_stdin
 .rodata.__sf_fake_stdout
                0x00000000000049d8       0x20 d:/utils/mounriver/mounriver_studio2/resources/app/resources/win32/components/wch/toolchain/risc-v embedded gcc/bin/../lib/gcc/riscv-none-embed/8.2.0/../../../../riscv-none-embed/lib/rv32imacxw/ilp32\libg_nano.a(lib_a-findfp.o)
                0x00000000000049d8                __sf_fake_stdout
 .rodata._vfprintf_r.str1.4
                0x00000000000049f8       0x13 d:/utils/mounriver/mounriver_studio2/resources/app/resources/win32/components/wch/toolchain/risc-v embedded gcc/bin/../lib/gcc/riscv-none-embed/8.2.0/../../../../riscv-none-embed/lib/rv32imacxw/ilp32\libg_nano.a(lib_a-nano-vfprintf.o)
 *fill*         0x0000000000004a0b        0x1 
 .rodata._printf_i.str1.4
                0x0000000000004a0c       0x28 d:/utils/mounriver/mounriver_studio2/resources/app/resources/win32/components/wch/toolchain/risc-v embedded gcc/bin/../lib/gcc/riscv-none-embed/8.2.0/../../../../riscv-none-embed/lib/rv32imacxw/ilp32\libg_nano.a(lib_a-nano-vfprintf_i.o)
                                         0x25 (size before relaxing)
 *(.glue_7)
 *(.glue_7t)
 *(.gnu.linkonce.t.*)
                0x0000000000004a34                . = ALIGN (0x4)

.rela.dyn       0x0000000000004a34        0x0
 .rela.text._ZN6ST77899InitPanelEv
                0x0000000000004a34        0x0 ./User/Io/GpioManager.o
 .rela.text._ZN6ST77896oninitEPS_
                0x0000000000004a34        0x0 ./User/Io/GpioManager.o
 .rela.text._ZN11GpioManager4InitEv
                0x0000000000004a34        0x0 ./User/Io/GpioManager.o
 .rela.text._ZNK7Display7SurfaceI6ST7789E17ClipRectToSurfaceERKNS_4RectE
                0x0000000000004a34        0x0 ./User/Io/GpioManager.o
 .rela.text._ZN6ST778912FillRectFastEssttt
                0x0000000000004a34        0x0 ./User/Io/GpioManager.o
 .rela.text._ZN7Display7SurfaceI6ST7789E9DrawHLineEssst
                0x0000000000004a34        0x0 ./User/Io/GpioManager.o
 .rela.text._ZN7Display7SurfaceI6ST7789E9DrawVLineEssst
                0x0000000000004a34        0x0 ./User/Io/GpioManager.o
 .rela.text._ZZN6ST77894TaskEPS_ENKUlRS_RKN7Display4RectEE_clES1_S5_
                0x0000000000004a34        0x0 ./User/Io/GpioManager.o
 .rela.text._ZZN6ST77894TaskEPS_ENUlRS_RKN7Display4RectEE_4_FUNES1_S5_
                0x0000000000004a34        0x0 ./User/Io/GpioManager.o
 .rela.text._ZN7Display10DirtyRectsILj8EE3AddENS_4RectE
                0x0000000000004a34        0x0 ./User/Io/GpioManager.o
 .rela.text._ZN7Display12DirtySurfaceI6ST7789Lj8EE14InvalidateRectERKNS_4RectE
                0x0000000000004a34        0x0 ./User/Io/GpioManager.o
 .rela.text._ZN6ST77894TaskEPS_
                0x0000000000004a34        0x0 ./User/Io/GpioManager.o
 .rela.init     0x0000000000004a34        0x0 ./User/Io/GpioManager.o
 .rela.vector   0x0000000000004a34        0x0 ./User/Io/GpioManager.o
 .rela.text.handle_reset
                0x0000000000004a34        0x0 ./User/Io/GpioManager.o
 .rela.text.xPortStartScheduler
                0x0000000000004a34        0x0 ./User/Io/GpioManager.o
 .rela.sdata2.xISRStackTop
                0x0000000000004a34        0x0 ./User/Io/GpioManager.o
 .rela.text._sbrk
                0x0000000000004a34        0x0 ./User/Io/GpioManager.o
 .rela.sdata.curbrk.4672
                0x0000000000004a34        0x0 ./User/Io/GpioManager.o
 .rela.text._vfprintf_r
                0x0000000000004a34        0x0 ./User/Io/GpioManager.o
 .rela.text._sbrk_r
                0x0000000000004a34        0x0 ./User/Io/GpioManager.o
 .rela.text._write_r
                0x0000000000004a34        0x0 ./User/Io/GpioManager.o
 .rela.text._close_r
                0x0000000000004a34        0x0 ./User/Io/GpioManager.o
 .rela.text._fstat_r
                0x0000000000004a34        0x0 ./User/Io/GpioManager.o
 .rela.text._isatty_r
                0x0000000000004a34        0x0 ./User/Io/GpioManager.o
 .rela.text._lseek_r
                0x0000000000004a34        0x0 ./User/Io/GpioManager.o
 .rela.text._read_r
                0x0000000000004a34        0x0 ./User/Io/GpioManager.o
 .rela.text._close
                0x0000000000004a34        0x0 ./User/Io/GpioManager.o
 .rela.text._fstat
                0x0000000000004a34        0x0 ./User/Io/GpioManager.o
 .rela.text._isatty
                0x0000000000004a34        0x0 ./User/Io/GpioManager.o
 .rela.text._lseek
                0x0000000000004a34        0x0 ./User/Io/GpioManager.o
 .rela.text._read
                0x0000000000004a34        0x0 ./User/Io/GpioManager.o

.fini           0x0000000000004a34        0x0
 *(SORT_NONE(.fini))
                0x0000000000004a34                . = ALIGN (0x4)
                [!provide]                        PROVIDE (_etext = .)
                [!provide]                        PROVIDE (_eitcm = .)

.preinit_array  0x0000000000004a34        0x0
                [!provide]                        PROVIDE (__preinit_array_start = .)
 *(.preinit_array)
                [!provide]                        PROVIDE (__preinit_array_end = .)

.init_array     0x0000000000004a34        0x0
                [!provide]                        PROVIDE (__init_array_start = .)
 *(SORT_BY_INIT_PRIORITY(.init_array.*) SORT_BY_INIT_PRIORITY(.ctors.*))
 *(.init_array EXCLUDE_FILE(*crtend?.o *crtend.o *crtbegin?.o *crtbegin.o) .ctors)
                [!provide]                        PROVIDE (__init_array_end = .)

.fini_array     0x0000000000004a34        0x0
                [!provide]                        PROVIDE (__fini_array_start = .)
 *(SORT_BY_INIT_PRIORITY(.fini_array.*) SORT_BY_INIT_PRIORITY(.dtors.*))
 *(.fini_array EXCLUDE_FILE(*crtend?.o *crtend.o *crtbegin?.o *crtbegin.o) .dtors)
                [!provide]                        PROVIDE (__fini_array_end = .)

.ctors
 *crtbegin.o(.ctors)
 *crtbegin?.o(.ctors)
 *(EXCLUDE_FILE(*crtend?.o *crtend.o) .ctors)
 *(SORT_BY_NAME(.ctors.*))
 *(.ctors)

.dtors
 *crtbegin.o(.dtors)
 *crtbegin?.o(.dtors)
 *(EXCLUDE_FILE(*crtend?.o *crtend.o) .dtors)
 *(SORT_BY_NAME(.dtors.*))
 *(.dtors)

.dalign         0x0000000020000000        0x0 load address 0x0000000000004a34
                0x0000000020000000                . = ALIGN (0x4)
                0x0000000020000000                PROVIDE (_data_vma = .)

.dlalign        0x0000000000004a34        0x0
                0x0000000000004a34                . = ALIGN (0x4)
                0x0000000000004a34                PROVIDE (_data_lma = .)

.data           0x0000000020000000       0xb0 load address 0x0000000000004a34
 *(.gnu.linkonce.r.*)
 *(.data .data.*)
 .data.AHBPrescTable
                0x0000000020000000       0x10 ./User/system_ch32v20x.o
                0x0000000020000000                AHBPrescTable
 .data.APBAHBPrescTable
                0x0000000020000010       0x10 ./Peripheral/src/ch32v20x_rcc.o
 .data.impure_data
                0x0000000020000020       0x60 d:/utils/mounriver/mounriver_studio2/resources/app/resources/win32/components/wch/toolchain/risc-v embedded gcc/bin/../lib/gcc/riscv-none-embed/8.2.0/../../../../riscv-none-embed/lib/rv32imacxw/ilp32\libg_nano.a(lib_a-impure.o)
 *(.gnu.linkonce.d.*)
                0x0000000020000080                . = ALIGN (0x8)
                0x0000000020000880                PROVIDE (__global_pointer$ = (. + 0x800))
 *(.sdata .sdata.*)
 .sdata._ZZN6ST77894TaskEPS_E5box_x
                0x0000000020000080        0x2 ./User/Io/GpioManager.o
                0x0000000020000080                ST7789::Task(ST7789*)::box_x
 *fill*         0x0000000020000082        0x2 
 .sdata.SystemCoreClock
                0x0000000020000084        0x4 ./User/system_ch32v20x.o
                0x0000000020000084                SystemCoreClock
 .sdata.ADCPrescTable
                0x0000000020000088        0x4 ./Peripheral/src/ch32v20x_rcc.o
 .sdata.uxCriticalNesting
                0x000000002000008c        0x4 ./FreeRTOS/portable/GCC/RISC-V/port.o
 .sdata.uxTopUsedPriority
                0x0000000020000090        0x4 ./FreeRTOS/tasks.o
                0x0000000020000090                uxTopUsedPriority
 .sdata.curbrk.4672
                0x0000000020000094        0x4 ./Debug/debug.o
 .sdata._impure_ptr
                0x0000000020000098        0x4 d:/utils/mounriver/mounriver_studio2/resources/app/resources/win32/components/wch/toolchain/risc-v embedded gcc/bin/../lib/gcc/riscv-none-embed/8.2.0/../../../../riscv-none-embed/lib/rv32imacxw/ilp32\libg_nano.a(lib_a-impure.o)
                0x0000000020000098                _impure_ptr
 *(.sdata2.*)
 .sdata2._ZZN6ST77899InitPanelEvE10power_data
                0x000000002000009c        0x2 ./User/Io/GpioManager.o
                0x000000002000009c                ST7789::InitPanel()::power_data
 *fill*         0x000000002000009e        0x2 
 .sdata2._ZZN6ST77899InitPanelEvE10porch_data
                0x00000000200000a0        0x5 ./User/Io/GpioManager.o
                0x00000000200000a0                ST7789::InitPanel()::porch_data
 *fill*         0x00000000200000a5        0x3 
 .sdata2.xISRStackTop
                0x00000000200000a8        0x4 ./FreeRTOS/portable/GCC/RISC-V/port.o
                0x00000000200000a8                xISRStackTop
 .sdata2._global_impure_ptr
                0x00000000200000ac        0x4 d:/utils/mounriver/mounriver_studio2/resources/app/resources/win32/components/wch/toolchain/risc-v embedded gcc/bin/../lib/gcc/riscv-none-embed/8.2.0/../../../../riscv-none-embed/lib/rv32imacxw/ilp32\libg_nano.a(lib_a-impure.o)
                0x00000000200000ac                _global_impure_ptr
 *(.gnu.linkonce.s.*)
                0x00000000200000b0                . = ALIGN (0x8)
 *(.srodata.cst16)
 *(.srodata.cst8)
 *(.srodata.cst4)
 *(.srodata.cst2)
 *(.srodata .srodata.*)
                0x00000000200000b0                . = ALIGN (0x4)
                0x00000000200000b0                PROVIDE (_edata = .)

.bss            0x00000000200000b0     0x16c4 load address 0x0000000000004ae4
                0x00000000200000b0                . = ALIGN (0x4)
                0x00000000200000b0                PROVIDE (_sbss = .)
 *(.sbss*)
 .sbss._ZGVZN11GpioManager4InitEvE6g_Wwdg
                0x00000000200000b0        0x8 ./User/Io/GpioManager.o
 .sbss._ZGVZN11GpioManager4InitEvE8g_ST7789
                0x00000000200000b8        0x8 ./User/Io/GpioManager.o
 .sbss._ZN11GpioManagerL7m_countE
                0x00000000200000c0        0x4 ./User/Io/GpioManager.o
 .sbss.MCU_Version
                0x00000000200000c4        0x1 ./Peripheral/src/ch32v20x_gpio.o
                0x00000000200000c4                MCU_Version
 *fill*         0x00000000200000c5        0x3 
 .sbss.NVIC_Priority_Group
                0x00000000200000c8        0x4 ./Peripheral/src/ch32v20x_misc.o
                0x00000000200000c8                NVIC_Priority_Group
 .sbss.pxEnd    0x00000000200000cc        0x4 ./FreeRTOS/portable/MemMang/heap_4.o
 .sbss.xBlockAllocatedBit
                0x00000000200000d0        0x4 ./FreeRTOS/portable/MemMang/heap_4.o
 .sbss.xFreeBytesRemaining
                0x00000000200000d4        0x4 ./FreeRTOS/portable/MemMang/heap_4.o
 .sbss.xMinimumEverFreeBytesRemaining
                0x00000000200000d8        0x4 ./FreeRTOS/portable/MemMang/heap_4.o
 .sbss.xNumberOfSuccessfulAllocations
                0x00000000200000dc        0x4 ./FreeRTOS/portable/MemMang/heap_4.o
 .sbss.xNumberOfSuccessfulFrees
                0x00000000200000e0        0x4 ./FreeRTOS/portable/MemMang/heap_4.o
 .sbss.xStart   0x00000000200000e4        0x8 ./FreeRTOS/portable/MemMang/heap_4.o
 .sbss.pxCurrentTCB
                0x00000000200000ec        0x4 ./FreeRTOS/tasks.o
                0x00000000200000ec                pxCurrentTCB
 .sbss.pxDelayedTaskList
                0x00000000200000f0        0x4 ./FreeRTOS/tasks.o
 .sbss.pxOverflowDelayedTaskList
                0x00000000200000f4        0x4 ./FreeRTOS/tasks.o
 .sbss.uxCurrentNumberOfTasks
                0x00000000200000f8        0x4 ./FreeRTOS/tasks.o
 .sbss.uxDeletedTasksWaitingCleanUp
                0x00000000200000fc        0x4 ./FreeRTOS/tasks.o
 .sbss.uxSchedulerSuspended
                0x0000000020000100        0x4 ./FreeRTOS/tasks.o
 .sbss.uxTaskNumber
                0x0000000020000104        0x4 ./FreeRTOS/tasks.o
 .sbss.uxTopReadyPriority
                0x0000000020000108        0x4 ./FreeRTOS/tasks.o
 .sbss.xIdleTaskHandle
                0x000000002000010c        0x4 ./FreeRTOS/tasks.o
 .sbss.xNextTaskUnblockTime
                0x0000000020000110        0x4 ./FreeRTOS/tasks.o
 .sbss.xNumOfOverflows
                0x0000000020000114        0x4 ./FreeRTOS/tasks.o
 .sbss.xPendedTicks
                0x0000000020000118        0x4 ./FreeRTOS/tasks.o
 .sbss.xSchedulerRunning
                0x000000002000011c        0x4 ./FreeRTOS/tasks.o
 .sbss.xTickCount
                0x0000000020000120        0x4 ./FreeRTOS/tasks.o
 .sbss.xYieldPending
                0x0000000020000124        0x4 ./FreeRTOS/tasks.o
 .sbss.pxCurrentTimerList
                0x0000000020000128        0x4 ./FreeRTOS/timers.o
 .sbss.pxOverflowTimerList
                0x000000002000012c        0x4 ./FreeRTOS/timers.o
 .sbss.xLastTime.5722
                0x0000000020000130        0x4 ./FreeRTOS/timers.o
 .sbss.xTimerQueue
                0x0000000020000134        0x4 ./FreeRTOS/timers.o
 .sbss.xTimerTaskHandle
                0x0000000020000138        0x4 ./FreeRTOS/timers.o
 .sbss.p_ms     0x000000002000013c        0x2 ./Debug/debug.o
 .sbss.p_us     0x000000002000013e        0x1 ./Debug/debug.o
 *fill*         0x000000002000013f        0x1 
 .sbss.__malloc_free_list
                0x0000000020000140        0x4 d:/utils/mounriver/mounriver_studio2/resources/app/resources/win32/components/wch/toolchain/risc-v embedded gcc/bin/../lib/gcc/riscv-none-embed/8.2.0/../../../../riscv-none-embed/lib/rv32imacxw/ilp32\libg_nano.a(lib_a-nano-mallocr.o)
                0x0000000020000140                __malloc_free_list
 .sbss.__malloc_sbrk_start
                0x0000000020000144        0x4 d:/utils/mounriver/mounriver_studio2/resources/app/resources/win32/components/wch/toolchain/risc-v embedded gcc/bin/../lib/gcc/riscv-none-embed/8.2.0/../../../../riscv-none-embed/lib/rv32imacxw/ilp32\libg_nano.a(lib_a-nano-mallocr.o)
                0x0000000020000144                __malloc_sbrk_start
 *(.gnu.linkonce.sb.*)
 *(.bss*)
 .bss._ZN11GpioManagerL6m_gpioE
                0x0000000020000148       0x20 ./User/Io/GpioManager.o
 .bss._ZZN11GpioManager4InitEvE6g_Wwdg
                0x0000000020000168       0x24 ./User/Io/GpioManager.o
 .bss._ZZN11GpioManager4InitEvE8g_ST7789
                0x000000002000018c       0x78 ./User/Io/GpioManager.o
 .bss.ucHeap    0x0000000020000204     0x1400 ./FreeRTOS/portable/MemMang/heap_4.o
 .bss.xQueueRegistry
                0x0000000020001604       0x40 ./FreeRTOS/queue.o
                0x0000000020001604                xQueueRegistry
 .bss.pxReadyTasksLists
                0x0000000020001644       0xa0 ./FreeRTOS/tasks.o
 .bss.xDelayedTaskList1
                0x00000000200016e4       0x14 ./FreeRTOS/tasks.o
 .bss.xDelayedTaskList2
                0x00000000200016f8       0x14 ./FreeRTOS/tasks.o
 .bss.xPendingReadyList
                0x000000002000170c       0x14 ./FreeRTOS/tasks.o
 .bss.xSuspendedTaskList
                0x0000000020001720       0x14 ./FreeRTOS/tasks.o
 .bss.xTasksWaitingTermination
                0x0000000020001734       0x14 ./FreeRTOS/tasks.o
 .bss.xActiveTimerList1
                0x0000000020001748       0x14 ./FreeRTOS/timers.o
 .bss.xActiveTimerList2
                0x000000002000175c       0x14 ./FreeRTOS/timers.o
 *(.gnu.linkonce.b.*)
 *(COMMON*)
 COMMON         0x0000000020001770        0x4 d:/utils/mounriver/mounriver_studio2/resources/app/resources/win32/components/wch/toolchain/risc-v embedded gcc/bin/../lib/gcc/riscv-none-embed/8.2.0/../../../../riscv-none-embed/lib/rv32imacxw/ilp32\libg_nano.a(lib_a-reent.o)
                0x0000000020001770                errno
                0x0000000020001774                . = ALIGN (0x4)
                0x0000000020001774                PROVIDE (_ebss = .)
                0x0000000020001774                PROVIDE (_end = _ebss)
                [!provide]                        PROVIDE (end = .)

.stack          0x0000000020004800      0x800
                0x0000000020004800                PROVIDE (_heap_end = .)
                0x0000000020004800                . = ALIGN (0x4)
                [!provide]                        PROVIDE (_susrstack = .)
                0x0000000020005000                . = (. + __stack_size)
 *fill*         0x0000000020004800      0x800 
                0x0000000020005000                PROVIDE (_eusrstack = .)
                0x0000000020005000                __freertos_irq_stack_top = .
OUTPUT(CH32V203Template.elf elf32-littleriscv)

.debug_info     0x0000000000000000    0x2a776
 .debug_info    0x0000000000000000     0xca00 ./User/Io/GpioManager.o
 .debug_info    0x000000000000ca00      0xbc0 ./User/ch32v20x_it.o
 .debug_info    0x000000000000d5c0      0xb89 ./User/system_ch32v20x.o
 .debug_info    0x000000000000e149       0x22 ./Startup/startup_ch32v20x_D6.o
 .debug_info    0x000000000000e16b      0xa94 ./Peripheral/src/ch32v20x_dbgmcu.o
 .debug_info    0x000000000000ebff     0x133b ./Peripheral/src/ch32v20x_gpio.o
 .debug_info    0x000000000000ff3a      0xe67 ./Peripheral/src/ch32v20x_misc.o
 .debug_info    0x0000000000010da1     0x1273 ./Peripheral/src/ch32v20x_rcc.o
 .debug_info    0x0000000000012014     0x12c1 ./Peripheral/src/ch32v20x_spi.o
 .debug_info    0x00000000000132d5     0x135c ./Peripheral/src/ch32v20x_usart.o
 .debug_info    0x0000000000014631      0xb27 ./Peripheral/src/ch32v20x_wwdg.o
 .debug_info    0x0000000000015158      0xe8e ./FreeRTOS/portable/MemMang/heap_4.o
 .debug_info    0x0000000000015fe6     0x1079 ./FreeRTOS/portable/GCC/RISC-V/port.o
 .debug_info    0x000000000001705f       0x26 ./FreeRTOS/portable/GCC/RISC-V/portASM.o
 .debug_info    0x0000000000017085      0xb80 ./FreeRTOS/list.o
 .debug_info    0x0000000000017c05     0x2e7f ./FreeRTOS/queue.o
 .debug_info    0x000000000001aa84     0x39ad ./FreeRTOS/tasks.o
 .debug_info    0x000000000001e431     0x1e7e ./FreeRTOS/timers.o
 .debug_info    0x00000000000202af      0xf2d ./Debug/debug.o
 .debug_info    0x00000000000211dc     0x959a ./main.o

.debug_abbrev   0x0000000000000000     0x4a35
 .debug_abbrev  0x0000000000000000      0xd25 ./User/Io/GpioManager.o
 .debug_abbrev  0x0000000000000d25      0x22c ./User/ch32v20x_it.o
 .debug_abbrev  0x0000000000000f51      0x2c0 ./User/system_ch32v20x.o
 .debug_abbrev  0x0000000000001211       0x12 ./Startup/startup_ch32v20x_D6.o
 .debug_abbrev  0x0000000000001223      0x2f7 ./Peripheral/src/ch32v20x_dbgmcu.o
 .debug_abbrev  0x000000000000151a      0x34b ./Peripheral/src/ch32v20x_gpio.o
 .debug_abbrev  0x0000000000001865      0x2e1 ./Peripheral/src/ch32v20x_misc.o
 .debug_abbrev  0x0000000000001b46      0x36b ./Peripheral/src/ch32v20x_rcc.o
 .debug_abbrev  0x0000000000001eb1      0x307 ./Peripheral/src/ch32v20x_spi.o
 .debug_abbrev  0x00000000000021b8      0x32e ./Peripheral/src/ch32v20x_usart.o
 .debug_abbrev  0x00000000000024e6      0x29d ./Peripheral/src/ch32v20x_wwdg.o
 .debug_abbrev  0x0000000000002783      0x388 ./FreeRTOS/portable/MemMang/heap_4.o
 .debug_abbrev  0x0000000000002b0b      0x3ad ./FreeRTOS/portable/GCC/RISC-V/port.o
 .debug_abbrev  0x0000000000002eb8       0x14 ./FreeRTOS/portable/GCC/RISC-V/portASM.o
 .debug_abbrev  0x0000000000002ecc      0x254 ./FreeRTOS/list.o
 .debug_abbrev  0x0000000000003120      0x461 ./FreeRTOS/queue.o
 .debug_abbrev  0x0000000000003581      0x54e ./FreeRTOS/tasks.o
 .debug_abbrev  0x0000000000003acf      0x41b ./FreeRTOS/timers.o
 .debug_abbrev  0x0000000000003eea      0x2e2 ./Debug/debug.o
 .debug_abbrev  0x00000000000041cc      0x869 ./main.o

.debug_loc      0x0000000000000000     0x7fe7
 .debug_loc     0x0000000000000000     0x1288 ./User/Io/GpioManager.o
 .debug_loc     0x0000000000001288       0xac ./User/system_ch32v20x.o
 .debug_loc     0x0000000000001334       0x7c ./Peripheral/src/ch32v20x_dbgmcu.o
 .debug_loc     0x00000000000013b0      0x888 ./Peripheral/src/ch32v20x_gpio.o
 .debug_loc     0x0000000000001c38       0x47 ./Peripheral/src/ch32v20x_misc.o
 .debug_loc     0x0000000000001c7f      0x797 ./Peripheral/src/ch32v20x_rcc.o
 .debug_loc     0x0000000000002416      0x57f ./Peripheral/src/ch32v20x_spi.o
 .debug_loc     0x0000000000002995      0x746 ./Peripheral/src/ch32v20x_usart.o
 .debug_loc     0x00000000000030db       0xae ./Peripheral/src/ch32v20x_wwdg.o
 .debug_loc     0x0000000000003189      0x327 ./FreeRTOS/portable/MemMang/heap_4.o
 .debug_loc     0x00000000000034b0       0xad ./FreeRTOS/portable/GCC/RISC-V/port.o
 .debug_loc     0x000000000000355d       0x94 ./FreeRTOS/list.o
 .debug_loc     0x00000000000035f1     0x199e ./FreeRTOS/queue.o
 .debug_loc     0x0000000000004f8f     0x2203 ./FreeRTOS/tasks.o
 .debug_loc     0x0000000000007192      0xc9c ./FreeRTOS/timers.o
 .debug_loc     0x0000000000007e2e      0x177 ./Debug/debug.o
 .debug_loc     0x0000000000007fa5       0x42 ./main.o

.debug_aranges  0x0000000000000000      0xab0
 .debug_aranges
                0x0000000000000000      0x108 ./User/Io/GpioManager.o
 .debug_aranges
                0x0000000000000108       0x28 ./User/ch32v20x_it.o
 .debug_aranges
                0x0000000000000130       0x28 ./User/system_ch32v20x.o
 .debug_aranges
                0x0000000000000158       0x30 ./Startup/startup_ch32v20x_D6.o
 .debug_aranges
                0x0000000000000188       0x48 ./Peripheral/src/ch32v20x_dbgmcu.o
 .debug_aranges
                0x00000000000001d0       0xb0 ./Peripheral/src/ch32v20x_gpio.o
 .debug_aranges
                0x0000000000000280       0x28 ./Peripheral/src/ch32v20x_misc.o
 .debug_aranges
                0x00000000000002a8      0x130 ./Peripheral/src/ch32v20x_rcc.o
 .debug_aranges
                0x00000000000003d8       0xd0 ./Peripheral/src/ch32v20x_spi.o
 .debug_aranges
                0x00000000000004a8       0xf0 ./Peripheral/src/ch32v20x_usart.o
 .debug_aranges
                0x0000000000000598       0x58 ./Peripheral/src/ch32v20x_wwdg.o
 .debug_aranges
                0x00000000000005f0       0x50 ./FreeRTOS/portable/MemMang/heap_4.o
 .debug_aranges
                0x0000000000000640       0x58 ./FreeRTOS/portable/GCC/RISC-V/port.o
 .debug_aranges
                0x0000000000000698       0x20 ./FreeRTOS/portable/GCC/RISC-V/portASM.o
 .debug_aranges
                0x00000000000006b8       0x40 ./FreeRTOS/list.o
 .debug_aranges
                0x00000000000006f8       0xf0 ./FreeRTOS/queue.o
 .debug_aranges
                0x00000000000007e8      0x1a0 ./FreeRTOS/tasks.o
 .debug_aranges
                0x0000000000000988       0xa8 ./FreeRTOS/timers.o
 .debug_aranges
                0x0000000000000a30       0x50 ./Debug/debug.o
 .debug_aranges
                0x0000000000000a80       0x30 ./main.o

.debug_ranges   0x0000000000000000     0x1298
 .debug_ranges  0x0000000000000000      0x488 ./User/Io/GpioManager.o
 .debug_ranges  0x0000000000000488       0x38 ./User/ch32v20x_it.o
 .debug_ranges  0x00000000000004c0       0x38 ./User/system_ch32v20x.o
 .debug_ranges  0x00000000000004f8       0x28 ./Startup/startup_ch32v20x_D6.o
 .debug_ranges  0x0000000000000520       0x50 ./Peripheral/src/ch32v20x_dbgmcu.o
 .debug_ranges  0x0000000000000570       0xa0 ./Peripheral/src/ch32v20x_gpio.o
 .debug_ranges  0x0000000000000610       0x30 ./Peripheral/src/ch32v20x_misc.o
 .debug_ranges  0x0000000000000640      0x120 ./Peripheral/src/ch32v20x_rcc.o
 .debug_ranges  0x0000000000000760       0xc0 ./Peripheral/src/ch32v20x_spi.o
 .debug_ranges  0x0000000000000820       0xe0 ./Peripheral/src/ch32v20x_usart.o
 .debug_ranges  0x0000000000000900       0x48 ./Peripheral/src/ch32v20x_wwdg.o
 .debug_ranges  0x0000000000000948       0x58 ./FreeRTOS/portable/MemMang/heap_4.o
 .debug_ranges  0x00000000000009a0       0x60 ./FreeRTOS/portable/GCC/RISC-V/port.o
 .debug_ranges  0x0000000000000a00       0x30 ./FreeRTOS/list.o
 .debug_ranges  0x0000000000000a30      0x2b0 ./FreeRTOS/queue.o
 .debug_ranges  0x0000000000000ce0      0x418 ./FreeRTOS/tasks.o
 .debug_ranges  0x00000000000010f8      0x140 ./FreeRTOS/timers.o
 .debug_ranges  0x0000000000001238       0x40 ./Debug/debug.o
 .debug_ranges  0x0000000000001278       0x20 ./main.o

.debug_line     0x0000000000000000    0x14521
 .debug_line    0x0000000000000000     0x23d4 ./User/Io/GpioManager.o
 .debug_line    0x00000000000023d4      0x342 ./User/ch32v20x_it.o
 .debug_line    0x0000000000002716      0x717 ./User/system_ch32v20x.o
 .debug_line    0x0000000000002e2d      0x121 ./Startup/startup_ch32v20x_D6.o
 .debug_line    0x0000000000002f4e      0x3f9 ./Peripheral/src/ch32v20x_dbgmcu.o
 .debug_line    0x0000000000003347     0x1655 ./Peripheral/src/ch32v20x_gpio.o
 .debug_line    0x000000000000499c      0x44e ./Peripheral/src/ch32v20x_misc.o
 .debug_line    0x0000000000004dea     0x11fd ./Peripheral/src/ch32v20x_rcc.o
 .debug_line    0x0000000000005fe7      0xd71 ./Peripheral/src/ch32v20x_spi.o
 .debug_line    0x0000000000006d58      0xf0c ./Peripheral/src/ch32v20x_usart.o
 .debug_line    0x0000000000007c64      0x503 ./Peripheral/src/ch32v20x_wwdg.o
 .debug_line    0x0000000000008167      0xd58 ./FreeRTOS/portable/MemMang/heap_4.o
 .debug_line    0x0000000000008ebf      0x817 ./FreeRTOS/portable/GCC/RISC-V/port.o
 .debug_line    0x00000000000096d6      0x368 ./FreeRTOS/portable/GCC/RISC-V/portASM.o
 .debug_line    0x0000000000009a3e      0x711 ./FreeRTOS/list.o
 .debug_line    0x000000000000a14f     0x2fe7 ./FreeRTOS/queue.o
 .debug_line    0x000000000000d136     0x4d38 ./FreeRTOS/tasks.o
 .debug_line    0x0000000000011e6e     0x147c ./FreeRTOS/timers.o
 .debug_line    0x00000000000132ea      0x7a9 ./Debug/debug.o
 .debug_line    0x0000000000013a93      0xa8e ./main.o

.debug_str      0x0000000000000000    0x10164
 .debug_str     0x0000000000000000     0xd24a ./User/Io/GpioManager.o
                                       0xd7ab (size before relaxing)
 .debug_str     0x000000000000d24a      0x160 ./User/ch32v20x_it.o
                                        0x681 (size before relaxing)
 .debug_str     0x000000000000d3aa      0x10b ./User/system_ch32v20x.o
                                        0x6c8 (size before relaxing)
 .debug_str     0x000000000000d4b5       0x2d ./Startup/startup_ch32v20x_D6.o
                                         0x55 (size before relaxing)
 .debug_str     0x000000000000d4e2       0x98 ./Peripheral/src/ch32v20x_dbgmcu.o
                                        0x642 (size before relaxing)
 .debug_str     0x000000000000d57a      0x251 ./Peripheral/src/ch32v20x_gpio.o
                                        0x9b8 (size before relaxing)
 .debug_str     0x000000000000d7cb      0x39f ./Peripheral/src/ch32v20x_misc.o
                                        0xa7a (size before relaxing)
 .debug_str     0x000000000000db6a      0x3c0 ./Peripheral/src/ch32v20x_rcc.o
                                        0xaca (size before relaxing)
 .debug_str     0x000000000000df2a      0x260 ./Peripheral/src/ch32v20x_spi.o
                                        0xa8b (size before relaxing)
 .debug_str     0x000000000000e18a      0x3dc ./Peripheral/src/ch32v20x_usart.o
                                        0xafa (size before relaxing)
 .debug_str     0x000000000000e566       0x3d ./Peripheral/src/ch32v20x_wwdg.o
                                        0x6ae (size before relaxing)
 .debug_str     0x000000000000e5a3      0x339 ./FreeRTOS/portable/MemMang/heap_4.o
                                        0x8ed (size before relaxing)
 .debug_str     0x000000000000e8dc      0x13c ./FreeRTOS/portable/GCC/RISC-V/port.o
                                        0xb13 (size before relaxing)
 .debug_str     0x000000000000ea18       0x2a ./FreeRTOS/portable/GCC/RISC-V/portASM.o
                                         0x5e (size before relaxing)
 .debug_str     0x000000000000ea42      0x125 ./FreeRTOS/list.o
                                        0x6da (size before relaxing)
 .debug_str     0x000000000000eb67      0x719 ./FreeRTOS/queue.o
                                       0x1266 (size before relaxing)
 .debug_str     0x000000000000f280      0x9fd ./FreeRTOS/tasks.o
                                       0x17b9 (size before relaxing)
 .debug_str     0x000000000000fc7d      0x424 ./FreeRTOS/timers.o
                                       0x1069 (size before relaxing)
 .debug_str     0x00000000000100a1       0x95 ./Debug/debug.o
                                        0x90d (size before relaxing)
 .debug_str     0x0000000000010136       0x2e ./main.o
                                       0xc267 (size before relaxing)

.comment        0x0000000000000000       0x33
 .comment       0x0000000000000000       0x33 ./User/Io/GpioManager.o
                                         0x34 (size before relaxing)
 .comment       0x0000000000000033       0x34 ./User/ch32v20x_it.o
 .comment       0x0000000000000033       0x34 ./User/system_ch32v20x.o
 .comment       0x0000000000000033       0x34 ./Peripheral/src/ch32v20x_dbgmcu.o
 .comment       0x0000000000000033       0x34 ./Peripheral/src/ch32v20x_gpio.o
 .comment       0x0000000000000033       0x34 ./Peripheral/src/ch32v20x_misc.o
 .comment       0x0000000000000033       0x34 ./Peripheral/src/ch32v20x_rcc.o
 .comment       0x0000000000000033       0x34 ./Peripheral/src/ch32v20x_spi.o
 .comment       0x0000000000000033       0x34 ./Peripheral/src/ch32v20x_usart.o
 .comment       0x0000000000000033       0x34 ./Peripheral/src/ch32v20x_wwdg.o
 .comment       0x0000000000000033       0x34 ./FreeRTOS/portable/MemMang/heap_4.o
 .comment       0x0000000000000033       0x34 ./FreeRTOS/portable/GCC/RISC-V/port.o
 .comment       0x0000000000000033       0x34 ./FreeRTOS/list.o
 .comment       0x0000000000000033       0x34 ./FreeRTOS/queue.o
 .comment       0x0000000000000033       0x34 ./FreeRTOS/tasks.o
 .comment       0x0000000000000033       0x34 ./FreeRTOS/timers.o
 .comment       0x0000000000000033       0x34 ./Debug/debug.o
 .comment       0x0000000000000033       0x34 ./main.o

.debug_frame    0x0000000000000000     0x2610
 .debug_frame   0x0000000000000000      0x3d4 ./User/Io/GpioManager.o
 .debug_frame   0x00000000000003d4       0x3c ./User/ch32v20x_it.o
 .debug_frame   0x0000000000000410       0x3c ./User/system_ch32v20x.o
 .debug_frame   0x000000000000044c       0x70 ./Peripheral/src/ch32v20x_dbgmcu.o
 .debug_frame   0x00000000000004bc      0x170 ./Peripheral/src/ch32v20x_gpio.o
 .debug_frame   0x000000000000062c       0x30 ./Peripheral/src/ch32v20x_misc.o
 .debug_frame   0x000000000000065c      0x254 ./Peripheral/src/ch32v20x_rcc.o
 .debug_frame   0x00000000000008b0      0x1a8 ./Peripheral/src/ch32v20x_spi.o
 .debug_frame   0x0000000000000a58      0x1e4 ./Peripheral/src/ch32v20x_usart.o
 .debug_frame   0x0000000000000c3c       0xa4 ./Peripheral/src/ch32v20x_wwdg.o
 .debug_frame   0x0000000000000ce0       0xcc ./FreeRTOS/portable/MemMang/heap_4.o
 .debug_frame   0x0000000000000dac       0xf4 ./FreeRTOS/portable/GCC/RISC-V/port.o
 .debug_frame   0x0000000000000ea0       0x60 ./FreeRTOS/list.o
 .debug_frame   0x0000000000000f00      0x42c ./FreeRTOS/queue.o
 .debug_frame   0x000000000000132c      0x638 ./FreeRTOS/tasks.o
 .debug_frame   0x0000000000001964      0x268 ./FreeRTOS/timers.o
 .debug_frame   0x0000000000001bcc       0xb8 ./Debug/debug.o
 .debug_frame   0x0000000000001c84       0x58 ./main.o
 .debug_frame   0x0000000000001cdc       0x20 d:/utils/mounriver/mounriver_studio2/resources/app/resources/win32/components/wch/toolchain/risc-v embedded gcc/bin/../lib/gcc/riscv-none-embed/8.2.0/../../../../riscv-none-embed/lib/rv32imacxw/ilp32\libg_nano.a(lib_a-memcpy.o)
 .debug_frame   0x0000000000001cfc       0x54 d:/utils/mounriver/mounriver_studio2/resources/app/resources/win32/components/wch/toolchain/risc-v embedded gcc/bin/../lib/gcc/riscv-none-embed/8.2.0/../../../../riscv-none-embed/lib/rv32imacxw/ilp32\libg_nano.a(lib_a-printf.o)
 .debug_frame   0x0000000000001d50       0x54 d:/utils/mounriver/mounriver_studio2/resources/app/resources/win32/components/wch/toolchain/risc-v embedded gcc/bin/../lib/gcc/riscv-none-embed/8.2.0/../../../../riscv-none-embed/lib/rv32imacxw/ilp32\libg_nano.a(lib_a-puts.o)
 .debug_frame   0x0000000000001da4       0x50 d:/utils/mounriver/mounriver_studio2/resources/app/resources/win32/components/wch/toolchain/risc-v embedded gcc/bin/../lib/gcc/riscv-none-embed/8.2.0/../../../../riscv-none-embed/lib/rv32imacxw/ilp32\libg_nano.a(lib_a-wbuf.o)
 .debug_frame   0x0000000000001df4       0x3c d:/utils/mounriver/mounriver_studio2/resources/app/resources/win32/components/wch/toolchain/risc-v embedded gcc/bin/../lib/gcc/riscv-none-embed/8.2.0/../../../../riscv-none-embed/lib/rv32imacxw/ilp32\libg_nano.a(lib_a-wsetup.o)
 .debug_frame   0x0000000000001e30       0x7c d:/utils/mounriver/mounriver_studio2/resources/app/resources/win32/components/wch/toolchain/risc-v embedded gcc/bin/../lib/gcc/riscv-none-embed/8.2.0/../../../../riscv-none-embed/lib/rv32imacxw/ilp32\libg_nano.a(lib_a-fflush.o)
 .debug_frame   0x0000000000001eac      0x148 d:/utils/mounriver/mounriver_studio2/resources/app/resources/win32/components/wch/toolchain/risc-v embedded gcc/bin/../lib/gcc/riscv-none-embed/8.2.0/../../../../riscv-none-embed/lib/rv32imacxw/ilp32\libg_nano.a(lib_a-findfp.o)
 .debug_frame   0x0000000000001ff4       0x88 d:/utils/mounriver/mounriver_studio2/resources/app/resources/win32/components/wch/toolchain/risc-v embedded gcc/bin/../lib/gcc/riscv-none-embed/8.2.0/../../../../riscv-none-embed/lib/rv32imacxw/ilp32\libg_nano.a(lib_a-fwalk.o)
 .debug_frame   0x000000000000207c       0x64 d:/utils/mounriver/mounriver_studio2/resources/app/resources/win32/components/wch/toolchain/risc-v embedded gcc/bin/../lib/gcc/riscv-none-embed/8.2.0/../../../../riscv-none-embed/lib/rv32imacxw/ilp32\libg_nano.a(lib_a-makebuf.o)
 .debug_frame   0x00000000000020e0       0x40 d:/utils/mounriver/mounriver_studio2/resources/app/resources/win32/components/wch/toolchain/risc-v embedded gcc/bin/../lib/gcc/riscv-none-embed/8.2.0/../../../../riscv-none-embed/lib/rv32imacxw/ilp32\libg_nano.a(lib_a-nano-freer.o)
 .debug_frame   0x0000000000002120       0x40 d:/utils/mounriver/mounriver_studio2/resources/app/resources/win32/components/wch/toolchain/risc-v embedded gcc/bin/../lib/gcc/riscv-none-embed/8.2.0/../../../../riscv-none-embed/lib/rv32imacxw/ilp32\libg_nano.a(lib_a-nano-mallocr.o)
 .debug_frame   0x0000000000002160       0xd0 d:/utils/mounriver/mounriver_studio2/resources/app/resources/win32/components/wch/toolchain/risc-v embedded gcc/bin/../lib/gcc/riscv-none-embed/8.2.0/../../../../riscv-none-embed/lib/rv32imacxw/ilp32\libg_nano.a(lib_a-nano-vfprintf.o)
 .debug_frame   0x0000000000002230       0x8c d:/utils/mounriver/mounriver_studio2/resources/app/resources/win32/components/wch/toolchain/risc-v embedded gcc/bin/../lib/gcc/riscv-none-embed/8.2.0/../../../../riscv-none-embed/lib/rv32imacxw/ilp32\libg_nano.a(lib_a-nano-vfprintf_i.o)
 .debug_frame   0x00000000000022bc       0x30 d:/utils/mounriver/mounriver_studio2/resources/app/resources/win32/components/wch/toolchain/risc-v embedded gcc/bin/../lib/gcc/riscv-none-embed/8.2.0/../../../../riscv-none-embed/lib/rv32imacxw/ilp32\libg_nano.a(lib_a-sbrkr.o)
 .debug_frame   0x00000000000022ec       0xa4 d:/utils/mounriver/mounriver_studio2/resources/app/resources/win32/components/wch/toolchain/risc-v embedded gcc/bin/../lib/gcc/riscv-none-embed/8.2.0/../../../../riscv-none-embed/lib/rv32imacxw/ilp32\libg_nano.a(lib_a-stdio.o)
 .debug_frame   0x0000000000002390       0x30 d:/utils/mounriver/mounriver_studio2/resources/app/resources/win32/components/wch/toolchain/risc-v embedded gcc/bin/../lib/gcc/riscv-none-embed/8.2.0/../../../../riscv-none-embed/lib/rv32imacxw/ilp32\libg_nano.a(lib_a-writer.o)
 .debug_frame   0x00000000000023c0       0x30 d:/utils/mounriver/mounriver_studio2/resources/app/resources/win32/components/wch/toolchain/risc-v embedded gcc/bin/../lib/gcc/riscv-none-embed/8.2.0/../../../../riscv-none-embed/lib/rv32imacxw/ilp32\libg_nano.a(lib_a-closer.o)
 .debug_frame   0x00000000000023f0       0x30 d:/utils/mounriver/mounriver_studio2/resources/app/resources/win32/components/wch/toolchain/risc-v embedded gcc/bin/../lib/gcc/riscv-none-embed/8.2.0/../../../../riscv-none-embed/lib/rv32imacxw/ilp32\libg_nano.a(lib_a-fstatr.o)
 .debug_frame   0x0000000000002420       0x30 d:/utils/mounriver/mounriver_studio2/resources/app/resources/win32/components/wch/toolchain/risc-v embedded gcc/bin/../lib/gcc/riscv-none-embed/8.2.0/../../../../riscv-none-embed/lib/rv32imacxw/ilp32\libg_nano.a(lib_a-isattyr.o)
 .debug_frame   0x0000000000002450       0x30 d:/utils/mounriver/mounriver_studio2/resources/app/resources/win32/components/wch/toolchain/risc-v embedded gcc/bin/../lib/gcc/riscv-none-embed/8.2.0/../../../../riscv-none-embed/lib/rv32imacxw/ilp32\libg_nano.a(lib_a-lseekr.o)
 .debug_frame   0x0000000000002480       0x20 d:/utils/mounriver/mounriver_studio2/resources/app/resources/win32/components/wch/toolchain/risc-v embedded gcc/bin/../lib/gcc/riscv-none-embed/8.2.0/../../../../riscv-none-embed/lib/rv32imacxw/ilp32\libg_nano.a(lib_a-memchr.o)
 .debug_frame   0x00000000000024a0       0x30 d:/utils/mounriver/mounriver_studio2/resources/app/resources/win32/components/wch/toolchain/risc-v embedded gcc/bin/../lib/gcc/riscv-none-embed/8.2.0/../../../../riscv-none-embed/lib/rv32imacxw/ilp32\libg_nano.a(lib_a-mlock.o)
 .debug_frame   0x00000000000024d0       0x30 d:/utils/mounriver/mounriver_studio2/resources/app/resources/win32/components/wch/toolchain/risc-v embedded gcc/bin/../lib/gcc/riscv-none-embed/8.2.0/../../../../riscv-none-embed/lib/rv32imacxw/ilp32\libg_nano.a(lib_a-readr.o)
 .debug_frame   0x0000000000002500       0x70 d:/utils/mounriver/mounriver_studio2/resources/app/resources/win32/components/wch/toolchain/risc-v embedded gcc/bin/../lib/gcc/riscv-none-embed/8.2.0/../../../../riscv-none-embed/lib/rv32imacxw/ilp32\libg_nano.a(lib_a-reent.o)
 .debug_frame   0x0000000000002570       0x20 d:/utils/mounriver/mounriver_studio2/resources/app/resources/win32/components/wch/toolchain/risc-v embedded gcc/bin/../lib/gcc/riscv-none-embed/8.2.0/../../../../riscv-none-embed/lib/rv32imacxw/ilp32\libnosys.a(close.o)
 .debug_frame   0x0000000000002590       0x20 d:/utils/mounriver/mounriver_studio2/resources/app/resources/win32/components/wch/toolchain/risc-v embedded gcc/bin/../lib/gcc/riscv-none-embed/8.2.0/../../../../riscv-none-embed/lib/rv32imacxw/ilp32\libnosys.a(fstat.o)
 .debug_frame   0x00000000000025b0       0x20 d:/utils/mounriver/mounriver_studio2/resources/app/resources/win32/components/wch/toolchain/risc-v embedded gcc/bin/../lib/gcc/riscv-none-embed/8.2.0/../../../../riscv-none-embed/lib/rv32imacxw/ilp32\libnosys.a(isatty.o)
 .debug_frame   0x00000000000025d0       0x20 d:/utils/mounriver/mounriver_studio2/resources/app/resources/win32/components/wch/toolchain/risc-v embedded gcc/bin/../lib/gcc/riscv-none-embed/8.2.0/../../../../riscv-none-embed/lib/rv32imacxw/ilp32\libnosys.a(lseek.o)
 .debug_frame   0x00000000000025f0       0x20 d:/utils/mounriver/mounriver_studio2/resources/app/resources/win32/components/wch/toolchain/risc-v embedded gcc/bin/../lib/gcc/riscv-none-embed/8.2.0/../../../../riscv-none-embed/lib/rv32imacxw/ilp32\libnosys.a(read.o)

.stab           0x0000000000000000       0x84
 .stab          0x0000000000000000       0x24 d:/utils/mounriver/mounriver_studio2/resources/app/resources/win32/components/wch/toolchain/risc-v embedded gcc/bin/../lib/gcc/riscv-none-embed/8.2.0/../../../../riscv-none-embed/lib/rv32imacxw/ilp32\libnosys.a(close.o)
 .stab          0x0000000000000024       0x18 d:/utils/mounriver/mounriver_studio2/resources/app/resources/win32/components/wch/toolchain/risc-v embedded gcc/bin/../lib/gcc/riscv-none-embed/8.2.0/../../../../riscv-none-embed/lib/rv32imacxw/ilp32\libnosys.a(fstat.o)
                                         0x24 (size before relaxing)
 .stab          0x000000000000003c       0x18 d:/utils/mounriver/mounriver_studio2/resources/app/resources/win32/components/wch/toolchain/risc-v embedded gcc/bin/../lib/gcc/riscv-none-embed/8.2.0/../../../../riscv-none-embed/lib/rv32imacxw/ilp32\libnosys.a(isatty.o)
                                         0x24 (size before relaxing)
 .stab          0x0000000000000054       0x18 d:/utils/mounriver/mounriver_studio2/resources/app/resources/win32/components/wch/toolchain/risc-v embedded gcc/bin/../lib/gcc/riscv-none-embed/8.2.0/../../../../riscv-none-embed/lib/rv32imacxw/ilp32\libnosys.a(lseek.o)
                                         0x24 (size before relaxing)
 .stab          0x000000000000006c       0x18 d:/utils/mounriver/mounriver_studio2/resources/app/resources/win32/components/wch/toolchain/risc-v embedded gcc/bin/../lib/gcc/riscv-none-embed/8.2.0/../../../../riscv-none-embed/lib/rv32imacxw/ilp32\libnosys.a(read.o)
                                         0x24 (size before relaxing)

.stabstr        0x0000000000000000      0x117
 .stabstr       0x0000000000000000      0x117 d:/utils/mounriver/mounriver_studio2/resources/app/resources/win32/components/wch/toolchain/risc-v embedded gcc/bin/../lib/gcc/riscv-none-embed/8.2.0/../../../../riscv-none-embed/lib/rv32imacxw/ilp32\libnosys.a(close.o)
