Archive member included to satisfy reference by file (symbol)

d:/utils/mounriver/mounriver_studio2/resources/app/resources/win32/components/wch/toolchain/risc-v embedded gcc/bin/../lib/gcc/riscv-none-embed/8.2.0/../../../../riscv-none-embed/lib/rv32imacxw/ilp32\libstdc++_nano.a(guard.o)
                              ./main.o (__cxa_guard_acquire)
d:/utils/mounriver/mounriver_studio2/resources/app/resources/win32/components/wch/toolchain/risc-v embedded gcc/bin/../lib/gcc/riscv-none-embed/8.2.0/rv32imacxw/ilp32\libgcc.a(_divdi3.o)
                              ./Peripheral/src/ch32v20x_usart.o (__divdi3)
d:/utils/mounriver/mounriver_studio2/resources/app/resources/win32/components/wch/toolchain/risc-v embedded gcc/bin/../lib/gcc/riscv-none-embed/8.2.0/rv32imacxw/ilp32\libgcc.a(_udivdi3.o)
                              ./Peripheral/src/ch32v20x_usart.o (__udivdi3)
d:/utils/mounriver/mounriver_studio2/resources/app/resources/win32/components/wch/toolchain/risc-v embedded gcc/bin/../lib/gcc/riscv-none-embed/8.2.0/rv32imacxw/ilp32\libgcc.a(save-restore.o)
                              ./FreeRTOS/timers.o (__riscv_save_10)
d:/utils/mounriver/mounriver_studio2/resources/app/resources/win32/components/wch/toolchain/risc-v embedded gcc/bin/../lib/gcc/riscv-none-embed/8.2.0/rv32imacxw/ilp32\libgcc.a(_clz.o)
                              d:/utils/mounriver/mounriver_studio2/resources/app/resources/win32/components/wch/toolchain/risc-v embedded gcc/bin/../lib/gcc/riscv-none-embed/8.2.0/rv32imacxw/ilp32\libgcc.a(_divdi3.o) (__clz_tab)
d:/utils/mounriver/mounriver_studio2/resources/app/resources/win32/components/wch/toolchain/risc-v embedded gcc/bin/../lib/gcc/riscv-none-embed/8.2.0/../../../../riscv-none-embed/lib/rv32imacxw/ilp32\libg_nano.a(lib_a-memcpy.o)
                              ./FreeRTOS/queue.o (memcpy)
d:/utils/mounriver/mounriver_studio2/resources/app/resources/win32/components/wch/toolchain/risc-v embedded gcc/bin/../lib/gcc/riscv-none-embed/8.2.0/../../../../riscv-none-embed/lib/rv32imacxw/ilp32\libg_nano.a(lib_a-memset.o)
                              ./FreeRTOS/stream_buffer.o (memset)
d:/utils/mounriver/mounriver_studio2/resources/app/resources/win32/components/wch/toolchain/risc-v embedded gcc/bin/../lib/gcc/riscv-none-embed/8.2.0/../../../../riscv-none-embed/lib/rv32imacxw/ilp32\libg_nano.a(lib_a-printf.o)
                              ./FreeRTOS/portable/MemMang/heap_4.o (printf)
d:/utils/mounriver/mounriver_studio2/resources/app/resources/win32/components/wch/toolchain/risc-v embedded gcc/bin/../lib/gcc/riscv-none-embed/8.2.0/../../../../riscv-none-embed/lib/rv32imacxw/ilp32\libg_nano.a(lib_a-puts.o)
                              ./main.o (puts)
d:/utils/mounriver/mounriver_studio2/resources/app/resources/win32/components/wch/toolchain/risc-v embedded gcc/bin/../lib/gcc/riscv-none-embed/8.2.0/../../../../riscv-none-embed/lib/rv32imacxw/ilp32\libg_nano.a(lib_a-strlen.o)
                              ./FreeRTOS/tasks.o (strlen)
d:/utils/mounriver/mounriver_studio2/resources/app/resources/win32/components/wch/toolchain/risc-v embedded gcc/bin/../lib/gcc/riscv-none-embed/8.2.0/../../../../riscv-none-embed/lib/rv32imacxw/ilp32\libg_nano.a(lib_a-wbuf.o)
                              d:/utils/mounriver/mounriver_studio2/resources/app/resources/win32/components/wch/toolchain/risc-v embedded gcc/bin/../lib/gcc/riscv-none-embed/8.2.0/../../../../riscv-none-embed/lib/rv32imacxw/ilp32\libg_nano.a(lib_a-puts.o) (__swbuf_r)
d:/utils/mounriver/mounriver_studio2/resources/app/resources/win32/components/wch/toolchain/risc-v embedded gcc/bin/../lib/gcc/riscv-none-embed/8.2.0/../../../../riscv-none-embed/lib/rv32imacxw/ilp32\libg_nano.a(lib_a-wsetup.o)
                              d:/utils/mounriver/mounriver_studio2/resources/app/resources/win32/components/wch/toolchain/risc-v embedded gcc/bin/../lib/gcc/riscv-none-embed/8.2.0/../../../../riscv-none-embed/lib/rv32imacxw/ilp32\libg_nano.a(lib_a-puts.o) (__swsetup_r)
d:/utils/mounriver/mounriver_studio2/resources/app/resources/win32/components/wch/toolchain/risc-v embedded gcc/bin/../lib/gcc/riscv-none-embed/8.2.0/../../../../riscv-none-embed/lib/rv32imacxw/ilp32\libg_nano.a(lib_a-fflush.o)
                              d:/utils/mounriver/mounriver_studio2/resources/app/resources/win32/components/wch/toolchain/risc-v embedded gcc/bin/../lib/gcc/riscv-none-embed/8.2.0/../../../../riscv-none-embed/lib/rv32imacxw/ilp32\libg_nano.a(lib_a-wbuf.o) (_fflush_r)
d:/utils/mounriver/mounriver_studio2/resources/app/resources/win32/components/wch/toolchain/risc-v embedded gcc/bin/../lib/gcc/riscv-none-embed/8.2.0/../../../../riscv-none-embed/lib/rv32imacxw/ilp32\libg_nano.a(lib_a-findfp.o)
                              d:/utils/mounriver/mounriver_studio2/resources/app/resources/win32/components/wch/toolchain/risc-v embedded gcc/bin/../lib/gcc/riscv-none-embed/8.2.0/../../../../riscv-none-embed/lib/rv32imacxw/ilp32\libg_nano.a(lib_a-printf.o) (__sinit)
[...]
Memory Configuration

Name             Origin             Length             Attributes
FLASH            0x0000000000000000 0x0000000000010000 xr
RAM              0x0000000020000000 0x0000000000005000 xrw
*default*        0x0000000000000000 0xffffffffffffffff

Linker script and memory map

LOAD ./User/Utils/TimerUtil.o
LOAD ./User/ch32v20x_it.o
LOAD ./User/system_ch32v20x.o
LOAD ./Startup/startup_ch32v20x_D6.o
LOAD ./Peripheral/src/ch32v20x_adc.o
LOAD ./Peripheral/src/ch32v20x_bkp.o
LOAD ./Peripheral/src/ch32v20x_can.o
LOAD ./Peripheral/src/ch32v20x_crc.o
LOAD ./Peripheral/src/ch32v20x_dbgmcu.o
LOAD ./Peripheral/src/ch32v20x_dma.o
LOAD ./Peripheral/src/ch32v20x_exti.o
LOAD ./Peripheral/src/ch32v20x_flash.o
LOAD ./Peripheral/src/ch32v20x_gpio.o
LOAD ./Peripheral/src/ch32v20x_i2c.o
LOAD ./Peripheral/src/ch32v20x_iwdg.o
LOAD ./Peripheral/src/ch32v20x_misc.o
LOAD ./Peripheral/src/ch32v20x_opa.o
LOAD ./Peripheral/src/ch32v20x_pwr.o
LOAD ./Peripheral/src/ch32v20x_rcc.o
LOAD ./Peripheral/src/ch32v20x_rtc.o
LOAD ./Peripheral/src/ch32v20x_spi.o
LOAD ./Peripheral/src/ch32v20x_tim.o
LOAD ./Peripheral/src/ch32v20x_usart.o
LOAD ./Peripheral/src/ch32v20x_wwdg.o
LOAD ./FreeRTOS/portable/MemMang/heap_4.o
LOAD ./FreeRTOS/portable/GCC/RISC-V/port.o
LOAD ./FreeRTOS/portable/GCC/RISC-V/portASM.o
LOAD ./FreeRTOS/croutine.o
LOAD ./FreeRTOS/event_groups.o
LOAD ./FreeRTOS/list.o
LOAD ./FreeRTOS/queue.o
LOAD ./FreeRTOS/stream_buffer.o
LOAD ./FreeRTOS/tasks.o
LOAD ./FreeRTOS/timers.o
LOAD ./Debug/debug.o
LOAD ./Core/core_riscv.o
LOAD ./main.o
LOAD d:/utils/mounriver/mounriver_studio2/resources/app/resources/win32/components/wch/toolchain/risc-v embedded gcc/bin/../lib/gcc/riscv-none-embed/8.2.0/../../../../riscv-none-embed/lib/rv32imacxw/ilp32\libstdc++_nano.a
LOAD d:/utils/mounriver/mounriver_studio2/resources/app/resources/win32/components/wch/toolchain/risc-v embedded gcc/bin/../lib/gcc/riscv-none-embed/8.2.0/../../../../riscv-none-embed/lib/rv32imacxw/ilp32\libm.a
LOAD d:/utils/mounriver/mounriver_studio2/resources/app/resources/win32/components/wch/toolchain/risc-v embedded gcc/bin/../lib/gcc/riscv-none-embed/8.2.0/rv32imacxw/ilp32\libgcc.a
LOAD d:/utils/mounriver/mounriver_studio2/resources/app/resources/win32/components/wch/toolchain/risc-v embedded gcc/bin/../lib/gcc/riscv-none-embed/8.2.0/../../../../riscv-none-embed/lib/rv32imacxw/ilp32\libg_nano.a
LOAD d:/utils/mounriver/mounriver_studio2/resources/app/resources/win32/components/wch/toolchain/risc-v embedded gcc/bin/../lib/gcc/riscv-none-embed/8.2.0/../../../../riscv-none-embed/lib/rv32imacxw/ilp32\libc_nano.a
LOAD d:/utils/mounriver/mounriver_studio2/resources/app/resources/win32/components/wch/toolchain/risc-v embedded gcc/bin/../lib/gcc/riscv-none-embed/8.2.0/rv32imacxw/ilp32\libgcc.a
START GROUP
LOAD d:/utils/mounriver/mounriver_studio2/resources/app/resources/win32/components/wch/toolchain/risc-v embedded gcc/bin/../lib/gcc/riscv-none-embed/8.2.0/rv32imacxw/ilp32\libgcc.a
LOAD d:/utils/mounriver/mounriver_studio2/resources/app/resources/win32/components/wch/toolchain/risc-v embedded gcc/bin/../lib/gcc/riscv-none-embed/8.2.0/../../../../riscv-none-embed/lib/rv32imacxw/ilp32\libc_nano.a
LOAD d:/utils/mounriver/mounriver_studio2/resources/app/resources/win32/components/wch/toolchain/risc-v embedded gcc/bin/../lib/gcc/riscv-none-embed/8.2.0/../../../../riscv-none-embed/lib/rv32imacxw/ilp32\libnosys.a
END GROUP
START GROUP
LOAD d:/utils/mounriver/mounriver_studio2/resources/app/resources/win32/components/wch/toolchain/risc-v embedded gcc/bin/../lib/gcc/riscv-none-embed/8.2.0/rv32imacxw/ilp32\libgcc.a
LOAD d:/utils/mounriver/mounriver_studio2/resources/app/resources/win32/components/wch/toolchain/risc-v embedded gcc/bin/../lib/gcc/riscv-none-embed/8.2.0/../../../../riscv-none-embed/lib/rv32imacxw/ilp32\libc_nano.a
LOAD d:/utils/mounriver/mounriver_studio2/resources/app/resources/win32/components/wch/toolchain/risc-v embedded gcc/bin/../lib/gcc/riscv-none-embed/8.2.0/../../../../riscv-none-embed/lib/rv32imacxw/ilp32\libnosys.a
END GROUP
                0x0000000000000800                __stack_size = 0x800
                [!provide]                        PROVIDE (_stack_size = __stack_size)

.init           0x0000000000000000        0x4
                0x0000000000000000                _sinit = .
                0x0000000000000000                . = ALIGN (0x4)
 *(SORT_NONE(.init))
 .init          0x0000000000000000        0x4 ./Startup/startup_ch32v20x_D6.o
                0x0000000000000000                _start
                0x0000000000000004                . = ALIGN (0x4)
                0x0000000000000004                _einit = .

.vector         0x0000000000000004       0xfc
 *(.vector)
 .vector        0x0000000000000004       0xfc ./Startup/startup_ch32v20x_D6.o
                0x0000000000000100                . = ALIGN (0x40)

.text           0x0000000000000100     0x42c0
                0x0000000000000100                . = ALIGN (0x4)
 *(.text)
 .text          0x0000000000000100      0x2ee ./FreeRTOS/portable/GCC/RISC-V/portASM.o
                0x0000000000000100                SW_Handler
                0x0000000000000200                xPortStartFirstTask
                0x0000000000000300                pxPortInitialiseStack
 .text          0x00000000000003ee       0x60 d:/utils/mounriver/mounriver_studio2/resources/app/resources/win32/components/wch/toolchain/risc-v embedded gcc/bin/../lib/gcc/riscv-none-embed/8.2.0/rv32imacxw/ilp32\libgcc.a(save-restore.o)
                0x00000000000003ee                __riscv_save_12
                0x00000000000003f6                __riscv_save_9
                0x00000000000003f6                __riscv_save_11
                0x00000000000003f6                __riscv_save_10
                0x00000000000003f6                __riscv_save_8
                0x0000000000000404                __riscv_save_4
                0x0000000000000404                __riscv_save_6
                0x0000000000000404                __riscv_save_5
                0x0000000000000404                __riscv_save_7
                0x000000000000041e                __riscv_save_3
                0x000000000000041e                __riscv_save_2
                0x000000000000041e                __riscv_save_1
                0x000000000000041e                __riscv_save_0
                0x000000000000042a                __riscv_restore_12
                0x000000000000042e                __riscv_restore_11
                0x000000000000042e                __riscv_restore_9
                0x000000000000042e                __riscv_restore_10
                0x000000000000042e                __riscv_restore_8
                0x0000000000000438                __riscv_restore_5
                0x0000000000000438                __riscv_restore_7
                0x0000000000000438                __riscv_restore_6
                0x0000000000000438                __riscv_restore_4
                0x0000000000000442                __riscv_restore_3
                0x0000000000000442                __riscv_restore_0
                0x0000000000000442                __riscv_restore_2
                0x0000000000000442                __riscv_restore_1
 .text          0x000000000000044e       0xa8 d:/utils/mounriver/mounriver_studio2/resources/app/resources/win32/components/wch/toolchain/risc-v embedded gcc/bin/../lib/gcc/riscv-none-embed/8.2.0/../../../../riscv-none-embed/lib/rv32imacxw/ilp32\libg_nano.a(lib_a-memset.o)
                0x000000000000044e                memset
 *(.text.*)
 .text.NMI_Handler
                0x00000000000004f6        0x2 ./User/ch32v20x_it.o
                0x00000000000004f6                NMI_Handler
 .text.HardFault_Handler
                0x00000000000004f8       0x16 ./User/ch32v20x_it.o
                0x00000000000004f8                HardFault_Handler
 .text.SystemInit
                0x000000000000050e       0xfa ./User/system_ch32v20x.o
                0x000000000000050e                SystemInit
 .text.SystemCoreClockUpdate
                0x0000000000000608       0x8e ./User/system_ch32v20x.o
                0x0000000000000608                SystemCoreClockUpdate
 .text.vector_handler
                0x0000000000000696        0x2 ./Startup/startup_ch32v20x_D6.o
                0x0000000000000696                EXTI2_IRQHandler
                0x0000000000000696                TIM1_CC_IRQHandler
                0x0000000000000696                PVD_IRQHandler
                0x0000000000000696                EXTI3_IRQHandler
                0x0000000000000696                USBFS_IRQHandler
                0x0000000000000696                EXTI0_IRQHandler
                0x0000000000000696                I2C2_EV_IRQHandler
                0x0000000000000696                ADC1_2_IRQHandler
                0x0000000000000696                Break_Point_Handler
                0x0000000000000696                SPI1_IRQHandler
                0x0000000000000696                TAMPER_IRQHandler
                0x0000000000000696                Ecall_M_Mode_Handler
                0x0000000000000696                DMA1_Channel4_IRQHandler
                0x0000000000000696                USART3_IRQHandler
                0x0000000000000696                RTC_IRQHandler
                0x0000000000000696                DMA1_Channel7_IRQHandler
                0x0000000000000696                CAN1_RX1_IRQHandler
                0x0000000000000696                TIM4_IRQHandler
                0x0000000000000696                I2C1_EV_IRQHandler
                0x0000000000000696                DMA1_Channel6_IRQHandler
                0x0000000000000696                UART4_IRQHandler
                0x0000000000000696                TIM3_IRQHandler
                0x0000000000000696                RCC_IRQHandler
                0x0000000000000696                TIM1_TRG_COM_IRQHandler
                0x0000000000000696                DMA1_Channel1_IRQHandler
                0x0000000000000696                EXTI15_10_IRQHandler
                0x0000000000000696                DMA1_Channel8_IRQHandler
                0x0000000000000696                EXTI9_5_IRQHandler
                0x0000000000000696                SPI2_IRQHandler
                0x0000000000000696                DMA1_Channel5_IRQHandler
                0x0000000000000696                EXTI4_IRQHandler
                0x0000000000000696                USB_LP_CAN1_RX0_IRQHandler
                0x0000000000000696                USB_HP_CAN1_TX_IRQHandler
                0x0000000000000696                DMA1_Channel3_IRQHandler
                0x0000000000000696                TIM1_UP_IRQHandler
                0x0000000000000696                WWDG_IRQHandler
                0x0000000000000696                Ecall_U_Mode_Handler
                0x0000000000000696                TIM2_IRQHandler
                0x0000000000000696                TIM1_BRK_IRQHandler
                0x0000000000000696                EXTI1_IRQHandler
                0x0000000000000696                RTCAlarm_IRQHandler
                0x0000000000000696                USART2_IRQHandler
                0x0000000000000696                I2C2_ER_IRQHandler
                0x0000000000000696                DMA1_Channel2_IRQHandler
                0x0000000000000696                CAN1_SCE_IRQHandler
                0x0000000000000696                FLASH_IRQHandler
                0x0000000000000696                USBFSWakeUp_IRQHandler
                0x0000000000000696                USART1_IRQHandler
                0x0000000000000696                I2C1_ER_IRQHandler
                0x0000000000000696                USBWakeUp_IRQHandler
 .text.handle_reset
                0x0000000000000698       0x92 ./Startup/startup_ch32v20x_D6.o
                0x0000000000000698                handle_reset
 .text.ADC_Init
                0x000000000000072a       0x5a ./Peripheral/src/ch32v20x_adc.o
                0x000000000000072a                ADC_Init
 .text.ADC_Cmd  0x0000000000000784       0x12 ./Peripheral/src/ch32v20x_adc.o
                0x0000000000000784                ADC_Cmd
 .text.ADC_RegularChannelConfig
                0x0000000000000796       0xbe ./Peripheral/src/ch32v20x_adc.o
                0x0000000000000796                ADC_RegularChannelConfig
 .text.ADC_GetFlagStatus
                0x0000000000000854        0xa ./Peripheral/src/ch32v20x_adc.o
                0x0000000000000854                ADC_GetFlagStatus
 .text.DBGMCU_GetCHIPID
                0x000000000000085e        0xa ./Peripheral/src/ch32v20x_dbgmcu.o
                0x000000000000085e                DBGMCU_GetCHIPID
 .text.GPIO_Init
                0x0000000000000868      0x110 ./Peripheral/src/ch32v20x_gpio.o
                0x0000000000000868                GPIO_Init
 .text.GPIO_WriteBit
                0x0000000000000978       0x20 ./Peripheral/src/ch32v20x_gpio.o
                0x0000000000000978                GPIO_WriteBit
 .text.NVIC_PriorityGroupConfig
                0x0000000000000998        0xa ./Peripheral/src/ch32v20x_misc.o
                0x0000000000000998                NVIC_PriorityGroupConfig
 .text.RCC_ADCCLKConfig
                0x00000000000009a2       0x12 ./Peripheral/src/ch32v20x_rcc.o
                0x00000000000009a2                RCC_ADCCLKConfig
 .text.RCC_GetClocksFreq
                0x00000000000009b4       0xc8 ./Peripheral/src/ch32v20x_rcc.o
                0x00000000000009b4                RCC_GetClocksFreq
 .text.RCC_APB2PeriphClockCmd
                0x0000000000000a7c       0x1e ./Peripheral/src/ch32v20x_rcc.o
                0x0000000000000a7c                RCC_APB2PeriphClockCmd
 .text.TIM_TimeBaseInit
                0x0000000000000a9a       0x7a ./Peripheral/src/ch32v20x_tim.o
                0x0000000000000a9a                TIM_TimeBaseInit
 .text.TIM_OC2Init
                0x0000000000000b14       0xb2 ./Peripheral/src/ch32v20x_tim.o
                0x0000000000000b14                TIM_OC2Init
 .text.TIM_Cmd  0x0000000000000bc6       0x1a ./Peripheral/src/ch32v20x_tim.o
                0x0000000000000bc6                TIM_Cmd
 .text.TIM_CtrlPWMOutputs
                0x0000000000000be0       0x1a ./Peripheral/src/ch32v20x_tim.o
                0x0000000000000be0                TIM_CtrlPWMOutputs
 .text.TIM_ARRPreloadConfig
                0x0000000000000bfa       0x1c ./Peripheral/src/ch32v20x_tim.o
                0x0000000000000bfa                TIM_ARRPreloadConfig
 .text.TIM_OC2PreloadConfig
                0x0000000000000c16       0x16 ./Peripheral/src/ch32v20x_tim.o
                0x0000000000000c16                TIM_OC2PreloadConfig
 .text.TIM_SetCompare2
                0x0000000000000c2c        0x4 ./Peripheral/src/ch32v20x_tim.o
                0x0000000000000c2c                TIM_SetCompare2
 .text.USART_Init
                0x0000000000000c30       0xae ./Peripheral/src/ch32v20x_usart.o
                0x0000000000000c30                USART_Init
 .text.USART_Cmd
                0x0000000000000cde       0x18 ./Peripheral/src/ch32v20x_usart.o
                0x0000000000000cde                USART_Cmd
 .text.USART_SendData
                0x0000000000000cf6        0x8 ./Peripheral/src/ch32v20x_usart.o
                0x0000000000000cf6                USART_SendData
 .text.USART_GetFlagStatus
                0x0000000000000cfe        0xa ./Peripheral/src/ch32v20x_usart.o
                0x0000000000000cfe                USART_GetFlagStatus
 .text.prvInsertBlockIntoFreeList
                0x0000000000000d08       0x50 ./FreeRTOS/portable/MemMang/heap_4.o
 .text.pvPortMalloc
                0x0000000000000d58      0x19e ./FreeRTOS/portable/MemMang/heap_4.o
                0x0000000000000d58                pvPortMalloc
 .text.vPortFree
                0x0000000000000ef6       0xa6 ./FreeRTOS/portable/MemMang/heap_4.o
                0x0000000000000ef6                vPortFree
 .text.vPortSetupTimerInterrupt
                0x0000000000000f9c       0x3e ./FreeRTOS/portable/GCC/RISC-V/port.o
                0x0000000000000f9c                vPortSetupTimerInterrupt
 .text.xPortStartScheduler
                0x0000000000000fda       0x8e ./FreeRTOS/portable/GCC/RISC-V/port.o
                0x0000000000000fda                xPortStartScheduler
 .text.SysTick_Handler
                0x0000000000001068       0x7c ./FreeRTOS/portable/GCC/RISC-V/port.o
                0x0000000000001068                SysTick_Handler
 .text.vPortEnterCritical
                0x00000000000010e4       0x16 ./FreeRTOS/portable/GCC/RISC-V/port.o
                0x00000000000010e4                vPortEnterCritical
 .text.vPortExitCritical
                0x00000000000010fa       0x42 ./FreeRTOS/portable/GCC/RISC-V/port.o
                0x00000000000010fa                vPortExitCritical
 .text.vListInitialise
                0x000000000000113c       0x14 ./FreeRTOS/list.o
                0x000000000000113c                vListInitialise
 .text.vListInitialiseItem
                0x0000000000001150        0x6 ./FreeRTOS/list.o
                0x0000000000001150                vListInitialiseItem
 .text.vListInsert
                0x0000000000001156       0x30 ./FreeRTOS/list.o
                0x0000000000001156                vListInsert
 .text.uxListRemove
                0x0000000000001186       0x2e ./FreeRTOS/list.o
                0x0000000000001186                uxListRemove
 .text.prvCopyDataFromQueue
                0x00000000000011b4       0x26 ./FreeRTOS/queue.o
 .text.prvUnlockQueue
                0x00000000000011da       0xa2 ./FreeRTOS/queue.o
 .text.xQueueGenericReset
                0x000000000000127c       0xb8 ./FreeRTOS/queue.o
                0x000000000000127c                xQueueGenericReset
 .text.xQueueGenericCreate
                0x0000000000001334       0x6a ./FreeRTOS/queue.o
                0x0000000000001334                xQueueGenericCreate
 .text.xQueueReceive
                0x000000000000139e      0x166 ./FreeRTOS/queue.o
                0x000000000000139e                xQueueReceive
 .text.vQueueAddToRegistry
                0x0000000000001504       0x94 ./FreeRTOS/queue.o
                0x0000000000001504                vQueueAddToRegistry
 .text.vQueueWaitForMessageRestricted
                0x0000000000001598       0x52 ./FreeRTOS/queue.o
                0x0000000000001598                vQueueWaitForMessageRestricted
 .text.prvIdleTask
                0x00000000000015ea       0x22 ./FreeRTOS/tasks.o
 .text.prvResetNextTaskUnblockTime.part.0
                0x000000000000160c       0x16 ./FreeRTOS/tasks.o
 .text.prvAddCurrentTaskToDelayedList
                0x0000000000001622       0x9e ./FreeRTOS/tasks.o
 .text.xTaskIncrementTick.part.4
                0x00000000000016c0      0x1be ./FreeRTOS/tasks.o
 .text.xTaskCreate
                0x000000000000187e      0x234 ./FreeRTOS/tasks.o
                0x000000000000187e                xTaskCreate
 .text.vTaskStartScheduler
                0x0000000000001ab2       0x98 ./FreeRTOS/tasks.o
                0x0000000000001ab2                vTaskStartScheduler
 .text.vTaskSuspendAll
                0x0000000000001b4a       0x10 ./FreeRTOS/tasks.o
                0x0000000000001b4a                vTaskSuspendAll
 .text.xTaskResumeAll
                0x0000000000001b5a      0x192 ./FreeRTOS/tasks.o
                0x0000000000001b5a                xTaskResumeAll
 .text.vTaskDelay
                0x0000000000001cec       0x60 ./FreeRTOS/tasks.o
                0x0000000000001cec                vTaskDelay
 .text.xTaskGetTickCount
                0x0000000000001d4c        0xa ./FreeRTOS/tasks.o
                0x0000000000001d4c                xTaskGetTickCount
 .text.xTaskIncrementTick
                0x0000000000001d56       0x28 ./FreeRTOS/tasks.o
                0x0000000000001d56                xTaskIncrementTick
 .text.vTaskSwitchContext
                0x0000000000001d7e       0x9a ./FreeRTOS/tasks.o
                0x0000000000001d7e                vTaskSwitchContext
 .text.vTaskPlaceOnEventList
                0x0000000000001e18       0x48 ./FreeRTOS/tasks.o
                0x0000000000001e18                vTaskPlaceOnEventList
 .text.vTaskPlaceOnEventListRestricted
                0x0000000000001e60       0x7c ./FreeRTOS/tasks.o
                0x0000000000001e60                vTaskPlaceOnEventListRestricted
 .text.xTaskRemoveFromEventList
                0x0000000000001edc      0x11c ./FreeRTOS/tasks.o
                0x0000000000001edc                xTaskRemoveFromEventList
 .text.vTaskInternalSetTimeOutState
                0x0000000000001ff8       0x16 ./FreeRTOS/tasks.o
                0x0000000000001ff8                vTaskInternalSetTimeOutState
 .text.xTaskCheckForTimeOut
                0x000000000000200e       0xc2 ./FreeRTOS/tasks.o
                0x000000000000200e                xTaskCheckForTimeOut
 .text.vTaskMissedYield
                0x00000000000020d0        0xc ./FreeRTOS/tasks.o
                0x00000000000020d0                vTaskMissedYield
 .text.xTaskGetSchedulerState
                0x00000000000020dc       0x1c ./FreeRTOS/tasks.o
                0x00000000000020dc                xTaskGetSchedulerState
 .text.prvCheckForValidListAndQueue
                0x00000000000020f8       0x68 ./FreeRTOS/timers.o
 .text.prvInsertTimerInActiveList
                0x0000000000002160       0x52 ./FreeRTOS/timers.o
 .text.prvReloadTimer
                0x00000000000021b2       0x28 ./FreeRTOS/timers.o
 .text.prvProcessExpiredTimer
                0x00000000000021da       0x48 ./FreeRTOS/timers.o
 .text.prvSwitchTimerLists
                0x0000000000002222       0x32 ./FreeRTOS/timers.o
 .text.prvTimerTask
                0x0000000000002254      0x19e ./FreeRTOS/timers.o
 .text.xTimerCreateTimerTask
                0x00000000000023f2       0x5e ./FreeRTOS/timers.o
                0x00000000000023f2                xTimerCreateTimerTask
 .text.Delay_Init
                0x0000000000002450       0x32 ./Debug/debug.o
                0x0000000000002450                Delay_Init
 .text.USART_Printf_Init
                0x0000000000002482       0x5a ./Debug/debug.o
                0x0000000000002482                USART_Printf_Init
 .text._write   0x00000000000024dc       0x3e ./Debug/debug.o
                0x00000000000024dc                _write
 .text._sbrk    0x000000000000251a       0x2c ./Debug/debug.o
                0x000000000000251a                _sbrk
 .text._ZN11GpioManagerL7AddGpioERK4Gpio
                0x0000000000002546       0x38 ./main.o
 .text._ZN8RUpWheel4TaskEPS_
                0x000000000000257e       0x40 ./main.o
                0x000000000000257e                RUpWheel::Task(RUpWheel*)
 .text._ZN3LED4TaskEPS_
                0x00000000000025be       0x32 ./main.o
                0x00000000000025be                LED::Task(LED*)
 .text._ZN8TouchKey4TaskEPS_
                0x00000000000025f0       0x6c ./main.o
                0x00000000000025f0                TouchKey::Task(TouchKey*)
 .text._ZN8TouchKey6oninitEPS_
                0x000000000000265c       0x44 ./main.o
                0x000000000000265c                TouchKey::oninit(TouchKey*)
 .text._ZN8RUpWheel4initEPS_
                0x00000000000026a0       0x5a ./main.o
                0x00000000000026a0                RUpWheel::init(RUpWheel*)
 .text._ZN11GpioManager7IoClockEPvb
                0x00000000000026fa       0x4a ./main.o
                0x00000000000026fa                GpioManager::IoClock(void*, bool)
 .text.startup.main
                0x0000000000002744      0x2b6 ./main.o
                0x0000000000002744                main
 .text.__cxa_guard_acquire
                0x00000000000029fa       0x16 d:/utils/mounriver/mounriver_studio2/resources/app/resources/win32/components/wch/toolchain/risc-v embedded gcc/bin/../lib/gcc/riscv-none-embed/8.2.0/../../../../riscv-none-embed/lib/rv32imacxw/ilp32\libstdc++_nano.a(guard.o)
                0x00000000000029fa                __cxa_guard_acquire
 .text.__cxa_guard_release
                0x0000000000002a10        0xa d:/utils/mounriver/mounriver_studio2/resources/app/resources/win32/components/wch/toolchain/risc-v embedded gcc/bin/../lib/gcc/riscv-none-embed/8.2.0/../../../../riscv-none-embed/lib/rv32imacxw/ilp32\libstdc++_nano.a(guard.o)
                0x0000000000002a10                __cxa_guard_release
 .text.__udivdi3
                0x0000000000002a1a      0x392 d:/utils/mounriver/mounriver_studio2/resources/app/resources/win32/components/wch/toolchain/risc-v embedded gcc/bin/../lib/gcc/riscv-none-embed/8.2.0/rv32imacxw/ilp32\libgcc.a(_udivdi3.o)
                0x0000000000002a1a                __udivdi3
 .text.memcpy   0x0000000000002dac       0xb2 d:/utils/mounriver/mounriver_studio2/resources/app/resources/win32/components/wch/toolchain/risc-v embedded gcc/bin/../lib/gcc/riscv-none-embed/8.2.0/../../../../riscv-none-embed/lib/rv32imacxw/ilp32\libg_nano.a(lib_a-memcpy.o)
                0x0000000000002dac                memcpy
 .text.printf   0x0000000000002e5e       0x40 d:/utils/mounriver/mounriver_studio2/resources/app/resources/win32/components/wch/toolchain/risc-v embedded gcc/bin/../lib/gcc/riscv-none-embed/8.2.0/../../../../riscv-none-embed/lib/rv32imacxw/ilp32\libg_nano.a(lib_a-printf.o)
                0x0000000000002e5e                iprintf
                0x0000000000002e5e                printf
 .text._puts_r  0x0000000000002e9e       0xd4 d:/utils/mounriver/mounriver_studio2/resources/app/resources/win32/components/wch/toolchain/risc-v embedded gcc/bin/../lib/gcc/riscv-none-embed/8.2.0/../../../../riscv-none-embed/lib/rv32imacxw/ilp32\libg_nano.a(lib_a-puts.o)
                0x0000000000002e9e                _puts_r
 .text.puts     0x0000000000002f72        0xa d:/utils/mounriver/mounriver_studio2/resources/app/resources/win32/components/wch/toolchain/risc-v embedded gcc/bin/../lib/gcc/riscv-none-embed/8.2.0/../../../../riscv-none-embed/lib/rv32imacxw/ilp32\libg_nano.a(lib_a-puts.o)
                0x0000000000002f72                puts
 .text.__swbuf_r
                0x0000000000002f7c       0xbc d:/utils/mounriver/mounriver_studio2/resources/app/resources/win32/components/wch/toolchain/risc-v embedded gcc/bin/../lib/gcc/riscv-none-embed/8.2.0/../../../../riscv-none-embed/lib/rv32imacxw/ilp32\libg_nano.a(lib_a-wbuf.o)
                0x0000000000002f7c                __swbuf_r
 .text.__swsetup_r
                0x0000000000003038       0xfc d:/utils/mounriver/mounriver_studio2/resources/app/resources/win32/components/wch/toolchain/risc-v embedded gcc/bin/../lib/gcc/riscv-none-embed/8.2.0/../../../../riscv-none-embed/lib/rv32imacxw/ilp32\libg_nano.a(lib_a-wsetup.o)
                0x0000000000003038                __swsetup_r
 .text.__sflush_r
                0x0000000000003134      0x130 d:/utils/mounriver/mounriver_studio2/resources/app/resources/win32/components/wch/toolchain/risc-v embedded gcc/bin/../lib/gcc/riscv-none-embed/8.2.0/../../../../riscv-none-embed/lib/rv32imacxw/ilp32\libg_nano.a(lib_a-fflush.o)
                0x0000000000003134                __sflush_r
 .text._fflush_r
                0x0000000000003264       0x64 d:/utils/mounriver/mounriver_studio2/resources/app/resources/win32/components/wch/toolchain/risc-v embedded gcc/bin/../lib/gcc/riscv-none-embed/8.2.0/../../../../riscv-none-embed/lib/rv32imacxw/ilp32\libg_nano.a(lib_a-fflush.o)
                0x0000000000003264                _fflush_r
 .text.std      0x00000000000032c8       0x66 d:/utils/mounriver/mounriver_studio2/resources/app/resources/win32/components/wch/toolchain/risc-v embedded gcc/bin/../lib/gcc/riscv-none-embed/8.2.0/../../../../riscv-none-embed/lib/rv32imacxw/ilp32\libg_nano.a(lib_a-findfp.o)
 .text._cleanup_r
                0x000000000000332e        0xa d:/utils/mounriver/mounriver_studio2/resources/app/resources/win32/components/wch/toolchain/risc-v embedded gcc/bin/../lib/gcc/riscv-none-embed/8.2.0/../../../../riscv-none-embed/lib/rv32imacxw/ilp32\libg_nano.a(lib_a-findfp.o)
                0x000000000000332e                _cleanup_r
 .text.__sfmoreglue
                0x0000000000003338       0x46 d:/utils/mounriver/mounriver_studio2/resources/app/resources/win32/components/wch/toolchain/risc-v embedded gcc/bin/../lib/gcc/riscv-none-embed/8.2.0/../../../../riscv-none-embed/lib/rv32imacxw/ilp32\libg_nano.a(lib_a-findfp.o)
                0x0000000000003338                __sfmoreglue
 .text.__sinit  0x000000000000337e       0x66 d:/utils/mounriver/mounriver_studio2/resources/app/resources/win32/components/wch/toolchain/risc-v embedded gcc/bin/../lib/gcc/riscv-none-embed/8.2.0/../../../../riscv-none-embed/lib/rv32imacxw/ilp32\libg_nano.a(lib_a-findfp.o)
                0x000000000000337e                __sinit
 .text.__sfp    0x00000000000033e4       0x9c d:/utils/mounriver/mounriver_studio2/resources/app/resources/win32/components/wch/toolchain/risc-v embedded gcc/bin/../lib/gcc/riscv-none-embed/8.2.0/../../../../riscv-none-embed/lib/rv32imacxw/ilp32\libg_nano.a(lib_a-findfp.o)
                0x00000000000033e4                __sfp
 .text._fwalk_reent
                0x0000000000003480       0x6a d:/utils/mounriver/mounriver_studio2/resources/app/resources/win32/components/wch/toolchain/risc-v embedded gcc/bin/../lib/gcc/riscv-none-embed/8.2.0/../../../../riscv-none-embed/lib/rv32imacxw/ilp32\libg_nano.a(lib_a-fwalk.o)
                0x0000000000003480                _fwalk_reent
 .text.__swhatbuf_r
                0x00000000000034ea       0x58 d:/utils/mounriver/mounriver_studio2/resources/app/resources/win32/components/wch/toolchain/risc-v embedded gcc/bin/../lib/gcc/riscv-none-embed/8.2.0/../../../../riscv-none-embed/lib/rv32imacxw/ilp32\libg_nano.a(lib_a-makebuf.o)
                0x00000000000034ea                __swhatbuf_r
 .text.__smakebuf_r
                0x0000000000003542       0x90 d:/utils/mounriver/mounriver_studio2/resources/app/resources/win32/components/wch/toolchain/risc-v embedded gcc/bin/../lib/gcc/riscv-none-embed/8.2.0/../../../../riscv-none-embed/lib/rv32imacxw/ilp32\libg_nano.a(lib_a-makebuf.o)
                0x0000000000003542                __smakebuf_r
 .text._free_r  0x00000000000035d2       0xb0 d:/utils/mounriver/mounriver_studio2/resources/app/resources/win32/components/wch/toolchain/risc-v embedded gcc/bin/../lib/gcc/riscv-none-embed/8.2.0/../../../../riscv-none-embed/lib/rv32imacxw/ilp32\libg_nano.a(lib_a-nano-freer.o)
                0x00000000000035d2                _free_r
 .text._malloc_r
                0x0000000000003682       0xe4 d:/utils/mounriver/mounriver_studio2/resources/app/resources/win32/components/wch/toolchain/risc-v embedded gcc/bin/../lib/gcc/riscv-none-embed/8.2.0/../../../../riscv-none-embed/lib/rv32imacxw/ilp32\libg_nano.a(lib_a-nano-mallocr.o)
                0x0000000000003682                _malloc_r
 .text.__sfputc_r
                0x0000000000003766       0x28 d:/utils/mounriver/mounriver_studio2/resources/app/resources/win32/components/wch/toolchain/risc-v embedded gcc/bin/../lib/gcc/riscv-none-embed/8.2.0/../../../../riscv-none-embed/lib/rv32imacxw/ilp32\libg_nano.a(lib_a-nano-vfprintf.o)
 .text.__sfputs_r
                0x000000000000378e       0x40 d:/utils/mounriver/mounriver_studio2/resources/app/resources/win32/components/wch/toolchain/risc-v embedded gcc/bin/../lib/gcc/riscv-none-embed/8.2.0/../../../../riscv-none-embed/lib/rv32imacxw/ilp32\libg_nano.a(lib_a-nano-vfprintf.o)
                0x000000000000378e                __sfputs_r
 .text._vfprintf_r
                0x00000000000037ce      0x286 d:/utils/mounriver/mounriver_studio2/resources/app/resources/win32/components/wch/toolchain/risc-v embedded gcc/bin/../lib/gcc/riscv-none-embed/8.2.0/../../../../riscv-none-embed/lib/rv32imacxw/ilp32\libg_nano.a(lib_a-nano-vfprintf.o)
                0x00000000000037ce                _vfprintf_r
                0x00000000000037ce                _vfiprintf_r
 .text._printf_common
                0x0000000000003a54      0x10c d:/utils/mounriver/mounriver_studio2/resources/app/resources/win32/components/wch/toolchain/risc-v embedded gcc/bin/../lib/gcc/riscv-none-embed/8.2.0/../../../../riscv-none-embed/lib/rv32imacxw/ilp32\libg_nano.a(lib_a-nano-vfprintf_i.o)
                0x0000000000003a54                _printf_common
 .text._printf_i
                0x0000000000003b60      0x2a2 d:/utils/mounriver/mounriver_studio2/resources/app/resources/win32/components/wch/toolchain/risc-v embedded gcc/bin/../lib/gcc/riscv-none-embed/8.2.0/../../../../riscv-none-embed/lib/rv32imacxw/ilp32\libg_nano.a(lib_a-nano-vfprintf_i.o)
                0x0000000000003b60                _printf_i
 .text._sbrk_r  0x0000000000003e02       0x32 d:/utils/mounriver/mounriver_studio2/resources/app/resources/win32/components/wch/toolchain/risc-v embedded gcc/bin/../lib/gcc/riscv-none-embed/8.2.0/../../../../riscv-none-embed/lib/rv32imacxw/ilp32\libg_nano.a(lib_a-sbrkr.o)
                0x0000000000003e02                _sbrk_r
 .text.__sread  0x0000000000003e34       0x2c d:/utils/mounriver/mounriver_studio2/resources/app/resources/win32/components/wch/toolchain/risc-v embedded gcc/bin/../lib/gcc/riscv-none-embed/8.2.0/../../../../riscv-none-embed/lib/rv32imacxw/ilp32\libg_nano.a(lib_a-stdio.o)
                0x0000000000003e34                __sread
 .text.__swrite
                0x0000000000003e60       0x48 d:/utils/mounriver/mounriver_studio2/resources/app/resources/win32/components/wch/toolchain/risc-v embedded gcc/bin/../lib/gcc/riscv-none-embed/8.2.0/../../../../riscv-none-embed/lib/rv32imacxw/ilp32\libg_nano.a(lib_a-stdio.o)
                0x0000000000003e60                __swrite
 .text.__sseek  0x0000000000003ea8       0x30 d:/utils/mounriver/mounriver_studio2/resources/app/resources/win32/components/wch/toolchain/risc-v embedded gcc/bin/../lib/gcc/riscv-none-embed/8.2.0/../../../../riscv-none-embed/lib/rv32imacxw/ilp32\libg_nano.a(lib_a-stdio.o)
                0x0000000000003ea8                __sseek
 .text.__sclose
                0x0000000000003ed8        0x6 d:/utils/mounriver/mounriver_studio2/resources/app/resources/win32/components/wch/toolchain/risc-v embedded gcc/bin/../lib/gcc/riscv-none-embed/8.2.0/../../../../riscv-none-embed/lib/rv32imacxw/ilp32\libg_nano.a(lib_a-stdio.o)
                0x0000000000003ed8                __sclose
 .text._write_r
                0x0000000000003ede       0x36 d:/utils/mounriver/mounriver_studio2/resources/app/resources/win32/components/wch/toolchain/risc-v embedded gcc/bin/../lib/gcc/riscv-none-embed/8.2.0/../../../../riscv-none-embed/lib/rv32imacxw/ilp32\libg_nano.a(lib_a-writer.o)
                0x0000000000003ede                _write_r
 .text._close_r
                0x0000000000003f14       0x30 d:/utils/mounriver/mounriver_studio2/resources/app/resources/win32/components/wch/toolchain/risc-v embedded gcc/bin/../lib/gcc/riscv-none-embed/8.2.0/../../../../riscv-none-embed/lib/rv32imacxw/ilp32\libg_nano.a(lib_a-closer.o)
                0x0000000000003f14                _close_r
 .text._fstat_r
                0x0000000000003f44       0x32 d:/utils/mounriver/mounriver_studio2/resources/app/resources/win32/components/wch/toolchain/risc-v embedded gcc/bin/../lib/gcc/riscv-none-embed/8.2.0/../../../../riscv-none-embed/lib/rv32imacxw/ilp32\libg_nano.a(lib_a-fstatr.o)
                0x0000000000003f44                _fstat_r
 .text._isatty_r
                0x0000000000003f76       0x30 d:/utils/mounriver/mounriver_studio2/resources/app/resources/win32/components/wch/toolchain/risc-v embedded gcc/bin/../lib/gcc/riscv-none-embed/8.2.0/../../../../riscv-none-embed/lib/rv32imacxw/ilp32\libg_nano.a(lib_a-isattyr.o)
                0x0000000000003f76                _isatty_r
 .text._lseek_r
                0x0000000000003fa6       0x34 d:/utils/mounriver/mounriver_studio2/resources/app/resources/win32/components/wch/toolchain/risc-v embedded gcc/bin/../lib/gcc/riscv-none-embed/8.2.0/../../../../riscv-none-embed/lib/rv32imacxw/ilp32\libg_nano.a(lib_a-lseekr.o)
                0x0000000000003fa6                _lseek_r
 .text.memchr   0x0000000000003fda       0x18 d:/utils/mounriver/mounriver_studio2/resources/app/resources/win32/components/wch/toolchain/risc-v embedded gcc/bin/../lib/gcc/riscv-none-embed/8.2.0/../../../../riscv-none-embed/lib/rv32imacxw/ilp32\libg_nano.a(lib_a-memchr.o)
                0x0000000000003fda                memchr
 .text.__malloc_lock
                0x0000000000003ff2        0x2 d:/utils/mounriver/mounriver_studio2/resources/app/resources/win32/components/wch/toolchain/risc-v embedded gcc/bin/../lib/gcc/riscv-none-embed/8.2.0/../../../../riscv-none-embed/lib/rv32imacxw/ilp32\libg_nano.a(lib_a-mlock.o)
                0x0000000000003ff2                __malloc_lock
 .text.__malloc_unlock
                0x0000000000003ff4        0x2 d:/utils/mounriver/mounriver_studio2/resources/app/resources/win32/components/wch/toolchain/risc-v embedded gcc/bin/../lib/gcc/riscv-none-embed/8.2.0/../../../../riscv-none-embed/lib/rv32imacxw/ilp32\libg_nano.a(lib_a-mlock.o)
                0x0000000000003ff4                __malloc_unlock
 .text._read_r  0x0000000000003ff6       0x34 d:/utils/mounriver/mounriver_studio2/resources/app/resources/win32/components/wch/toolchain/risc-v embedded gcc/bin/../lib/gcc/riscv-none-embed/8.2.0/../../../../riscv-none-embed/lib/rv32imacxw/ilp32\libg_nano.a(lib_a-readr.o)
                0x0000000000003ff6                _read_r
 .text._close   0x000000000000402a       0x10 d:/utils/mounriver/mounriver_studio2/resources/app/resources/win32/components/wch/toolchain/risc-v embedded gcc/bin/../lib/gcc/riscv-none-embed/8.2.0/../../../../riscv-none-embed/lib/rv32imacxw/ilp32\libnosys.a(close.o)
                0x000000000000402a                _close
 .text._fstat   0x000000000000403a       0x10 d:/utils/mounriver/mounriver_studio2/resources/app/resources/win32/components/wch/toolchain/risc-v embedded gcc/bin/../lib/gcc/riscv-none-embed/8.2.0/../../../../riscv-none-embed/lib/rv32imacxw/ilp32\libnosys.a(fstat.o)
                0x000000000000403a                _fstat
 .text._isatty  0x000000000000404a       0x10 d:/utils/mounriver/mounriver_studio2/resources/app/resources/win32/components/wch/toolchain/risc-v embedded gcc/bin/../lib/gcc/riscv-none-embed/8.2.0/../../../../riscv-none-embed/lib/rv32imacxw/ilp32\libnosys.a(isatty.o)
                0x000000000000404a                _isatty
 .text._lseek   0x000000000000405a       0x10 d:/utils/mounriver/mounriver_studio2/resources/app/resources/win32/components/wch/toolchain/risc-v embedded gcc/bin/../lib/gcc/riscv-none-embed/8.2.0/../../../../riscv-none-embed/lib/rv32imacxw/ilp32\libnosys.a(lseek.o)
                0x000000000000405a                _lseek
 .text._read    0x000000000000406a       0x10 d:/utils/mounriver/mounriver_studio2/resources/app/resources/win32/components/wch/toolchain/risc-v embedded gcc/bin/../lib/gcc/riscv-none-embed/8.2.0/../../../../riscv-none-embed/lib/rv32imacxw/ilp32\libnosys.a(read.o)
                0x000000000000406a                _read
 *(.rodata)
 *(.rodata*)
 *fill*         0x000000000000407a        0x2 
 .rodata.pvPortMalloc.str1.4
                0x000000000000407c       0x49 ./FreeRTOS/portable/MemMang/heap_4.o
 *fill*         0x00000000000040c5        0x3 
 .rodata.xPortStartScheduler.str1.4
                0x00000000000040c8       0x27 ./FreeRTOS/portable/GCC/RISC-V/port.o
                                         0x49 (size before relaxing)
 *fill*         0x00000000000040ef        0x1 
 .rodata.xQueueGenericReset.str1.4
                0x00000000000040f0       0x14 ./FreeRTOS/queue.o
                                         0x35 (size before relaxing)
 .rodata.vTaskStartScheduler.str1.4
                0x0000000000004104        0x5 ./FreeRTOS/tasks.o
 *fill*         0x0000000000004109        0x3 
 .rodata.xTaskIncrementTick.part.4.str1.4
                0x000000000000410c       0x14 ./FreeRTOS/tasks.o
                                         0x35 (size before relaxing)
 .rodata.prvTimerTask
                0x0000000000004120       0x28 ./FreeRTOS/timers.o
 .rodata.prvCheckForValidListAndQueue.str1.4
                0x0000000000004148        0x5 ./FreeRTOS/timers.o
 *fill*         0x000000000000414d        0x3 
 .rodata.prvTimerTask.str1.4
                0x0000000000004150       0x15 ./FreeRTOS/timers.o
                                         0x39 (size before relaxing)
 *fill*         0x0000000000004165        0x3 
 .rodata.xTimerCreateTimerTask.str1.4
                0x0000000000004168        0x8 ./FreeRTOS/timers.o
 .rodata._ZN8RUpWheel4TaskEPS_.str1.4
                0x0000000000004170        0x5 ./main.o
 *fill*         0x0000000000004175        0x3 
 .rodata._ZN8TouchKey4TaskEPS_.str1.4
                0x0000000000004178       0x10 ./main.o
 .rodata.main.str1.4
                0x0000000000004188       0x9c ./main.o
 .rodata.__clz_tab
                0x0000000000004224      0x100 d:/utils/mounriver/mounriver_studio2/resources/app/resources/win32/components/wch/toolchain/risc-v embedded gcc/bin/../lib/gcc/riscv-none-embed/8.2.0/rv32imacxw/ilp32\libgcc.a(_clz.o)
                0x0000000000004224                __clz_tab
 .rodata.__sf_fake_stderr
                0x0000000000004324       0x20 d:/utils/mounriver/mounriver_studio2/resources/app/resources/win32/components/wch/toolchain/risc-v embedded gcc/bin/../lib/gcc/riscv-none-embed/8.2.0/../../../../riscv-none-embed/lib/rv32imacxw/ilp32\libg_nano.a(lib_a-findfp.o)
                0x0000000000004324                __sf_fake_stderr
 .rodata.__sf_fake_stdin
                0x0000000000004344       0x20 d:/utils/mounriver/mounriver_studio2/resources/app/resources/win32/components/wch/toolchain/risc-v embedded gcc/bin/../lib/gcc/riscv-none-embed/8.2.0/../../../../riscv-none-embed/lib/rv32imacxw/ilp32\libg_nano.a(lib_a-findfp.o)
                0x0000000000004344                __sf_fake_stdin
 .rodata.__sf_fake_stdout
                0x0000000000004364       0x20 d:/utils/mounriver/mounriver_studio2/resources/app/resources/win32/components/wch/toolchain/risc-v embedded gcc/bin/../lib/gcc/riscv-none-embed/8.2.0/../../../../riscv-none-embed/lib/rv32imacxw/ilp32\libg_nano.a(lib_a-findfp.o)
                0x0000000000004364                __sf_fake_stdout
 .rodata._vfprintf_r.str1.4
                0x0000000000004384       0x13 d:/utils/mounriver/mounriver_studio2/resources/app/resources/win32/components/wch/toolchain/risc-v embedded gcc/bin/../lib/gcc/riscv-none-embed/8.2.0/../../../../riscv-none-embed/lib/rv32imacxw/ilp32\libg_nano.a(lib_a-nano-vfprintf.o)
 *fill*         0x0000000000004397        0x1 
 .rodata._printf_i.str1.4
                0x0000000000004398       0x28 d:/utils/mounriver/mounriver_studio2/resources/app/resources/win32/components/wch/toolchain/risc-v embedded gcc/bin/../lib/gcc/riscv-none-embed/8.2.0/../../../../riscv-none-embed/lib/rv32imacxw/ilp32\libg_nano.a(lib_a-nano-vfprintf_i.o)
                                         0x25 (size before relaxing)
 *(.glue_7)
 *(.glue_7t)
 *(.gnu.linkonce.t.*)
                0x00000000000043c0                . = ALIGN (0x4)

.rela.dyn       0x00000000000043c0        0x0
 .rela.init     0x00000000000043c0        0x0 ./User/ch32v20x_it.o
 .rela.vector   0x00000000000043c0        0x0 ./User/ch32v20x_it.o
 .rela.text.handle_reset
                0x00000000000043c0        0x0 ./User/ch32v20x_it.o
 .rela.text.xPortStartScheduler
                0x00000000000043c0        0x0 ./User/ch32v20x_it.o
 .rela.sdata2.xISRStackTop
                0x00000000000043c0        0x0 ./User/ch32v20x_it.o
 .rela.text._sbrk
                0x00000000000043c0        0x0 ./User/ch32v20x_it.o
 .rela.sdata.curbrk.4672
                0x00000000000043c0        0x0 ./User/ch32v20x_it.o
 .rela.text.startup.main
                0x00000000000043c0        0x0 ./User/ch32v20x_it.o
 .rela.text._vfprintf_r
                0x00000000000043c0        0x0 ./User/ch32v20x_it.o
 .rela.text._sbrk_r
                0x00000000000043c0        0x0 ./User/ch32v20x_it.o
 .rela.text._write_r
                0x00000000000043c0        0x0 ./User/ch32v20x_it.o
 .rela.text._close_r
                0x00000000000043c0        0x0 ./User/ch32v20x_it.o
 .rela.text._fstat_r
                0x00000000000043c0        0x0 ./User/ch32v20x_it.o
 .rela.text._isatty_r
                0x00000000000043c0        0x0 ./User/ch32v20x_it.o
 .rela.text._lseek_r
                0x00000000000043c0        0x0 ./User/ch32v20x_it.o
 .rela.text._read_r
                0x00000000000043c0        0x0 ./User/ch32v20x_it.o
 .rela.text._close
                0x00000000000043c0        0x0 ./User/ch32v20x_it.o
 .rela.text._fstat
                0x00000000000043c0        0x0 ./User/ch32v20x_it.o
 .rela.text._isatty
                0x00000000000043c0        0x0 ./User/ch32v20x_it.o
 .rela.text._lseek
                0x00000000000043c0        0x0 ./User/ch32v20x_it.o
 .rela.text._read
                0x00000000000043c0        0x0 ./User/ch32v20x_it.o

.fini           0x00000000000043c0        0x0
 *(SORT_NONE(.fini))
                0x00000000000043c0                . = ALIGN (0x4)
                [!provide]                        PROVIDE (_etext = .)
                [!provide]                        PROVIDE (_eitcm = .)

.preinit_array  0x00000000000043c0        0x0
                [!provide]                        PROVIDE (__preinit_array_start = .)
 *(.preinit_array)
                [!provide]                        PROVIDE (__preinit_array_end = .)

.init_array     0x00000000000043c0        0x0
                [!provide]                        PROVIDE (__init_array_start = .)
 *(SORT_BY_INIT_PRIORITY(.init_array.*) SORT_BY_INIT_PRIORITY(.ctors.*))
 *(.init_array EXCLUDE_FILE(*crtend?.o *crtend.o *crtbegin?.o *crtbegin.o) .ctors)
                [!provide]                        PROVIDE (__init_array_end = .)

.fini_array     0x00000000000043c0        0x0
                [!provide]                        PROVIDE (__fini_array_start = .)
 *(SORT_BY_INIT_PRIORITY(.fini_array.*) SORT_BY_INIT_PRIORITY(.dtors.*))
 *(.fini_array EXCLUDE_FILE(*crtend?.o *crtend.o *crtbegin?.o *crtbegin.o) .dtors)
                [!provide]                        PROVIDE (__fini_array_end = .)

.ctors
 *crtbegin.o(.ctors)
 *crtbegin?.o(.ctors)
 *(EXCLUDE_FILE(*crtend?.o *crtend.o) .ctors)
 *(SORT_BY_NAME(.ctors.*))
 *(.ctors)

.dtors
 *crtbegin.o(.dtors)
 *crtbegin?.o(.dtors)
 *(EXCLUDE_FILE(*crtend?.o *crtend.o) .dtors)
 *(SORT_BY_NAME(.dtors.*))
 *(.dtors)

.dalign         0x0000000020000000        0x0 load address 0x00000000000043c0
                0x0000000020000000                . = ALIGN (0x4)
                0x0000000020000000                PROVIDE (_data_vma = .)

.dlalign        0x00000000000043c0        0x0
                0x00000000000043c0                . = ALIGN (0x4)
                0x00000000000043c0                PROVIDE (_data_lma = .)

.data           0x0000000020000000       0xa0 load address 0x00000000000043c0
 *(.gnu.linkonce.r.*)
 *(.data .data.*)
 .data.AHBPrescTable
                0x0000000020000000       0x10 ./User/system_ch32v20x.o
                0x0000000020000000                AHBPrescTable
 .data.APBAHBPrescTable
                0x0000000020000010       0x10 ./Peripheral/src/ch32v20x_rcc.o
 .data.impure_data
                0x0000000020000020       0x60 d:/utils/mounriver/mounriver_studio2/resources/app/resources/win32/components/wch/toolchain/risc-v embedded gcc/bin/../lib/gcc/riscv-none-embed/8.2.0/../../../../riscv-none-embed/lib/rv32imacxw/ilp32\libg_nano.a(lib_a-impure.o)
 *(.gnu.linkonce.d.*)
                0x0000000020000080                . = ALIGN (0x8)
                0x0000000020000880                PROVIDE (__global_pointer$ = (. + 0x800))
 *(.sdata .sdata.*)
 .sdata.SystemCoreClock
                0x0000000020000080        0x4 ./User/system_ch32v20x.o
                0x0000000020000080                SystemCoreClock
 .sdata.ADCPrescTable
                0x0000000020000084        0x4 ./Peripheral/src/ch32v20x_rcc.o
 .sdata.uxCriticalNesting
                0x0000000020000088        0x4 ./FreeRTOS/portable/GCC/RISC-V/port.o
 .sdata.uxTopUsedPriority
                0x000000002000008c        0x4 ./FreeRTOS/tasks.o
                0x000000002000008c                uxTopUsedPriority
 .sdata.curbrk.4672
                0x0000000020000090        0x4 ./Debug/debug.o
 .sdata._impure_ptr
                0x0000000020000094        0x4 d:/utils/mounriver/mounriver_studio2/resources/app/resources/win32/components/wch/toolchain/risc-v embedded gcc/bin/../lib/gcc/riscv-none-embed/8.2.0/../../../../riscv-none-embed/lib/rv32imacxw/ilp32\libg_nano.a(lib_a-impure.o)
                0x0000000020000094                _impure_ptr
 *(.sdata2.*)
 .sdata2.xISRStackTop
                0x0000000020000098        0x4 ./FreeRTOS/portable/GCC/RISC-V/port.o
                0x0000000020000098                xISRStackTop
 .sdata2._global_impure_ptr
                0x000000002000009c        0x4 d:/utils/mounriver/mounriver_studio2/resources/app/resources/win32/components/wch/toolchain/risc-v embedded gcc/bin/../lib/gcc/riscv-none-embed/8.2.0/../../../../riscv-none-embed/lib/rv32imacxw/ilp32\libg_nano.a(lib_a-impure.o)
                0x000000002000009c                _global_impure_ptr
 *(.gnu.linkonce.s.*)
                0x00000000200000a0                . = ALIGN (0x8)
 *(.srodata.cst16)
 *(.srodata.cst8)
 *(.srodata.cst4)
 *(.srodata.cst2)
 *(.srodata .srodata.*)
                0x00000000200000a0                . = ALIGN (0x4)
                0x00000000200000a0                PROVIDE (_edata = .)

.bss            0x00000000200000a0     0x1b04 load address 0x0000000000004460
                0x00000000200000a0                . = ALIGN (0x4)
                0x00000000200000a0                PROVIDE (_sbss = .)
 *(.sbss*)
 .sbss.MCU_Version
                0x00000000200000a0        0x1 ./Peripheral/src/ch32v20x_gpio.o
                0x00000000200000a0                MCU_Version
 *fill*         0x00000000200000a1        0x3 
 .sbss.NVIC_Priority_Group
                0x00000000200000a4        0x4 ./Peripheral/src/ch32v20x_misc.o
                0x00000000200000a4                NVIC_Priority_Group
 .sbss.pxEnd    0x00000000200000a8        0x4 ./FreeRTOS/portable/MemMang/heap_4.o
 .sbss.xBlockAllocatedBit
                0x00000000200000ac        0x4 ./FreeRTOS/portable/MemMang/heap_4.o
 .sbss.xFreeBytesRemaining
                0x00000000200000b0        0x4 ./FreeRTOS/portable/MemMang/heap_4.o
 .sbss.xMinimumEverFreeBytesRemaining
                0x00000000200000b4        0x4 ./FreeRTOS/portable/MemMang/heap_4.o
 .sbss.xNumberOfSuccessfulAllocations
                0x00000000200000b8        0x4 ./FreeRTOS/portable/MemMang/heap_4.o
 .sbss.xNumberOfSuccessfulFrees
                0x00000000200000bc        0x4 ./FreeRTOS/portable/MemMang/heap_4.o
 .sbss.xStart   0x00000000200000c0        0x8 ./FreeRTOS/portable/MemMang/heap_4.o
 .sbss.pxCurrentTCB
                0x00000000200000c8        0x4 ./FreeRTOS/tasks.o
                0x00000000200000c8                pxCurrentTCB
 .sbss.pxDelayedTaskList
                0x00000000200000cc        0x4 ./FreeRTOS/tasks.o
 .sbss.pxOverflowDelayedTaskList
                0x00000000200000d0        0x4 ./FreeRTOS/tasks.o
 .sbss.uxCurrentNumberOfTasks
                0x00000000200000d4        0x4 ./FreeRTOS/tasks.o
 .sbss.uxSchedulerSuspended
                0x00000000200000d8        0x4 ./FreeRTOS/tasks.o
 .sbss.uxTaskNumber
                0x00000000200000dc        0x4 ./FreeRTOS/tasks.o
 .sbss.uxTopReadyPriority
                0x00000000200000e0        0x4 ./FreeRTOS/tasks.o
 .sbss.xIdleTaskHandle
                0x00000000200000e4        0x4 ./FreeRTOS/tasks.o
 .sbss.xNextTaskUnblockTime
                0x00000000200000e8        0x4 ./FreeRTOS/tasks.o
 .sbss.xNumOfOverflows
                0x00000000200000ec        0x4 ./FreeRTOS/tasks.o
 .sbss.xPendedTicks
                0x00000000200000f0        0x4 ./FreeRTOS/tasks.o
 .sbss.xSchedulerRunning
                0x00000000200000f4        0x4 ./FreeRTOS/tasks.o
 .sbss.xTickCount
                0x00000000200000f8        0x4 ./FreeRTOS/tasks.o
 .sbss.xYieldPending
                0x00000000200000fc        0x4 ./FreeRTOS/tasks.o
 .sbss.pxCurrentTimerList
                0x0000000020000100        0x4 ./FreeRTOS/timers.o
 .sbss.pxOverflowTimerList
                0x0000000020000104        0x4 ./FreeRTOS/timers.o
 .sbss.xLastTime.5719
                0x0000000020000108        0x4 ./FreeRTOS/timers.o
 .sbss.xTimerQueue
                0x000000002000010c        0x4 ./FreeRTOS/timers.o
 .sbss.xTimerTaskHandle
                0x0000000020000110        0x4 ./FreeRTOS/timers.o
 .sbss.p_ms     0x0000000020000114        0x2 ./Debug/debug.o
 .sbss.p_us     0x0000000020000116        0x1 ./Debug/debug.o
 *fill*         0x0000000020000117        0x1 
 .sbss._ZGVZN11GpioManagerL4InitEvE10g_RUpWheel
                0x0000000020000118        0x8 ./main.o
 .sbss._ZGVZN11GpioManagerL4InitEvE10g_TouchKey
                0x0000000020000120        0x8 ./main.o
 .sbss._ZGVZN11GpioManagerL4InitEvE5g_LED
                0x0000000020000128        0x8 ./main.o
 .sbss._ZN11GpioManagerL7m_countE
                0x0000000020000130        0x4 ./main.o
 .sbss.__malloc_free_list
                0x0000000020000134        0x4 d:/utils/mounriver/mounriver_studio2/resources/app/resources/win32/components/wch/toolchain/risc-v embedded gcc/bin/../lib/gcc/riscv-none-embed/8.2.0/../../../../riscv-none-embed/lib/rv32imacxw/ilp32\libg_nano.a(lib_a-nano-mallocr.o)
                0x0000000020000134                __malloc_free_list
 .sbss.__malloc_sbrk_start
                0x0000000020000138        0x4 d:/utils/mounriver/mounriver_studio2/resources/app/resources/win32/components/wch/toolchain/risc-v embedded gcc/bin/../lib/gcc/riscv-none-embed/8.2.0/../../../../riscv-none-embed/lib/rv32imacxw/ilp32\libg_nano.a(lib_a-nano-mallocr.o)
                0x0000000020000138                __malloc_sbrk_start
 *(.gnu.linkonce.sb.*)
 *(.bss*)
 .bss.ucHeap    0x000000002000013c     0x1800 ./FreeRTOS/portable/MemMang/heap_4.o
 .bss.xQueueRegistry
                0x000000002000193c       0x40 ./FreeRTOS/queue.o
                0x000000002000193c                xQueueRegistry
 .bss.pxReadyTasksLists
                0x000000002000197c       0xa0 ./FreeRTOS/tasks.o
 .bss.xDelayedTaskList1
                0x0000000020001a1c       0x14 ./FreeRTOS/tasks.o
 .bss.xDelayedTaskList2
                0x0000000020001a30       0x14 ./FreeRTOS/tasks.o
 .bss.xPendingReadyList
                0x0000000020001a44       0x14 ./FreeRTOS/tasks.o
 .bss.xSuspendedTaskList
                0x0000000020001a58       0x14 ./FreeRTOS/tasks.o
 .bss.xActiveTimerList1
                0x0000000020001a6c       0x14 ./FreeRTOS/timers.o
 .bss.xActiveTimerList2
                0x0000000020001a80       0x14 ./FreeRTOS/timers.o
 .bss._ZN11GpioManagerL6m_gpioE
                0x0000000020001a94       0x60 ./main.o
 .bss._ZZN11GpioManagerL4InitEvE10g_RUpWheel
                0x0000000020001af4       0x40 ./main.o
 .bss._ZZN11GpioManagerL4InitEvE10g_TouchKey
                0x0000000020001b34       0x4c ./main.o
 .bss._ZZN11GpioManagerL4InitEvE5g_LED
                0x0000000020001b80       0x20 ./main.o
 *(.gnu.linkonce.b.*)
 *(COMMON*)
 COMMON         0x0000000020001ba0        0x4 d:/utils/mounriver/mounriver_studio2/resources/app/resources/win32/components/wch/toolchain/risc-v embedded gcc/bin/../lib/gcc/riscv-none-embed/8.2.0/../../../../riscv-none-embed/lib/rv32imacxw/ilp32\libg_nano.a(lib_a-reent.o)
                0x0000000020001ba0                errno
                0x0000000020001ba4                . = ALIGN (0x4)
                0x0000000020001ba4                PROVIDE (_ebss = .)
                0x0000000020001ba4                PROVIDE (_end = _ebss)
                [!provide]                        PROVIDE (end = .)

.stack          0x0000000020004800      0x800
                0x0000000020004800                PROVIDE (_heap_end = .)
                0x0000000020004800                . = ALIGN (0x4)
                [!provide]                        PROVIDE (_susrstack = .)
                0x0000000020005000                . = (. + __stack_size)
 *fill*         0x0000000020004800      0x800 
                0x0000000020005000                PROVIDE (_eusrstack = .)
                0x0000000020005000                __freertos_irq_stack_top = .
OUTPUT(CH32V203Template.elf elf32-littleriscv)

.debug_info     0x0000000000000000    0x19388
 .debug_info    0x0000000000000000      0xbc0 ./User/ch32v20x_it.o
 .debug_info    0x0000000000000bc0      0xb89 ./User/system_ch32v20x.o
 .debug_info    0x0000000000001749       0x22 ./Startup/startup_ch32v20x_D6.o
 .debug_info    0x000000000000176b     0x1785 ./Peripheral/src/ch32v20x_adc.o
 .debug_info    0x0000000000002ef0      0xa94 ./Peripheral/src/ch32v20x_dbgmcu.o
 .debug_info    0x0000000000003984     0x1384 ./Peripheral/src/ch32v20x_gpio.o
 .debug_info    0x0000000000004d08      0xe90 ./Peripheral/src/ch32v20x_misc.o
 .debug_info    0x0000000000005b98     0x12db ./Peripheral/src/ch32v20x_rcc.o
 .debug_info    0x0000000000006e73     0x2e76 ./Peripheral/src/ch32v20x_tim.o
 .debug_info    0x0000000000009ce9     0x13a1 ./Peripheral/src/ch32v20x_usart.o
 .debug_info    0x000000000000b08a      0xe65 ./FreeRTOS/portable/MemMang/heap_4.o
 .debug_info    0x000000000000beef     0x1079 ./FreeRTOS/portable/GCC/RISC-V/port.o
 .debug_info    0x000000000000cf68       0x26 ./FreeRTOS/portable/GCC/RISC-V/portASM.o
 .debug_info    0x000000000000cf8e      0xb7c ./FreeRTOS/list.o
 .debug_info    0x000000000000db0a     0x301a ./FreeRTOS/queue.o
 .debug_info    0x0000000000010b24     0x37a6 ./FreeRTOS/tasks.o
 .debug_info    0x00000000000142ca     0x1ed8 ./FreeRTOS/timers.o
 .debug_info    0x00000000000161a2      0xf3a ./Debug/debug.o
 .debug_info    0x00000000000170dc     0x22ac ./main.o

.debug_abbrev   0x0000000000000000     0x3d21
 .debug_abbrev  0x0000000000000000      0x22c ./User/ch32v20x_it.o
 .debug_abbrev  0x000000000000022c      0x2c0 ./User/system_ch32v20x.o
 .debug_abbrev  0x00000000000004ec       0x12 ./Startup/startup_ch32v20x_D6.o
 .debug_abbrev  0x00000000000004fe      0x3e7 ./Peripheral/src/ch32v20x_adc.o
 .debug_abbrev  0x00000000000008e5      0x2f7 ./Peripheral/src/ch32v20x_dbgmcu.o
 .debug_abbrev  0x0000000000000bdc      0x34b ./Peripheral/src/ch32v20x_gpio.o
 .debug_abbrev  0x0000000000000f27      0x2e3 ./Peripheral/src/ch32v20x_misc.o
 .debug_abbrev  0x000000000000120a      0x3f7 ./Peripheral/src/ch32v20x_rcc.o
 .debug_abbrev  0x0000000000001601      0x414 ./Peripheral/src/ch32v20x_tim.o
 .debug_abbrev  0x0000000000001a15      0x323 ./Peripheral/src/ch32v20x_usart.o
 .debug_abbrev  0x0000000000001d38      0x35f ./FreeRTOS/portable/MemMang/heap_4.o
 .debug_abbrev  0x0000000000002097      0x3ad ./FreeRTOS/portable/GCC/RISC-V/port.o
 .debug_abbrev  0x0000000000002444       0x14 ./FreeRTOS/portable/GCC/RISC-V/portASM.o
 .debug_abbrev  0x0000000000002458      0x254 ./FreeRTOS/list.o
 .debug_abbrev  0x00000000000026ac      0x475 ./FreeRTOS/queue.o
 .debug_abbrev  0x0000000000002b21      0x561 ./FreeRTOS/tasks.o
 .debug_abbrev  0x0000000000003082      0x41b ./FreeRTOS/timers.o
 .debug_abbrev  0x000000000000349d      0x2f1 ./Debug/debug.o
 .debug_abbrev  0x000000000000378e      0x593 ./main.o

.debug_aranges  0x0000000000000000      0xca8
 .debug_aranges
                0x0000000000000000       0x28 ./User/ch32v20x_it.o
 .debug_aranges
                0x0000000000000028       0x28 ./User/system_ch32v20x.o
 .debug_aranges
                0x0000000000000050       0x30 ./Startup/startup_ch32v20x_D6.o
 .debug_aranges
                0x0000000000000080      0x150 ./Peripheral/src/ch32v20x_adc.o
 .debug_aranges
                0x00000000000001d0       0x48 ./Peripheral/src/ch32v20x_dbgmcu.o
 .debug_aranges
                0x0000000000000218       0xb0 ./Peripheral/src/ch32v20x_gpio.o
 .debug_aranges
                0x00000000000002c8       0x28 ./Peripheral/src/ch32v20x_misc.o
 .debug_aranges
                0x00000000000002f0      0x130 ./Peripheral/src/ch32v20x_rcc.o
 .debug_aranges
                0x0000000000000420      0x2c0 ./Peripheral/src/ch32v20x_tim.o
 .debug_aranges
                0x00000000000006e0       0xf0 ./Peripheral/src/ch32v20x_usart.o
 .debug_aranges
                0x00000000000007d0       0x50 ./FreeRTOS/portable/MemMang/heap_4.o
 .debug_aranges
                0x0000000000000820       0x58 ./FreeRTOS/portable/GCC/RISC-V/port.o
 .debug_aranges
                0x0000000000000878       0x20 ./FreeRTOS/portable/GCC/RISC-V/portASM.o
 .debug_aranges
                0x0000000000000898       0x40 ./FreeRTOS/list.o
 .debug_aranges
                0x00000000000008d8       0xe8 ./FreeRTOS/queue.o
 .debug_aranges
                0x00000000000009c0      0x198 ./FreeRTOS/tasks.o
 .debug_aranges
                0x0000000000000b58       0xa8 ./FreeRTOS/timers.o
 .debug_aranges
                0x0000000000000c00       0x50 ./Debug/debug.o
 .debug_aranges
                0x0000000000000c50       0x58 ./main.o

.debug_ranges   0x0000000000000000     0x1648
 .debug_ranges  0x0000000000000000       0x38 ./User/ch32v20x_it.o
 .debug_ranges  0x0000000000000038       0x38 ./User/system_ch32v20x.o
 .debug_ranges  0x0000000000000070       0x28 ./Startup/startup_ch32v20x_D6.o
 .debug_ranges  0x0000000000000098      0x140 ./Peripheral/src/ch32v20x_adc.o
 .debug_ranges  0x00000000000001d8       0x50 ./Peripheral/src/ch32v20x_dbgmcu.o
 .debug_ranges  0x0000000000000228       0xa0 ./Peripheral/src/ch32v20x_gpio.o
 .debug_ranges  0x00000000000002c8       0x48 ./Peripheral/src/ch32v20x_misc.o
 .debug_ranges  0x0000000000000310      0x170 ./Peripheral/src/ch32v20x_rcc.o
 .debug_ranges  0x0000000000000480      0x310 ./Peripheral/src/ch32v20x_tim.o
 .debug_ranges  0x0000000000000790       0xe0 ./Peripheral/src/ch32v20x_usart.o
 .debug_ranges  0x0000000000000870       0x58 ./FreeRTOS/portable/MemMang/heap_4.o
 .debug_ranges  0x00000000000008c8       0x68 ./FreeRTOS/portable/GCC/RISC-V/port.o
 .debug_ranges  0x0000000000000930       0x30 ./FreeRTOS/list.o
 .debug_ranges  0x0000000000000960      0x360 ./FreeRTOS/queue.o
 .debug_ranges  0x0000000000000cc0      0x678 ./FreeRTOS/tasks.o
 .debug_ranges  0x0000000000001338      0x170 ./FreeRTOS/timers.o
 .debug_ranges  0x00000000000014a8       0x58 ./Debug/debug.o
 .debug_ranges  0x0000000000001500      0x148 ./main.o

.debug_line     0x0000000000000000    0x17c52
 .debug_line    0x0000000000000000      0x356 ./User/ch32v20x_it.o
 .debug_line    0x0000000000000356      0x744 ./User/system_ch32v20x.o
 .debug_line    0x0000000000000a9a      0x121 ./Startup/startup_ch32v20x_D6.o
 .debug_line    0x0000000000000bbb     0x1c8a ./Peripheral/src/ch32v20x_adc.o
 .debug_line    0x0000000000002845      0x411 ./Peripheral/src/ch32v20x_dbgmcu.o
 .debug_line    0x0000000000002c56     0x17ce ./Peripheral/src/ch32v20x_gpio.o
 .debug_line    0x0000000000004424      0x47b ./Peripheral/src/ch32v20x_misc.o
 .debug_line    0x000000000000489f     0x1389 ./Peripheral/src/ch32v20x_rcc.o
 .debug_line    0x0000000000005c28     0x38a1 ./Peripheral/src/ch32v20x_tim.o
 .debug_line    0x00000000000094c9      0xf3b ./Peripheral/src/ch32v20x_usart.o
 .debug_line    0x000000000000a404      0xd85 ./FreeRTOS/portable/MemMang/heap_4.o
 .debug_line    0x000000000000b189      0x856 ./FreeRTOS/portable/GCC/RISC-V/port.o
 .debug_line    0x000000000000b9df      0x368 ./FreeRTOS/portable/GCC/RISC-V/portASM.o
 .debug_line    0x000000000000bd47      0x767 ./FreeRTOS/list.o
 .debug_line    0x000000000000c4ae     0x3756 ./FreeRTOS/queue.o
 .debug_line    0x000000000000fc04     0x53a4 ./FreeRTOS/tasks.o
 .debug_line    0x0000000000014fa8     0x15e7 ./FreeRTOS/timers.o
 .debug_line    0x000000000001658f      0x80f ./Debug/debug.o
 .debug_line    0x0000000000016d9e      0xeb4 ./main.o

.debug_str      0x0000000000000000     0x4a09
 .debug_str     0x0000000000000000      0x608 ./User/ch32v20x_it.o
                                        0x681 (size before relaxing)
 .debug_str     0x0000000000000608      0x116 ./User/system_ch32v20x.o
                                        0x6c8 (size before relaxing)
 .debug_str     0x000000000000071e       0x2d ./Startup/startup_ch32v20x_D6.o
                                         0x55 (size before relaxing)
 .debug_str     0x000000000000074b      0x5e4 ./Peripheral/src/ch32v20x_adc.o
                                        0xc13 (size before relaxing)
 .debug_str     0x0000000000000d2f       0x8f ./Peripheral/src/ch32v20x_dbgmcu.o
                                        0x642 (size before relaxing)
 .debug_str     0x0000000000000dbe      0x362 ./Peripheral/src/ch32v20x_gpio.o
                                        0x9b8 (size before relaxing)
 .debug_str     0x0000000000001120      0x41a ./Peripheral/src/ch32v20x_misc.o
                                        0xa7a (size before relaxing)
 .debug_str     0x000000000000153a      0x3cb ./Peripheral/src/ch32v20x_rcc.o
                                        0xaca (size before relaxing)
 .debug_str     0x0000000000001905      0xbad ./Peripheral/src/ch32v20x_tim.o
                                       0x12b5 (size before relaxing)
 .debug_str     0x00000000000024b2      0x3e7 ./Peripheral/src/ch32v20x_usart.o
                                        0xafa (size before relaxing)
 .debug_str     0x0000000000002899      0x32e ./FreeRTOS/portable/MemMang/heap_4.o
                                        0x8d0 (size before relaxing)
 .debug_str     0x0000000000002bc7      0x148 ./FreeRTOS/portable/GCC/RISC-V/port.o
                                        0xb13 (size before relaxing)
 .debug_str     0x0000000000002d0f       0x2a ./FreeRTOS/portable/GCC/RISC-V/portASM.o
                                         0x5e (size before relaxing)
 .debug_str     0x0000000000002d39      0x125 ./FreeRTOS/list.o
                                        0x6da (size before relaxing)
 .debug_str     0x0000000000002e5e      0x754 ./FreeRTOS/queue.o
                                       0x1266 (size before relaxing)
 .debug_str     0x00000000000035b2      0x9b4 ./FreeRTOS/tasks.o
                                       0x1721 (size before relaxing)
 .debug_str     0x0000000000003f66      0x424 ./FreeRTOS/timers.o
                                       0x1069 (size before relaxing)
 .debug_str     0x000000000000438a       0x9f ./Debug/debug.o
                                        0x90d (size before relaxing)
 .debug_str     0x0000000000004429      0x5e0 ./main.o
                                       0x1234 (size before relaxing)

.comment        0x0000000000000000       0x33
 .comment       0x0000000000000000       0x33 ./User/ch32v20x_it.o
                                         0x34 (size before relaxing)
 .comment       0x0000000000000033       0x34 ./User/system_ch32v20x.o
 .comment       0x0000000000000033       0x34 ./Peripheral/src/ch32v20x_adc.o
 .comment       0x0000000000000033       0x34 ./Peripheral/src/ch32v20x_dbgmcu.o
 .comment       0x0000000000000033       0x34 ./Peripheral/src/ch32v20x_gpio.o
 .comment       0x0000000000000033       0x34 ./Peripheral/src/ch32v20x_misc.o
 .comment       0x0000000000000033       0x34 ./Peripheral/src/ch32v20x_rcc.o
 .comment       0x0000000000000033       0x34 ./Peripheral/src/ch32v20x_tim.o
 .comment       0x0000000000000033       0x34 ./Peripheral/src/ch32v20x_usart.o
 .comment       0x0000000000000033       0x34 ./FreeRTOS/portable/MemMang/heap_4.o
 .comment       0x0000000000000033       0x34 ./FreeRTOS/portable/GCC/RISC-V/port.o
 .comment       0x0000000000000033       0x34 ./FreeRTOS/list.o
 .comment       0x0000000000000033       0x34 ./FreeRTOS/queue.o
 .comment       0x0000000000000033       0x34 ./FreeRTOS/tasks.o
 .comment       0x0000000000000033       0x34 ./FreeRTOS/timers.o
 .comment       0x0000000000000033       0x34 ./Debug/debug.o
 .comment       0x0000000000000033       0x34 ./main.o

.debug_frame    0x0000000000000000     0x28c8
 .debug_frame   0x0000000000000000       0x3c ./User/ch32v20x_it.o
 .debug_frame   0x000000000000003c       0x40 ./User/system_ch32v20x.o
 .debug_frame   0x000000000000007c      0x2b4 ./Peripheral/src/ch32v20x_adc.o
 .debug_frame   0x0000000000000330       0x70 ./Peripheral/src/ch32v20x_dbgmcu.o
 .debug_frame   0x00000000000003a0      0x1a4 ./Peripheral/src/ch32v20x_gpio.o
 .debug_frame   0x0000000000000544       0x30 ./Peripheral/src/ch32v20x_misc.o
 .debug_frame   0x0000000000000574      0x24c ./Peripheral/src/ch32v20x_rcc.o
 .debug_frame   0x00000000000007c0      0x5b0 ./Peripheral/src/ch32v20x_tim.o
 .debug_frame   0x0000000000000d70      0x200 ./Peripheral/src/ch32v20x_usart.o
 .debug_frame   0x0000000000000f70       0xc4 ./FreeRTOS/portable/MemMang/heap_4.o
 .debug_frame   0x0000000000001034       0xf4 ./FreeRTOS/portable/GCC/RISC-V/port.o
 .debug_frame   0x0000000000001128       0x60 ./FreeRTOS/list.o
 .debug_frame   0x0000000000001188      0x46c ./FreeRTOS/queue.o
 .debug_frame   0x00000000000015f4      0x664 ./FreeRTOS/tasks.o
 .debug_frame   0x0000000000001c58      0x280 ./FreeRTOS/timers.o
 .debug_frame   0x0000000000001ed8       0xbc ./Debug/debug.o
 .debug_frame   0x0000000000001f94       0x20 d:/utils/mounriver/mounriver_studio2/resources/app/resources/win32/components/wch/toolchain/risc-v embedded gcc/bin/../lib/gcc/riscv-none-embed/8.2.0/../../../../riscv-none-embed/lib/rv32imacxw/ilp32\libg_nano.a(lib_a-memcpy.o)
 .debug_frame   0x0000000000001fb4       0x54 d:/utils/mounriver/mounriver_studio2/resources/app/resources/win32/components/wch/toolchain/risc-v embedded gcc/bin/../lib/gcc/riscv-none-embed/8.2.0/../../../../riscv-none-embed/lib/rv32imacxw/ilp32\libg_nano.a(lib_a-printf.o)
 .debug_frame   0x0000000000002008       0x54 d:/utils/mounriver/mounriver_studio2/resources/app/resources/win32/components/wch/toolchain/risc-v embedded gcc/bin/../lib/gcc/riscv-none-embed/8.2.0/../../../../riscv-none-embed/lib/rv32imacxw/ilp32\libg_nano.a(lib_a-puts.o)
 .debug_frame   0x000000000000205c       0x50 d:/utils/mounriver/mounriver_studio2/resources/app/resources/win32/components/wch/toolchain/risc-v embedded gcc/bin/../lib/gcc/riscv-none-embed/8.2.0/../../../../riscv-none-embed/lib/rv32imacxw/ilp32\libg_nano.a(lib_a-wbuf.o)
 .debug_frame   0x00000000000020ac       0x3c d:/utils/mounriver/mounriver_studio2/resources/app/resources/win32/components/wch/toolchain/risc-v embedded gcc/bin/../lib/gcc/riscv-none-embed/8.2.0/../../../../riscv-none-embed/lib/rv32imacxw/ilp32\libg_nano.a(lib_a-wsetup.o)
 .debug_frame   0x00000000000020e8       0x7c d:/utils/mounriver/mounriver_studio2/resources/app/resources/win32/components/wch/toolchain/risc-v embedded gcc/bin/../lib/gcc/riscv-none-embed/8.2.0/../../../../riscv-none-embed/lib/rv32imacxw/ilp32\libg_nano.a(lib_a-fflush.o)
 .debug_frame   0x0000000000002164      0x148 d:/utils/mounriver/mounriver_studio2/resources/app/resources/win32/components/wch/toolchain/risc-v embedded gcc/bin/../lib/gcc/riscv-none-embed/8.2.0/../../../../riscv-none-embed/lib/rv32imacxw/ilp32\libg_nano.a(lib_a-findfp.o)
 .debug_frame   0x00000000000022ac       0x88 d:/utils/mounriver/mounriver_studio2/resources/app/resources/win32/components/wch/toolchain/risc-v embedded gcc/bin/../lib/gcc/riscv-none-embed/8.2.0/../../../../riscv-none-embed/lib/rv32imacxw/ilp32\libg_nano.a(lib_a-fwalk.o)
 .debug_frame   0x0000000000002334       0x64 d:/utils/mounriver/mounriver_studio2/resources/app/resources/win32/components/wch/toolchain/risc-v embedded gcc/bin/../lib/gcc/riscv-none-embed/8.2.0/../../../../riscv-none-embed/lib/rv32imacxw/ilp32\libg_nano.a(lib_a-makebuf.o)
 .debug_frame   0x0000000000002398       0x40 d:/utils/mounriver/mounriver_studio2/resources/app/resources/win32/components/wch/toolchain/risc-v embedded gcc/bin/../lib/gcc/riscv-none-embed/8.2.0/../../../../riscv-none-embed/lib/rv32imacxw/ilp32\libg_nano.a(lib_a-nano-freer.o)
 .debug_frame   0x00000000000023d8       0x40 d:/utils/mounriver/mounriver_studio2/resources/app/resources/win32/components/wch/toolchain/risc-v embedded gcc/bin/../lib/gcc/riscv-none-embed/8.2.0/../../../../riscv-none-embed/lib/rv32imacxw/ilp32\libg_nano.a(lib_a-nano-mallocr.o)
 .debug_frame   0x0000000000002418       0xd0 d:/utils/mounriver/mounriver_studio2/resources/app/resources/win32/components/wch/toolchain/risc-v embedded gcc/bin/../lib/gcc/riscv-none-embed/8.2.0/../../../../riscv-none-embed/lib/rv32imacxw/ilp32\libg_nano.a(lib_a-nano-vfprintf.o)
 .debug_frame   0x00000000000024e8       0x8c d:/utils/mounriver/mounriver_studio2/resources/app/resources/win32/components/wch/toolchain/risc-v embedded gcc/bin/../lib/gcc/riscv-none-embed/8.2.0/../../../../riscv-none-embed/lib/rv32imacxw/ilp32\libg_nano.a(lib_a-nano-vfprintf_i.o)
 .debug_frame   0x0000000000002574       0x30 d:/utils/mounriver/mounriver_studio2/resources/app/resources/win32/components/wch/toolchain/risc-v embedded gcc/bin/../lib/gcc/riscv-none-embed/8.2.0/../../../../riscv-none-embed/lib/rv32imacxw/ilp32\libg_nano.a(lib_a-sbrkr.o)
 .debug_frame   0x00000000000025a4       0xa4 d:/utils/mounriver/mounriver_studio2/resources/app/resources/win32/components/wch/toolchain/risc-v embedded gcc/bin/../lib/gcc/riscv-none-embed/8.2.0/../../../../riscv-none-embed/lib/rv32imacxw/ilp32\libg_nano.a(lib_a-stdio.o)
 .debug_frame   0x0000000000002648       0x30 d:/utils/mounriver/mounriver_studio2/resources/app/resources/win32/components/wch/toolchain/risc-v embedded gcc/bin/../lib/gcc/riscv-none-embed/8.2.0/../../../../riscv-none-embed/lib/rv32imacxw/ilp32\libg_nano.a(lib_a-writer.o)
 .debug_frame   0x0000000000002678       0x30 d:/utils/mounriver/mounriver_studio2/resources/app/resources/win32/components/wch/toolchain/risc-v embedded gcc/bin/../lib/gcc/riscv-none-embed/8.2.0/../../../../riscv-none-embed/lib/rv32imacxw/ilp32\libg_nano.a(lib_a-closer.o)
 .debug_frame   0x00000000000026a8       0x30 d:/utils/mounriver/mounriver_studio2/resources/app/resources/win32/components/wch/toolchain/risc-v embedded gcc/bin/../lib/gcc/riscv-none-embed/8.2.0/../../../../riscv-none-embed/lib/rv32imacxw/ilp32\libg_nano.a(lib_a-fstatr.o)
 .debug_frame   0x00000000000026d8       0x30 d:/utils/mounriver/mounriver_studio2/resources/app/resources/win32/components/wch/toolchain/risc-v embedded gcc/bin/../lib/gcc/riscv-none-embed/8.2.0/../../../../riscv-none-embed/lib/rv32imacxw/ilp32\libg_nano.a(lib_a-isattyr.o)
 .debug_frame   0x0000000000002708       0x30 d:/utils/mounriver/mounriver_studio2/resources/app/resources/win32/components/wch/toolchain/risc-v embedded gcc/bin/../lib/gcc/riscv-none-embed/8.2.0/../../../../riscv-none-embed/lib/rv32imacxw/ilp32\libg_nano.a(lib_a-lseekr.o)
 .debug_frame   0x0000000000002738       0x20 d:/utils/mounriver/mounriver_studio2/resources/app/resources/win32/components/wch/toolchain/risc-v embedded gcc/bin/../lib/gcc/riscv-none-embed/8.2.0/../../../../riscv-none-embed/lib/rv32imacxw/ilp32\libg_nano.a(lib_a-memchr.o)
 .debug_frame   0x0000000000002758       0x30 d:/utils/mounriver/mounriver_studio2/resources/app/resources/win32/components/wch/toolchain/risc-v embedded gcc/bin/../lib/gcc/riscv-none-embed/8.2.0/../../../../riscv-none-embed/lib/rv32imacxw/ilp32\libg_nano.a(lib_a-mlock.o)
 .debug_frame   0x0000000000002788       0x30 d:/utils/mounriver/mounriver_studio2/resources/app/resources/win32/components/wch/toolchain/risc-v embedded gcc/bin/../lib/gcc/riscv-none-embed/8.2.0/../../../../riscv-none-embed/lib/rv32imacxw/ilp32\libg_nano.a(lib_a-readr.o)
 .debug_frame   0x00000000000027b8       0x70 d:/utils/mounriver/mounriver_studio2/resources/app/resources/win32/components/wch/toolchain/risc-v embedded gcc/bin/../lib/gcc/riscv-none-embed/8.2.0/../../../../riscv-none-embed/lib/rv32imacxw/ilp32\libg_nano.a(lib_a-reent.o)
 .debug_frame   0x0000000000002828       0x20 d:/utils/mounriver/mounriver_studio2/resources/app/resources/win32/components/wch/toolchain/risc-v embedded gcc/bin/../lib/gcc/riscv-none-embed/8.2.0/../../../../riscv-none-embed/lib/rv32imacxw/ilp32\libnosys.a(close.o)
 .debug_frame   0x0000000000002848       0x20 d:/utils/mounriver/mounriver_studio2/resources/app/resources/win32/components/wch/toolchain/risc-v embedded gcc/bin/../lib/gcc/riscv-none-embed/8.2.0/../../../../riscv-none-embed/lib/rv32imacxw/ilp32\libnosys.a(fstat.o)
 .debug_frame   0x0000000000002868       0x20 d:/utils/mounriver/mounriver_studio2/resources/app/resources/win32/components/wch/toolchain/risc-v embedded gcc/bin/../lib/gcc/riscv-none-embed/8.2.0/../../../../riscv-none-embed/lib/rv32imacxw/ilp32\libnosys.a(isatty.o)
 .debug_frame   0x0000000000002888       0x20 d:/utils/mounriver/mounriver_studio2/resources/app/resources/win32/components/wch/toolchain/risc-v embedded gcc/bin/../lib/gcc/riscv-none-embed/8.2.0/../../../../riscv-none-embed/lib/rv32imacxw/ilp32\libnosys.a(lseek.o)
 .debug_frame   0x00000000000028a8       0x20 d:/utils/mounriver/mounriver_studio2/resources/app/resources/win32/components/wch/toolchain/risc-v embedded gcc/bin/../lib/gcc/riscv-none-embed/8.2.0/../../../../riscv-none-embed/lib/rv32imacxw/ilp32\libnosys.a(read.o)

.debug_loc      0x0000000000000000     0xa111
 .debug_loc     0x0000000000000000       0xdc ./User/system_ch32v20x.o
 .debug_loc     0x00000000000000dc      0xb11 ./Peripheral/src/ch32v20x_adc.o
 .debug_loc     0x0000000000000bed       0x58 ./Peripheral/src/ch32v20x_dbgmcu.o
 .debug_loc     0x0000000000000c45      0xab9 ./Peripheral/src/ch32v20x_gpio.o
 .debug_loc     0x00000000000016fe       0x7b ./Peripheral/src/ch32v20x_misc.o
 .debug_loc     0x0000000000001779      0x99e ./Peripheral/src/ch32v20x_rcc.o
 .debug_loc     0x0000000000002117     0x1e28 ./Peripheral/src/ch32v20x_tim.o
 .debug_loc     0x0000000000003f3f      0x721 ./Peripheral/src/ch32v20x_usart.o
 .debug_loc     0x0000000000004660      0x379 ./FreeRTOS/portable/MemMang/heap_4.o
 .debug_loc     0x00000000000049d9       0xad ./FreeRTOS/portable/GCC/RISC-V/port.o
 .debug_loc     0x0000000000004a86       0x58 ./FreeRTOS/list.o
 .debug_loc     0x0000000000004ade     0x1f3d ./FreeRTOS/queue.o
 .debug_loc     0x0000000000006a1b     0x2550 ./FreeRTOS/tasks.o
 .debug_loc     0x0000000000008f6b      0xcde ./FreeRTOS/timers.o
 .debug_loc     0x0000000000009c49      0x113 ./Debug/debug.o
 .debug_loc     0x0000000000009d5c      0x3b5 ./main.o

.stab           0x0000000000000000       0x84
 .stab          0x0000000000000000       0x24 d:/utils/mounriver/mounriver_studio2/resources/app/resources/win32/components/wch/toolchain/risc-v embedded gcc/bin/../lib/gcc/riscv-none-embed/8.2.0/../../../../riscv-none-embed/lib/rv32imacxw/ilp32\libnosys.a(close.o)
 .stab          0x0000000000000024       0x18 d:/utils/mounriver/mounriver_studio2/resources/app/resources/win32/components/wch/toolchain/risc-v embedded gcc/bin/../lib/gcc/riscv-none-embed/8.2.0/../../../../riscv-none-embed/lib/rv32imacxw/ilp32\libnosys.a(fstat.o)
                                         0x24 (size before relaxing)
 .stab          0x000000000000003c       0x18 d:/utils/mounriver/mounriver_studio2/resources/app/resources/win32/components/wch/toolchain/risc-v embedded gcc/bin/../lib/gcc/riscv-none-embed/8.2.0/../../../../riscv-none-embed/lib/rv32imacxw/ilp32\libnosys.a(isatty.o)
                                         0x24 (size before relaxing)
 .stab          0x0000000000000054       0x18 d:/utils/mounriver/mounriver_studio2/resources/app/resources/win32/components/wch/toolchain/risc-v embedded gcc/bin/../lib/gcc/riscv-none-embed/8.2.0/../../../../riscv-none-embed/lib/rv32imacxw/ilp32\libnosys.a(lseek.o)
                                         0x24 (size before relaxing)
 .stab          0x000000000000006c       0x18 d:/utils/mounriver/mounriver_studio2/resources/app/resources/win32/components/wch/toolchain/risc-v embedded gcc/bin/../lib/gcc/riscv-none-embed/8.2.0/../../../../riscv-none-embed/lib/rv32imacxw/ilp32\libnosys.a(read.o)
                                         0x24 (size before relaxing)

.stabstr        0x0000000000000000      0x117
 .stabstr       0x0000000000000000      0x117 d:/utils/mounriver/mounriver_studio2/resources/app/resources/win32/components/wch/toolchain/risc-v embedded gcc/bin/../lib/gcc/riscv-none-embed/8.2.0/../../../../riscv-none-embed/lib/rv32imacxw/ilp32\libnosys.a(close.o)
